Component: ARM Compiler 5.06 update 6 (build 750) Tool: armlink [4d35ed]

==============================================================================

Section Cross References

    startup_stm32h750xx.o(STACK) refers (Special) to heapauxi.o(.text) for __use_two_region_memory
    startup_stm32h750xx.o(HEAP) refers (Special) to heapauxi.o(.text) for __use_two_region_memory
    startup_stm32h750xx.o(RESET) refers (Special) to heapauxi.o(.text) for __use_two_region_memory
    startup_stm32h750xx.o(RESET) refers to startup_stm32h750xx.o(STACK) for __initial_sp
    startup_stm32h750xx.o(RESET) refers to startup_stm32h750xx.o(.text) for Reset_Handler
    startup_stm32h750xx.o(RESET) refers to stm32h7xx_it.o(i.NMI_Handler) for NMI_Handler
    startup_stm32h750xx.o(RESET) refers to context_rvds.o(.text) for HardFault_Handler
    startup_stm32h750xx.o(RESET) refers to stm32h7xx_it.o(i.BusFault_Handler) for BusFault_Handler
    startup_stm32h750xx.o(RESET) refers to stm32h7xx_it.o(i.UsageFault_Handler) for UsageFault_Handler
    startup_stm32h750xx.o(RESET) refers to stm32h7xx_it.o(i.DebugMon_Handler) for DebugMon_Handler
    startup_stm32h750xx.o(RESET) refers to board.o(i.SysTick_Handler) for SysTick_Handler
    startup_stm32h750xx.o(RESET) refers to stm32h7xx_it.o(i.DMA1_Stream0_IRQHandler) for DMA1_Stream0_IRQHandler
    startup_stm32h750xx.o(RESET) refers to stm32h7xx_it.o(i.USART1_IRQHandler) for USART1_IRQHandler
    startup_stm32h750xx.o(RESET) refers to uartfinshchario.o(i.USART3_IRQHandler) for USART3_IRQHandler
    startup_stm32h750xx.o(RESET) refers to stm32h7xx_it.o(i.DMA2_Stream0_IRQHandler) for DMA2_Stream0_IRQHandler
    startup_stm32h750xx.o(.text) refers (Special) to heapauxi.o(.text) for __use_two_region_memory
    startup_stm32h750xx.o(.text) refers to system_stm32h7xx.o(i.SystemInit) for SystemInit
    startup_stm32h750xx.o(.text) refers to __main.o(!!!main) for __main
    startup_stm32h750xx.o(.text) refers to startup_stm32h750xx.o(HEAP) for Heap_Mem
    startup_stm32h750xx.o(.text) refers to startup_stm32h750xx.o(STACK) for Stack_Mem
    main.o(i.SystemClock_Config) refers to rt_memclr_w.o(.text) for __aeabi_memclr4
    main.o(i.SystemClock_Config) refers to stm32h7xx_hal_pwr_ex.o(i.HAL_PWREx_ConfigSupply) for HAL_PWREx_ConfigSupply
    main.o(i.SystemClock_Config) refers to stm32h7xx_hal_rcc.o(i.HAL_RCC_OscConfig) for HAL_RCC_OscConfig
    main.o(i.SystemClock_Config) refers to stm32h7xx_hal_rcc.o(i.HAL_RCC_ClockConfig) for HAL_RCC_ClockConfig
    main.o(i.SystemClock_Config) refers to stm32h7xx_hal_rcc_ex.o(i.HAL_RCCEx_PeriphCLKConfig) for HAL_RCCEx_PeriphCLKConfig
    main.o(i.main) refers to thread.o(i.rt_thread_mdelay) for rt_thread_mdelay
    main.o(i.main) refers to stm32h7xx_hal_gpio.o(i.HAL_GPIO_TogglePin) for HAL_GPIO_TogglePin
    gpio.o(i.MX_GPIO_Init) refers to rt_memclr_w.o(.text) for __aeabi_memclr4
    gpio.o(i.MX_GPIO_Init) refers to stm32h7xx_hal_gpio.o(i.HAL_GPIO_WritePin) for HAL_GPIO_WritePin
    gpio.o(i.MX_GPIO_Init) refers to stm32h7xx_hal_gpio.o(i.HAL_GPIO_Init) for HAL_GPIO_Init
    dma.o(i.MX_DMA_Init) refers to stm32h7xx_hal_cortex.o(i.HAL_NVIC_SetPriority) for HAL_NVIC_SetPriority
    dma.o(i.MX_DMA_Init) refers to stm32h7xx_hal_cortex.o(i.HAL_NVIC_EnableIRQ) for HAL_NVIC_EnableIRQ
    i2c.o(i.HAL_I2C_MspDeInit) refers to stm32h7xx_hal_gpio.o(i.HAL_GPIO_DeInit) for HAL_GPIO_DeInit
    i2c.o(i.HAL_I2C_MspInit) refers to rt_memclr_w.o(.text) for __aeabi_memclr4
    i2c.o(i.HAL_I2C_MspInit) refers to stm32h7xx_hal_gpio.o(i.HAL_GPIO_Init) for HAL_GPIO_Init
    i2c.o(i.MX_I2C1_Init) refers to stm32h7xx_hal_i2c.o(i.HAL_I2C_Init) for HAL_I2C_Init
    i2c.o(i.MX_I2C1_Init) refers to main.o(i.Error_Handler) for Error_Handler
    i2c.o(i.MX_I2C1_Init) refers to stm32h7xx_hal_i2c_ex.o(i.HAL_I2CEx_ConfigAnalogFilter) for HAL_I2CEx_ConfigAnalogFilter
    i2c.o(i.MX_I2C1_Init) refers to stm32h7xx_hal_i2c_ex.o(i.HAL_I2CEx_ConfigDigitalFilter) for HAL_I2CEx_ConfigDigitalFilter
    i2c.o(i.MX_I2C1_Init) refers to i2c.o(.bss) for .bss
    tim.o(i.HAL_TIM_MspPostInit) refers to rt_memclr_w.o(.text) for __aeabi_memclr4
    tim.o(i.HAL_TIM_MspPostInit) refers to stm32h7xx_hal_gpio.o(i.HAL_GPIO_Init) for HAL_GPIO_Init
    tim.o(i.MX_TIM16_Init) refers to rt_memclr_w.o(.text) for __aeabi_memclr4
    tim.o(i.MX_TIM16_Init) refers to stm32h7xx_hal_tim.o(i.HAL_TIM_Base_Init) for HAL_TIM_Base_Init
    tim.o(i.MX_TIM16_Init) refers to main.o(i.Error_Handler) for Error_Handler
    tim.o(i.MX_TIM16_Init) refers to stm32h7xx_hal_tim.o(i.HAL_TIM_PWM_Init) for HAL_TIM_PWM_Init
    tim.o(i.MX_TIM16_Init) refers to stm32h7xx_hal_tim.o(i.HAL_TIM_PWM_ConfigChannel) for HAL_TIM_PWM_ConfigChannel
    tim.o(i.MX_TIM16_Init) refers to stm32h7xx_hal_tim_ex.o(i.HAL_TIMEx_ConfigBreakDeadTime) for HAL_TIMEx_ConfigBreakDeadTime
    tim.o(i.MX_TIM16_Init) refers to tim.o(i.HAL_TIM_MspPostInit) for HAL_TIM_MspPostInit
    tim.o(i.MX_TIM16_Init) refers to tim.o(.bss) for .bss
[...]
    __rt_lib_shutdown_user_alloc_1           0x08000329   Thumb Code     0  libshutdown2.o(.ARM.Collect$$libshutdown$$0000000C)
    __rt_entry                               0x0800032b   Thumb Code     0  __rtentry.o(.ARM.Collect$$rtentry$$00000000)
    __rt_entry_presh_1                       0x0800032b   Thumb Code     0  __rtentry2.o(.ARM.Collect$$rtentry$$00000002)
    __rt_entry_sh                            0x0800032b   Thumb Code     0  __rtentry4.o(.ARM.Collect$$rtentry$$00000004)
    __rt_entry_li                            0x08000331   Thumb Code     0  __rtentry2.o(.ARM.Collect$$rtentry$$0000000A)
    __rt_entry_postsh_1                      0x08000331   Thumb Code     0  __rtentry2.o(.ARM.Collect$$rtentry$$00000009)
    __rt_entry_main                          0x08000335   Thumb Code     0  __rtentry2.o(.ARM.Collect$$rtentry$$0000000D)
    __rt_entry_postli_1                      0x08000335   Thumb Code     0  __rtentry2.o(.ARM.Collect$$rtentry$$0000000C)
    __rt_exit                                0x0800033d   Thumb Code     0  rtexit.o(.ARM.Collect$$rtexit$$00000000)
    __rt_exit_ls                             0x0800033f   Thumb Code     0  rtexit2.o(.ARM.Collect$$rtexit$$00000003)
    __rt_exit_prels_1                        0x0800033f   Thumb Code     0  rtexit2.o(.ARM.Collect$$rtexit$$00000002)
    __rt_exit_exit                           0x08000343   Thumb Code     0  rtexit2.o(.ARM.Collect$$rtexit$$00000004)
    Reset_Handler                            0x08000349   Thumb Code     8  startup_stm32h750xx.o(.text)
    SVC_Handler                              0x0800035b   Thumb Code     2  startup_stm32h750xx.o(.text)
    ADC3_IRQHandler                          0x08000363   Thumb Code     0  startup_stm32h750xx.o(.text)
    ADC_IRQHandler                           0x08000363   Thumb Code     0  startup_stm32h750xx.o(.text)
    BDMA_Channel0_IRQHandler                 0x08000363   Thumb Code     0  startup_stm32h750xx.o(.text)
    BDMA_Channel1_IRQHandler                 0x08000363   Thumb Code     0  startup_stm32h750xx.o(.text)
    BDMA_Channel2_IRQHandler                 0x08000363   Thumb Code     0  startup_stm32h750xx.o(.text)
    BDMA_Channel3_IRQHandler                 0x08000363   Thumb Code     0  startup_stm32h750xx.o(.text)
    BDMA_Channel4_IRQHandler                 0x08000363   Thumb Code     0  startup_stm32h750xx.o(.text)
    BDMA_Channel5_IRQHandler                 0x08000363   Thumb Code     0  startup_stm32h750xx.o(.text)
    BDMA_Channel6_IRQHandler                 0x08000363   Thumb Code     0  startup_stm32h750xx.o(.text)
    BDMA_Channel7_IRQHandler                 0x08000363   Thumb Code     0  startup_stm32h750xx.o(.text)
    CEC_IRQHandler                           0x08000363   Thumb Code     0  startup_stm32h750xx.o(.text)
    COMP1_IRQHandler                         0x08000363   Thumb Code     0  startup_stm32h750xx.o(.text)
    CRS_IRQHandler                           0x08000363   Thumb Code     0  startup_stm32h750xx.o(.text)
    CRYP_IRQHandler                          0x08000363   Thumb Code     0  startup_stm32h750xx.o(.text)
    DCMI_IRQHandler                          0x08000363   Thumb Code     0  startup_stm32h750xx.o(.text)
    DFSDM1_FLT0_IRQHandler                   0x08000363   Thumb Code     0  startup_stm32h750xx.o(.text)
    DFSDM1_FLT1_IRQHandler                   0x08000363   Thumb Code     0  startup_stm32h750xx.o(.text)
    DFSDM1_FLT2_IRQHandler                   0x08000363   Thumb Code     0  startup_stm32h750xx.o(.text)
    DFSDM1_FLT3_IRQHandler                   0x08000363   Thumb Code     0  startup_stm32h750xx.o(.text)
    DMA1_Stream1_IRQHandler                  0x08000363   Thumb Code     0  startup_stm32h750xx.o(.text)
    DMA1_Stream2_IRQHandler                  0x08000363   Thumb Code     0  startup_stm32h750xx.o(.text)
    DMA1_Stream3_IRQHandler                  0x08000363   Thumb Code     0  startup_stm32h750xx.o(.text)
    DMA1_Stream4_IRQHandler                  0x08000363   Thumb Code     0  startup_stm32h750xx.o(.text)
    DMA1_Stream5_IRQHandler                  0x08000363   Thumb Code     0  startup_stm32h750xx.o(.text)
    DMA1_Stream6_IRQHandler                  0x08000363   Thumb Code     0  startup_stm32h750xx.o(.text)
    DMA1_Stream7_IRQHandler                  0x08000363   Thumb Code     0  startup_stm32h750xx.o(.text)
    DMA2D_IRQHandler                         0x08000363   Thumb Code     0  startup_stm32h750xx.o(.text)
    DMA2_Stream1_IRQHandler                  0x08000363   Thumb Code     0  startup_stm32h750xx.o(.text)
    DMA2_Stream2_IRQHandler                  0x08000363   Thumb Code     0  startup_stm32h750xx.o(.text)
    DMA2_Stream3_IRQHandler                  0x08000363   Thumb Code     0  startup_stm32h750xx.o(.text)
    DMA2_Stream4_IRQHandler                  0x08000363   Thumb Code     0  startup_stm32h750xx.o(.text)
    DMA2_Stream5_IRQHandler                  0x08000363   Thumb Code     0  startup_stm32h750xx.o(.text)
    DMA2_Stream6_IRQHandler                  0x08000363   Thumb Code     0  startup_stm32h750xx.o(.text)
    DMA2_Stream7_IRQHandler                  0x08000363   Thumb Code     0  startup_stm32h750xx.o(.text)
    DMAMUX1_OVR_IRQHandler                   0x08000363   Thumb Code     0  startup_stm32h750xx.o(.text)
    DMAMUX2_OVR_IRQHandler                   0x08000363   Thumb Code     0  startup_stm32h750xx.o(.text)
    ECC_IRQHandler                           0x08000363   Thumb Code     0  startup_stm32h750xx.o(.text)
    ETH_IRQHandler                           0x08000363   Thumb Code     0  startup_stm32h750xx.o(.text)
    ETH_WKUP_IRQHandler                      0x08000363   Thumb Code     0  startup_stm32h750xx.o(.text)
    EXTI0_IRQHandler                         0x08000363   Thumb Code     0  startup_stm32h750xx.o(.text)
    EXTI15_10_IRQHandler                     0x08000363   Thumb Code     0  startup_stm32h750xx.o(.text)
    EXTI1_IRQHandler                         0x08000363   Thumb Code     0  startup_stm32h750xx.o(.text)
    EXTI2_IRQHandler                         0x08000363   Thumb Code     0  startup_stm32h750xx.o(.text)
    EXTI3_IRQHandler                         0x08000363   Thumb Code     0  startup_stm32h750xx.o(.text)
    EXTI4_IRQHandler                         0x08000363   Thumb Code     0  startup_stm32h750xx.o(.text)
    EXTI9_5_IRQHandler                       0x08000363   Thumb Code     0  startup_stm32h750xx.o(.text)
    FDCAN1_IT0_IRQHandler                    0x08000363   Thumb Code     0  startup_stm32h750xx.o(.text)
    FDCAN1_IT1_IRQHandler                    0x08000363   Thumb Code     0  startup_stm32h750xx.o(.text)
    FDCAN2_IT0_IRQHandler                    0x08000363   Thumb Code     0  startup_stm32h750xx.o(.text)
    FDCAN2_IT1_IRQHandler                    0x08000363   Thumb Code     0  startup_stm32h750xx.o(.text)
    FDCAN_CAL_IRQHandler                     0x08000363   Thumb Code     0  startup_stm32h750xx.o(.text)
    FLASH_IRQHandler                         0x08000363   Thumb Code     0  startup_stm32h750xx.o(.text)
    FMC_IRQHandler                           0x08000363   Thumb Code     0  startup_stm32h750xx.o(.text)
    FPU_IRQHandler                           0x08000363   Thumb Code     0  startup_stm32h750xx.o(.text)
    HASH_RNG_IRQHandler                      0x08000363   Thumb Code     0  startup_stm32h750xx.o(.text)
    HRTIM1_FLT_IRQHandler                    0x08000363   Thumb Code     0  startup_stm32h750xx.o(.text)
    HRTIM1_Master_IRQHandler                 0x08000363   Thumb Code     0  startup_stm32h750xx.o(.text)
    HRTIM1_TIMA_IRQHandler                   0x08000363   Thumb Code     0  startup_stm32h750xx.o(.text)
    HRTIM1_TIMB_IRQHandler                   0x08000363   Thumb Code     0  startup_stm32h750xx.o(.text)
    HRTIM1_TIMC_IRQHandler                   0x08000363   Thumb Code     0  startup_stm32h750xx.o(.text)
    HRTIM1_TIMD_IRQHandler                   0x08000363   Thumb Code     0  startup_stm32h750xx.o(.text)
    HRTIM1_TIME_IRQHandler                   0x08000363   Thumb Code     0  startup_stm32h750xx.o(.text)
    HSEM1_IRQHandler                         0x08000363   Thumb Code     0  startup_stm32h750xx.o(.text)
    I2C1_ER_IRQHandler                       0x08000363   Thumb Code     0  startup_stm32h750xx.o(.text)
    I2C1_EV_IRQHandler                       0x08000363   Thumb Code     0  startup_stm32h750xx.o(.text)
    I2C2_ER_IRQHandler                       0x08000363   Thumb Code     0  startup_stm32h750xx.o(.text)
    I2C2_EV_IRQHandler                       0x08000363   Thumb Code     0  startup_stm32h750xx.o(.text)
    I2C3_ER_IRQHandler                       0x08000363   Thumb Code     0  startup_stm32h750xx.o(.text)
    I2C3_EV_IRQHandler                       0x08000363   Thumb Code     0  startup_stm32h750xx.o(.text)
    I2C4_ER_IRQHandler                       0x08000363   Thumb Code     0  startup_stm32h750xx.o(.text)
    I2C4_EV_IRQHandler                       0x08000363   Thumb Code     0  startup_stm32h750xx.o(.text)
    JPEG_IRQHandler                          0x08000363   Thumb Code     0  startup_stm32h750xx.o(.text)
    LPTIM1_IRQHandler                        0x08000363   Thumb Code     0  startup_stm32h750xx.o(.text)
    LPTIM2_IRQHandler                        0x08000363   Thumb Code     0  startup_stm32h750xx.o(.text)
    LPTIM3_IRQHandler                        0x08000363   Thumb Code     0  startup_stm32h750xx.o(.text)
    LPTIM4_IRQHandler                        0x08000363   Thumb Code     0  startup_stm32h750xx.o(.text)
    LPTIM5_IRQHandler                        0x08000363   Thumb Code     0  startup_stm32h750xx.o(.text)
    LPUART1_IRQHandler                       0x08000363   Thumb Code     0  startup_stm32h750xx.o(.text)
    LTDC_ER_IRQHandler                       0x08000363   Thumb Code     0  startup_stm32h750xx.o(.text)
    LTDC_IRQHandler                          0x08000363   Thumb Code     0  startup_stm32h750xx.o(.text)
    MDIOS_IRQHandler                         0x08000363   Thumb Code     0  startup_stm32h750xx.o(.text)
    MDIOS_WKUP_IRQHandler                    0x08000363   Thumb Code     0  startup_stm32h750xx.o(.text)
    MDMA_IRQHandler                          0x08000363   Thumb Code     0  startup_stm32h750xx.o(.text)
    OTG_FS_EP1_IN_IRQHandler                 0x08000363   Thumb Code     0  startup_stm32h750xx.o(.text)
    OTG_FS_EP1_OUT_IRQHandler                0x08000363   Thumb Code     0  startup_stm32h750xx.o(.text)
    OTG_FS_IRQHandler                        0x08000363   Thumb Code     0  startup_stm32h750xx.o(.text)
    OTG_FS_WKUP_IRQHandler                   0x08000363   Thumb Code     0  startup_stm32h750xx.o(.text)
    OTG_HS_EP1_IN_IRQHandler                 0x08000363   Thumb Code     0  startup_stm32h750xx.o(.text)
    OTG_HS_EP1_OUT_IRQHandler                0x08000363   Thumb Code     0  startup_stm32h750xx.o(.text)
    OTG_HS_IRQHandler                        0x08000363   Thumb Code     0  startup_stm32h750xx.o(.text)
    OTG_HS_WKUP_IRQHandler                   0x08000363   Thumb Code     0  startup_stm32h750xx.o(.text)
    PVD_AVD_IRQHandler                       0x08000363   Thumb Code     0  startup_stm32h750xx.o(.text)
    QUADSPI_IRQHandler                       0x08000363   Thumb Code     0  startup_stm32h750xx.o(.text)
    RCC_IRQHandler                           0x08000363   Thumb Code     0  startup_stm32h750xx.o(.text)
    RTC_Alarm_IRQHandler                     0x08000363   Thumb Code     0  startup_stm32h750xx.o(.text)
    RTC_WKUP_IRQHandler                      0x08000363   Thumb Code     0  startup_stm32h750xx.o(.text)
    SAI1_IRQHandler                          0x08000363   Thumb Code     0  startup_stm32h750xx.o(.text)
    SAI2_IRQHandler                          0x08000363   Thumb Code     0  startup_stm32h750xx.o(.text)
    SAI3_IRQHandler                          0x08000363   Thumb Code     0  startup_stm32h750xx.o(.text)
    SAI4_IRQHandler                          0x08000363   Thumb Code     0  startup_stm32h750xx.o(.text)
    SDMMC1_IRQHandler                        0x08000363   Thumb Code     0  startup_stm32h750xx.o(.text)
    SDMMC2_IRQHandler                        0x08000363   Thumb Code     0  startup_stm32h750xx.o(.text)
    SPDIF_RX_IRQHandler                      0x08000363   Thumb Code     0  startup_stm32h750xx.o(.text)
    SPI1_IRQHandler                          0x08000363   Thumb Code     0  startup_stm32h750xx.o(.text)
    SPI2_IRQHandler                          0x08000363   Thumb Code     0  startup_stm32h750xx.o(.text)
    SPI3_IRQHandler                          0x08000363   Thumb Code     0  startup_stm32h750xx.o(.text)
    SPI4_IRQHandler                          0x08000363   Thumb Code     0  startup_stm32h750xx.o(.text)
    SPI5_IRQHandler                          0x08000363   Thumb Code     0  startup_stm32h750xx.o(.text)
    SPI6_IRQHandler                          0x08000363   Thumb Code     0  startup_stm32h750xx.o(.text)
    SWPMI1_IRQHandler                        0x08000363   Thumb Code     0  startup_stm32h750xx.o(.text)
    TAMP_STAMP_IRQHandler                    0x08000363   Thumb Code     0  startup_stm32h750xx.o(.text)
    TIM15_IRQHandler                         0x08000363   Thumb Code     0  startup_stm32h750xx.o(.text)
    TIM16_IRQHandler                         0x08000363   Thumb Code     0  startup_stm32h750xx.o(.text)
    TIM17_IRQHandler                         0x08000363   Thumb Code     0  startup_stm32h750xx.o(.text)
    TIM1_BRK_IRQHandler                      0x08000363   Thumb Code     0  startup_stm32h750xx.o(.text)
    TIM1_CC_IRQHandler                       0x08000363   Thumb Code     0  startup_stm32h750xx.o(.text)
    TIM1_TRG_COM_IRQHandler                  0x08000363   Thumb Code     0  startup_stm32h750xx.o(.text)
    TIM1_UP_IRQHandler                       0x08000363   Thumb Code     0  startup_stm32h750xx.o(.text)
    TIM2_IRQHandler                          0x08000363   Thumb Code     0  startup_stm32h750xx.o(.text)
    TIM3_IRQHandler                          0x08000363   Thumb Code     0  startup_stm32h750xx.o(.text)
    TIM4_IRQHandler                          0x08000363   Thumb Code     0  startup_stm32h750xx.o(.text)
    TIM5_IRQHandler                          0x08000363   Thumb Code     0  startup_stm32h750xx.o(.text)
    TIM6_DAC_IRQHandler                      0x08000363   Thumb Code     0  startup_stm32h750xx.o(.text)
    TIM7_IRQHandler                          0x08000363   Thumb Code     0  startup_stm32h750xx.o(.text)
    TIM8_BRK_TIM12_IRQHandler                0x08000363   Thumb Code     0  startup_stm32h750xx.o(.text)
    TIM8_CC_IRQHandler                       0x08000363   Thumb Code     0  startup_stm32h750xx.o(.text)
    TIM8_TRG_COM_TIM14_IRQHandler            0x08000363   Thumb Code     0  startup_stm32h750xx.o(.text)
    TIM8_UP_TIM13_IRQHandler                 0x08000363   Thumb Code     0  startup_stm32h750xx.o(.text)
    UART4_IRQHandler                         0x08000363   Thumb Code     0  startup_stm32h750xx.o(.text)
    UART5_IRQHandler                         0x08000363   Thumb Code     0  startup_stm32h750xx.o(.text)
    UART7_IRQHandler                         0x08000363   Thumb Code     0  startup_stm32h750xx.o(.text)
    UART8_IRQHandler                         0x08000363   Thumb Code     0  startup_stm32h750xx.o(.text)
    USART2_IRQHandler                        0x08000363   Thumb Code     0  startup_stm32h750xx.o(.text)
    USART6_IRQHandler                        0x08000363   Thumb Code     0  startup_stm32h750xx.o(.text)
    WAKEUP_PIN_IRQHandler                    0x08000363   Thumb Code     0  startup_stm32h750xx.o(.text)
    WWDG_IRQHandler                          0x08000363   Thumb Code     0  startup_stm32h750xx.o(.text)
    __user_initial_stackheap                 0x08000365   Thumb Code     0  startup_stm32h750xx.o(.text)
    rt_hw_interrupt_disable                  0x08000389   Thumb Code     8  context_rvds.o(.text)
    rt_hw_interrupt_enable                   0x08000391   Thumb Code     6  context_rvds.o(.text)
    rt_hw_context_switch                     0x08000397   Thumb Code    32  context_rvds.o(.text)
    rt_hw_context_switch_interrupt           0x08000397   Thumb Code     0  context_rvds.o(.text)
    PendSV_Handler                           0x080003b7   Thumb Code   108  context_rvds.o(.text)
    rt_hw_context_switch_to                  0x08000423   Thumb Code    70  context_rvds.o(.text)
    rt_hw_interrupt_thread_switch            0x08000469   Thumb Code     2  context_rvds.o(.text)
    HardFault_Handler                        0x0800046b   Thumb Code    56  context_rvds.o(.text)
    MemManage_Handler                        0x0800046b   Thumb Code     0  context_rvds.o(.text)
    __aeabi_uldivmod                         0x080004bd   Thumb Code     0  lludivv7m.o(.text)
    _ll_udiv                                 0x080004bd   Thumb Code   238  lludivv7m.o(.text)
    __0sscanf                                0x080005ad   Thumb Code    52  __0sscanf.o(.text)
    _scanf_int                               0x080005e9   Thumb Code   332  _scanf_int.o(.text)
    strcpy                                   0x08000735   Thumb Code    72  strcpy.o(.text)
    strlen                                   0x0800077d   Thumb Code    62  strlen.o(.text)
    strncmp                                  0x080007bb   Thumb Code   150  strncmp.o(.text)
    strcat                                   0x08000851   Thumb Code    24  strcat.o(.text)
    __aeabi_memcpy4                          0x08000869   Thumb Code     0  rt_memcpy_w.o(.text)
    __aeabi_memcpy8                          0x08000869   Thumb Code     0  rt_memcpy_w.o(.text)
    __rt_memcpy_w                            0x08000869   Thumb Code   100  rt_memcpy_w.o(.text)
    _memcpy_lastbytes_aligned                0x080008b1   Thumb Code     0  rt_memcpy_w.o(.text)
    __aeabi_memclr                           0x080008cd   Thumb Code     0  rt_memclr.o(.text)
    __rt_memclr                              0x080008cd   Thumb Code    68  rt_memclr.o(.text)
    _memset                                  0x080008d1   Thumb Code     0  rt_memclr.o(.text)
    __aeabi_memclr4                          0x08000911   Thumb Code     0  rt_memclr_w.o(.text)
    __aeabi_memclr8                          0x08000911   Thumb Code     0  rt_memclr_w.o(.text)
    __rt_memclr_w                            0x08000911   Thumb Code    78  rt_memclr_w.o(.text)
    _memset_w                                0x08000915   Thumb Code     0  rt_memclr_w.o(.text)
    strncpy                                  0x0800095f   Thumb Code    86  strncpy.o(.text)
    __use_two_region_memory                  0x080009b5   Thumb Code     2  heapauxi.o(.text)
    __rt_heap_escrow$2region                 0x080009b7   Thumb Code     2  heapauxi.o(.text)
    __rt_heap_expand$2region                 0x080009b9   Thumb Code     2  heapauxi.o(.text)
    _chval                                   0x080009bb   Thumb Code    28  _chval.o(.text)
    __vfscanf_char                           0x080009e5   Thumb Code    24  scanf_char.o(.text)
    _sgetc                                   0x08000a05   Thumb Code    30  _sgetc.o(.text)
    _sbackspace                              0x08000a23   Thumb Code    34  _sgetc.o(.text)
    isspace                                  0x08000a45   Thumb Code    18  isspace.o(.text)
    __vfscanf                                0x08000a59   Thumb Code   878  _scanf.o(.text)
    __user_setup_stackheap                   0x08000dcd   Thumb Code    74  sys_stackheap_outer.o(.text)
    __rt_ctype_table                         0x08000e19   Thumb Code    16  rt_ctype_table.o(.text)
    exit                                     0x08000e29   Thumb Code    18  exit.o(.text)
    __user_libspace                          0x08000e3d   Thumb Code     8  libspace.o(.text)
    __user_perproc_libspace                  0x08000e3d   Thumb Code     0  libspace.o(.text)
    __user_perthread_libspace                0x08000e3d   Thumb Code     0  libspace.o(.text)
    __rt_locale                              0x08000e45   Thumb Code     8  rt_locale_intlibspace.o(.text)
    _sys_exit                                0x08000e4d   Thumb Code     8  sys_exit.o(.text)
    strcmp                                   0x08000e59   Thumb Code   104  strcmpv7m_pel.o(.text)
    __I$use$semihosting                      0x08000ec1   Thumb Code     0  use_no_semi.o(.text)
    __use_no_semihosting_swi                 0x08000ec1   Thumb Code     2  use_no_semi.o(.text)
    __semihosting_library_function           0x08000ec3   Thumb Code     0  indicate_semi.o(.text)
    main                                     0x08000ec3   Thumb Code    10  components.o(i.$Sub$$main)
    BusFault_Handler                         0x08000ecd   Thumb Code     2  stm32h7xx_it.o(i.BusFault_Handler)
    DMA1_Stream0_IRQHandler                  0x08000ed1   Thumb Code     6  stm32h7xx_it.o(i.DMA1_Stream0_IRQHandler)
    DMA2_Stream0_IRQHandler                  0x08000edd   Thumb Code     6  stm32h7xx_it.o(i.DMA2_Stream0_IRQHandler)
    DebugMon_Handler                         0x08001101   Thumb Code     2  stm32h7xx_it.o(i.DebugMon_Handler)
    Error_Handler                            0x08001103   Thumb Code     2  main.o(i.Error_Handler)
    FinshIoInit                              0x08001105   Thumb Code    42  uartfinshchario.o(i.FinshIoInit)
    HAL_DMA_Abort_IT                         0x08001145   Thumb Code   602  stm32h7xx_hal_dma.o(i.HAL_DMA_Abort_IT)
    HAL_DMA_IRQHandler                       0x080013c9   Thumb Code  1762  stm32h7xx_hal_dma.o(i.HAL_DMA_IRQHandler)
    HAL_DMA_Init                             0x08001ab9   Thumb Code   926  stm32h7xx_hal_dma.o(i.HAL_DMA_Init)
    HAL_GPIO_Init                            0x08001e7d   Thumb Code   510  stm32h7xx_hal_gpio.o(i.HAL_GPIO_Init)
    HAL_GPIO_TogglePin                       0x080020ad   Thumb Code    14  stm32h7xx_hal_gpio.o(i.HAL_GPIO_TogglePin)
    HAL_GPIO_WritePin                        0x080020bb   Thumb Code    10  stm32h7xx_hal_gpio.o(i.HAL_GPIO_WritePin)
    HAL_GetREVID                             0x080020c5   Thumb Code     8  stm32h7xx_hal.o(i.HAL_GetREVID)
    HAL_GetTick                              0x080020d1   Thumb Code     6  stm32h7xx_hal.o(i.HAL_GetTick)
    HAL_I2CEx_ConfigAnalogFilter             0x080020dd   Thumb Code    88  stm32h7xx_hal_i2c_ex.o(i.HAL_I2CEx_ConfigAnalogFilter)
    HAL_I2CEx_ConfigDigitalFilter            0x08002135   Thumb Code    84  stm32h7xx_hal_i2c_ex.o(i.HAL_I2CEx_ConfigDigitalFilter)
    HAL_I2C_Init                             0x08002189   Thumb Code   180  stm32h7xx_hal_i2c.o(i.HAL_I2C_Init)
    HAL_I2C_MspInit                          0x08002241   Thumb Code    90  i2c.o(i.HAL_I2C_MspInit)
    HAL_Init                                 0x080022a9   Thumb Code    74  stm32h7xx_hal.o(i.HAL_Init)
    HAL_InitTick                             0x08002305   Thumb Code    56  stm32h7xx_hal.o(i.HAL_InitTick)
    HAL_MspInit                              0x08002345   Thumb Code    28  stm32h7xx_hal_msp.o(i.HAL_MspInit)
    HAL_NVIC_EnableIRQ                       0x08002365   Thumb Code    26  stm32h7xx_hal_cortex.o(i.HAL_NVIC_EnableIRQ)
    HAL_NVIC_SetPriority                     0x08002381   Thumb Code    60  stm32h7xx_hal_cortex.o(i.HAL_NVIC_SetPriority)
    HAL_NVIC_SetPriorityGrouping             0x080023c1   Thumb Code    28  stm32h7xx_hal_cortex.o(i.HAL_NVIC_SetPriorityGrouping)
    HAL_PWREx_ConfigSupply                   0x080023e5   Thumb Code    78  stm32h7xx_hal_pwr_ex.o(i.HAL_PWREx_ConfigSupply)
    HAL_RCCEx_GetD3PCLK1Freq                 0x08002439   Thumb Code    26  stm32h7xx_hal_rcc_ex.o(i.HAL_RCCEx_GetD3PCLK1Freq)
    HAL_RCCEx_GetPLL2ClockFreq               0x0800245d   Thumb Code   296  stm32h7xx_hal_rcc_ex.o(i.HAL_RCCEx_GetPLL2ClockFreq)
    HAL_RCCEx_GetPLL3ClockFreq               0x080025a1   Thumb Code   296  stm32h7xx_hal_rcc_ex.o(i.HAL_RCCEx_GetPLL3ClockFreq)
    HAL_RCCEx_PeriphCLKConfig                0x080026e5   Thumb Code  2234  stm32h7xx_hal_rcc_ex.o(i.HAL_RCCEx_PeriphCLKConfig)
    HAL_RCC_ClockConfig                      0x08002fa1   Thumb Code   580  stm32h7xx_hal_rcc.o(i.HAL_RCC_ClockConfig)
    HAL_RCC_GetHCLKFreq                      0x080031fd   Thumb Code    52  stm32h7xx_hal_rcc.o(i.HAL_RCC_GetHCLKFreq)
    HAL_RCC_GetPCLK1Freq                     0x08003241   Thumb Code    26  stm32h7xx_hal_rcc.o(i.HAL_RCC_GetPCLK1Freq)
    HAL_RCC_GetPCLK2Freq                     0x08003265   Thumb Code    26  stm32h7xx_hal_rcc.o(i.HAL_RCC_GetPCLK2Freq)
    HAL_RCC_GetSysClockFreq                  0x08003289   Thumb Code   278  stm32h7xx_hal_rcc.o(i.HAL_RCC_GetSysClockFreq)
    HAL_RCC_OscConfig                        0x080033c1   Thumb Code  1282  stm32h7xx_hal_rcc.o(i.HAL_RCC_OscConfig)
    HAL_SYSTICK_Config                       0x080038c9   Thumb Code    38  stm32h7xx_hal_cortex.o(i.HAL_SYSTICK_Config)
    HAL_TIMEx_ConfigBreakDeadTime            0x080038f1   Thumb Code   150  stm32h7xx_hal_tim_ex.o(i.HAL_TIMEx_ConfigBreakDeadTime)
    HAL_TIMEx_MasterConfigSynchronization    0x08003991   Thumb Code   128  stm32h7xx_hal_tim_ex.o(i.HAL_TIMEx_MasterConfigSynchronization)
    HAL_TIM_Base_Init                        0x08003a29   Thumb Code    98  stm32h7xx_hal_tim.o(i.HAL_TIM_Base_Init)
    HAL_TIM_Base_MspInit                     0x08003a8d   Thumb Code    78  tim.o(i.HAL_TIM_Base_MspInit)
    HAL_TIM_ConfigClockSource                0x08003ae9   Thumb Code   242  stm32h7xx_hal_tim.o(i.HAL_TIM_ConfigClockSource)
    HAL_TIM_MspPostInit                      0x08003be1   Thumb Code   122  tim.o(i.HAL_TIM_MspPostInit)
    HAL_TIM_PWM_ConfigChannel                0x08003c6d   Thumb Code   286  stm32h7xx_hal_tim.o(i.HAL_TIM_PWM_ConfigChannel)
    HAL_TIM_PWM_Init                         0x08003d8b   Thumb Code    98  stm32h7xx_hal_tim.o(i.HAL_TIM_PWM_Init)
    HAL_TIM_PWM_MspInit                      0x08003ded   Thumb Code     2  stm32h7xx_hal_tim.o(i.HAL_TIM_PWM_MspInit)
    HAL_TIM_PWM_Start                        0x08003df1   Thumb Code   190  stm32h7xx_hal_tim.o(i.HAL_TIM_PWM_Start)
    HAL_UARTEx_DisableFifoMode               0x08003ec9   Thumb Code    64  stm32h7xx_hal_uart_ex.o(i.HAL_UARTEx_DisableFifoMode)
    HAL_UARTEx_RxFifoFullCallback            0x08003f09   Thumb Code     2  stm32h7xx_hal_uart_ex.o(i.HAL_UARTEx_RxFifoFullCallback)
    HAL_UARTEx_SetRxFifoThreshold            0x08003f0b   Thumb Code    76  stm32h7xx_hal_uart_ex.o(i.HAL_UARTEx_SetRxFifoThreshold)
    HAL_UARTEx_SetTxFifoThreshold            0x08003f57   Thumb Code    76  stm32h7xx_hal_uart_ex.o(i.HAL_UARTEx_SetTxFifoThreshold)
    HAL_UARTEx_TxFifoEmptyCallback           0x08003fa3   Thumb Code     2  stm32h7xx_hal_uart_ex.o(i.HAL_UARTEx_TxFifoEmptyCallback)
    HAL_UARTEx_WakeupCallback                0x08003fa5   Thumb Code     2  stm32h7xx_hal_uart_ex.o(i.HAL_UARTEx_WakeupCallback)
    HAL_UART_ErrorCallback                   0x08003fa7   Thumb Code     2  stm32h7xx_hal_uart.o(i.HAL_UART_ErrorCallback)
    HAL_UART_IRQHandler                      0x08003fa9   Thumb Code   436  stm32h7xx_hal_uart.o(i.HAL_UART_IRQHandler)
    HAL_UART_Init                            0x08004169   Thumb Code   106  stm32h7xx_hal_uart.o(i.HAL_UART_Init)
    HAL_UART_MspInit                         0x080041d5   Thumb Code   274  usart.o(i.HAL_UART_MspInit)
    HAL_UART_Transmit                        0x08004309   Thumb Code   190  stm32h7xx_hal_uart.o(i.HAL_UART_Transmit)
    HAL_UART_TxCpltCallback                  0x080043c7   Thumb Code     2  stm32h7xx_hal_uart.o(i.HAL_UART_TxCpltCallback)
    MX_DMA_Init                              0x080043c9   Thumb Code    72  dma.o(i.MX_DMA_Init)
    MX_GPIO_Init                             0x08004415   Thumb Code   184  gpio.o(i.MX_GPIO_Init)
    MX_I2C1_Init                             0x080044d9   Thumb Code    76  i2c.o(i.MX_I2C1_Init)
    MX_TIM16_Init                            0x08004531   Thumb Code   146  tim.o(i.MX_TIM16_Init)
    MX_TIM17_Init                            0x080045cd   Thumb Code   146  tim.o(i.MX_TIM17_Init)
    MX_TIM2_Init                             0x08004669   Thumb Code   150  tim.o(i.MX_TIM2_Init)
    MX_USART1_UART_Init                      0x08004709   Thumb Code    94  usart.o(i.MX_USART1_UART_Init)
    MX_USART3_UART_Init                      0x08004771   Thumb Code    94  usart.o(i.MX_USART3_UART_Init)
    NMI_Handler                              0x080047d9   Thumb Code     2  stm32h7xx_it.o(i.NMI_Handler)
    SysTick_Handler                          0x08004a1d   Thumb Code    18  board.o(i.SysTick_Handler)
    SystemClock_Config                       0x08004a31   Thumb Code   164  main.o(i.SystemClock_Config)
    SystemCoreClockUpdate                    0x08004add   Thumb Code   290  system_stm32h7xx.o(i.SystemCoreClockUpdate)
    SystemInit                               0x08004c25   Thumb Code   188  system_stm32h7xx.o(i.SystemInit)
    TIM_Base_SetConfig                       0x08004d09   Thumb Code   162  stm32h7xx_hal_tim.o(i.TIM_Base_SetConfig)
    TIM_CCxChannelCmd                        0x08004dcd   Thumb Code    26  stm32h7xx_hal_tim.o(i.TIM_CCxChannelCmd)
    TIM_ETR_SetConfig                        0x08004de7   Thumb Code    18  stm32h7xx_hal_tim.o(i.TIM_ETR_SetConfig)
    TIM_OC2_SetConfig                        0x08004eb5   Thumb Code   126  stm32h7xx_hal_tim.o(i.TIM_OC2_SetConfig)
    UART_AdvFeatureConfig                    0x080051c9   Thumb Code   200  stm32h7xx_hal_uart.o(i.UART_AdvFeatureConfig)
    UART_CheckIdleState                      0x08005291   Thumb Code    94  stm32h7xx_hal_uart.o(i.UART_CheckIdleState)
    UART_SetConfig                           0x0800532d   Thumb Code   878  stm32h7xx_hal_uart.o(i.UART_SetConfig)
    UART_WaitOnFlagUntilTimeout              0x080056dd   Thumb Code   164  stm32h7xx_hal_uart.o(i.UART_WaitOnFlagUntilTimeout)
    USART1_IRQHandler                        0x08005781   Thumb Code     6  stm32h7xx_it.o(i.USART1_IRQHandler)
    USART3_IRQHandler                        0x0800578d   Thumb Code    66  uartfinshchario.o(i.USART3_IRQHandler)
    UsageFault_Handler                       0x080057d9   Thumb Code     2  stm32h7xx_it.o(i.UsageFault_Handler)
    __rt_ffs                                 0x080057fd   Thumb Code    64  kservice.o(i.__rt_ffs)
    beginPWM                                 0x08005979   Thumb Code    32  ui.o(i.beginPWM)
    cmd_ps                                   0x08005a95   Thumb Code    10  msh.o(i.cmd_ps)
    finsh_get_prompt                         0x08005aa1   Thumb Code    66  shell.o(i.finsh_get_prompt)
    finsh_set_prompt_mode                    0x08005b01   Thumb Code    18  shell.o(i.finsh_set_prompt_mode)
    finsh_system_function_init               0x08005b19   Thumb Code     8  shell.o(i.finsh_system_function_init)
    finsh_system_init                        0x08005b25   Thumb Code    82  shell.o(i.finsh_system_init)
    finsh_thread_entry                       0x08005b9d   Thumb Code   622  shell.o(i.finsh_thread_entry)
    hello                                    0x08005ead   Thumb Code    12  cmd.o(i.hello)
    list                                     0x08005ecd   Thumb Code    48  cmd.o(i.list)
    list_sem                                 0x08005fad   Thumb Code   214  cmd.o(i.list_sem)
    list_thread                              0x080060ed   Thumb Code   256  cmd.o(i.list_thread)
    list_timer                               0x080062a9   Thumb Code   160  cmd.o(i.list_timer)
    $Super$$main                             0x080063e9   Thumb Code    22  main.o(i.main)
    main_thread_entry                        0x08006405   Thumb Code    14  components.o(i.main_thread_entry)
    msh_auto_complete                        0x080064ed   Thumb Code   150  msh.o(i.msh_auto_complete)
    msh_exec                                 0x08006599   Thumb Code    74  msh.o(i.msh_exec)
    msh_help                                 0x080065fd   Thumb Code    56  msh.o(i.msh_help)
    msh_is_used                              0x08006669   Thumb Code     4  msh.o(i.msh_is_used)
    myBSPInit                                0x0800673d   Thumb Code    50  bspinit.o(i.myBSPInit)
    rt_application_init                      0x080068bd   Thumb Code    44  components.o(i.rt_application_init)
    rt_components_board_init                 0x080068f9   Thumb Code    20  components.o(i.rt_components_board_init)
    rt_components_init                       0x08006915   Thumb Code    20  components.o(i.rt_components_init)
    rt_enter_critical                        0x08006931   Thumb Code    22  scheduler.o(i.rt_enter_critical)
    rt_exit_critical                         0x0800694d   Thumb Code    52  scheduler.o(i.rt_exit_critical)
    rt_hw_board_init                         0x08006985   Thumb Code    54  board.o(i.rt_hw_board_init)
    rt_hw_console_getchar                    0x080069c5   Thumb Code    40  uartfinshchario.o(i.rt_hw_console_getchar)
    rt_hw_console_output                     0x080069f1   Thumb Code    24  uartfinshchario.o(i.rt_hw_console_output)
    rt_hw_hard_fault_exception               0x08006a0d   Thumb Code   200  cpuport.o(i.rt_hw_hard_fault_exception)
    rt_hw_stack_init                         0x08006c25   Thumb Code    52  cpuport.o(i.rt_hw_stack_init)
    rt_interrupt_enter                       0x08006c5d   Thumb Code    22  irq.o(i.rt_interrupt_enter)
    rt_interrupt_leave                       0x08006c79   Thumb Code    22  irq.o(i.rt_interrupt_leave)
    rt_kprintf                               0x08006c95   Thumb Code    28  kservice.o(i.rt_kprintf)
    rt_memmove                               0x08006d05   Thumb Code    50  kservice.o(i.rt_memmove)
    rt_memset                                0x08006d37   Thumb Code    66  kservice.o(i.rt_memset)
    rt_object_detach                         0x08006d79   Thumb Code    36  object.o(i.rt_object_detach)
    rt_object_get_information                0x08006d9d   Thumb Code    30  object.o(i.rt_object_get_information)
    rt_object_init                           0x08006dc1   Thumb Code    82  object.o(i.rt_object_init)
    rt_object_is_systemobject                0x08006e13   Thumb Code    14  object.o(i.rt_object_is_systemobject)
    rt_ringbuffer_data_len                   0x08006e21   Thumb Code    58  uartfinshchario.o(i.rt_ringbuffer_data_len)
    rt_ringbuffer_getchar                    0x08006e5b   Thumb Code    70  uartfinshchario.o(i.rt_ringbuffer_getchar)
    rt_ringbuffer_init                       0x08006ea1   Thumb Code    38  uartfinshchario.o(i.rt_ringbuffer_init)
    rt_ringbuffer_putchar                    0x08006ec7   Thumb Code    74  uartfinshchario.o(i.rt_ringbuffer_putchar)
    rt_schedule                              0x08006f11   Thumb Code    76  scheduler.o(i.rt_schedule)
    rt_schedule_insert_thread                0x08006f69   Thumb Code    70  scheduler.o(i.rt_schedule_insert_thread)
    rt_schedule_remove_thread                0x08006fb9   Thumb Code    64  scheduler.o(i.rt_schedule_remove_thread)
    rt_sem_init                              0x08007001   Thumb Code    36  ipc.o(i.rt_sem_init)
    rt_sem_release                           0x08007025   Thumb Code    54  ipc.o(i.rt_sem_release)
    rt_sem_take                              0x0800705d   Thumb Code   174  ipc.o(i.rt_sem_take)
    rt_show_version                          0x0800710d   Thumb Code    40  kservice.o(i.rt_show_version)
    rt_strlen                                0x080071bd   Thumb Code    16  kservice.o(i.rt_strlen)
    rt_strncpy                               0x080071cd   Thumb Code    38  kservice.o(i.rt_strncpy)
    rt_system_scheduler_init                 0x080071f5   Thumb Code    44  scheduler.o(i.rt_system_scheduler_init)
    rt_system_scheduler_start                0x08007229   Thumb Code    32  scheduler.o(i.rt_system_scheduler_start)
    rt_system_timer_init                     0x08007251   Thumb Code     8  timer.o(i.rt_system_timer_init)
    rt_system_timer_thread_init              0x0800725d   Thumb Code     2  timer.o(i.rt_system_timer_thread_init)
    rt_thread_exit                           0x08007261   Thumb Code    78  thread.o(i.rt_thread_exit)
    rt_thread_idle_excute                    0x080072c1   Thumb Code   102  idle.o(i.rt_thread_idle_excute)
    rt_thread_idle_init                      0x0800732d   Thumb Code    40  idle.o(i.rt_thread_idle_init)
    rt_thread_init                           0x08007365   Thumb Code    48  thread.o(i.rt_thread_init)
    rt_thread_mdelay                         0x08007395   Thumb Code    14  thread.o(i.rt_thread_mdelay)
    rt_thread_resume                         0x080073a3   Thumb Code    60  thread.o(i.rt_thread_resume)
    rt_thread_self                           0x080073e1   Thumb Code     6  thread.o(i.rt_thread_self)
    rt_thread_sleep                          0x080073ed   Thumb Code    60  thread.o(i.rt_thread_sleep)
    rt_thread_startup                        0x0800742d   Thumb Code    40  thread.o(i.rt_thread_startup)
    rt_thread_suspend                        0x08007459   Thumb Code    66  thread.o(i.rt_thread_suspend)
    rt_thread_timeout                        0x0800749b   Thumb Code    30  thread.o(i.rt_thread_timeout)
    rt_thread_yield                          0x080074b9   Thumb Code    86  thread.o(i.rt_thread_yield)
    rt_tick_from_millisecond                 0x08007519   Thumb Code    52  clock.o(i.rt_tick_from_millisecond)
    rt_tick_get                              0x0800754d   Thumb Code     6  clock.o(i.rt_tick_get)
    rt_tick_increase                         0x08007559   Thumb Code    38  clock.o(i.rt_tick_increase)
    rt_timer_check                           0x08007585   Thumb Code    98  timer.o(i.rt_timer_check)
    rt_timer_control                         0x080075ed   Thumb Code    48  timer.o(i.rt_timer_control)
    rt_timer_detach                          0x0800761d   Thumb Code    32  timer.o(i.rt_timer_detach)
    rt_timer_init                            0x0800763d   Thumb Code    48  timer.o(i.rt_timer_init)
    rt_timer_start                           0x0800766d   Thumb Code   136  timer.o(i.rt_timer_start)
    rt_timer_stop                            0x080076f9   Thumb Code    46  timer.o(i.rt_timer_stop)
    rt_vsnprintf                             0x08007729   Thumb Code   628  kservice.o(i.rt_vsnprintf)
    rtthread_startup                         0x080079b5   Thumb Code    42  components.o(i.rtthread_startup)
    setEngine                                0x080079e1   Thumb Code    74  ui.o(i.setEngine)
    steerEngine_Init                         0x08007a75   Thumb Code    30  pwmdevice.o(i.steerEngine_Init)
    steerEngine_SetSpeed                     0x08007aa1   Thumb Code    68  pwmdevice.o(i.steerEngine_SetSpeed)
    version                                  0x08007bc5   Thumb Code    10  cmd.o(i.version)
    _get_lc_ctype                            0x08007bd1   Thumb Code    44  lc_ctype_c.o(locale$$code)
    _fp_init                                 0x08007bfd   Thumb Code    10  fpinit.o(x$fpl$fpinit)
    __fplib_config_fpu_vfp                   0x08007c05   Thumb Code     0  fpinit.o(x$fpl$fpinit)
    __fplib_config_pureend_doubles           0x08007c05   Thumb Code     0  fpinit.o(x$fpl$fpinit)
    UARTPrescTable                           0x08007c0e   Data          24  stm32h7xx_hal_uart.o(.constdata)
    D1CorePrescTable                         0x08007c26   Data          16  system_stm32h7xx.o(.constdata)
    steerEngine_PWMCounter                   0x08007c38   Data          12  pwmdevice.o(.constdata)
    steerEngine_ModeDuty                     0x08007c44   Data          20  pwmdevice.o(.constdata)
    __fsym_hello_name                        0x08007c58   Data           6  cmd.o(.constdata)
    __fsym_version_name                      0x08007c5e   Data           8  cmd.o(.constdata)
    __fsym___cmd_version_name                0x08007c66   Data          14  cmd.o(.constdata)
    __fsym_list_thread_name                  0x08007c74   Data          12  cmd.o(.constdata)
    __fsym___cmd_list_thread_name            0x08007c80   Data          18  cmd.o(.constdata)
    __fsym_list_sem_name                     0x08007c92   Data           9  cmd.o(.constdata)
    __fsym___cmd_list_sem_name               0x08007c9b   Data          15  cmd.o(.constdata)
    __fsym_list_timer_name                   0x08007caa   Data          11  cmd.o(.constdata)
    __fsym___cmd_list_timer_name             0x08007cb5   Data          17  cmd.o(.constdata)
    __fsym_list_name                         0x08007cc6   Data           5  cmd.o(.constdata)
    __fsym___cmd_help_name                   0x08007ccb   Data          11  msh.o(.constdata)
    __fsym___cmd_ps_name                     0x08007cd6   Data           9  msh.o(.constdata)
    __lowest_bit_bitmap                      0x08007cdf   Data         256  kservice.o(.constdata)
    __fsym___cmd_beginPWM_name               0x08007e01   Data          15  ui.o(.constdata)
    __fsym___cmd_setEngine_name              0x08007e10   Data          16  ui.o(.constdata)
    __rt_init_rti_start                      0x08007e64   Data           4  components.o(.rti_fn.0)
    __rt_init_rti_board_start                0x08007e68   Data           4  components.o(.rti_fn.0.end)
    __rt_init_myBSPInit                      0x08007e6c   Data           4  bspinit.o(.rti_fn.1)
    __rt_init_rti_board_end                  0x08007e70   Data           4  components.o(.rti_fn.1.end)
    __rt_init_finsh_system_init              0x08007e74   Data           4  shell.o(.rti_fn.6)
    __rt_init_rti_end                        0x08007e78   Data           4  components.o(.rti_fn.6.end)
    FSymTab$$Base                            0x08007e7c   Number         0  cmd.o(FSymTab)
    __fsym_hello                             0x08007e7c   Data           8  cmd.o(FSymTab)
    __fsym_version                           0x08007e84   Data           8  cmd.o(FSymTab)
    __fsym___cmd_version                     0x08007e8c   Data           8  cmd.o(FSymTab)
    __fsym_list_thread                       0x08007e94   Data           8  cmd.o(FSymTab)
    __fsym___cmd_list_thread                 0x08007e9c   Data           8  cmd.o(FSymTab)
    __fsym_list_sem                          0x08007ea4   Data           8  cmd.o(FSymTab)
    __fsym___cmd_list_sem                    0x08007eac   Data           8  cmd.o(FSymTab)
    __fsym_list_timer                        0x08007eb4   Data           8  cmd.o(FSymTab)
    __fsym___cmd_list_timer                  0x08007ebc   Data           8  cmd.o(FSymTab)
    __fsym_list                              0x08007ec4   Data           8  cmd.o(FSymTab)
    __fsym___cmd_help                        0x08007ecc   Data           8  msh.o(FSymTab)
    __fsym___cmd_ps                          0x08007ed4   Data           8  msh.o(FSymTab)
    __fsym___cmd_beginPWM                    0x08007edc   Data           8  ui.o(FSymTab)
    __fsym___cmd_setEngine                   0x08007ee4   Data           8  ui.o(FSymTab)
    FSymTab$$Limit                           0x08007eec   Number         0  ui.o(FSymTab)
    Region$$Table$$Base                      0x08007eec   Number         0  anon$$obj.o(Region$$Table)
    Region$$Table$$Limit                     0x08007f0c   Number         0  anon$$obj.o(Region$$Table)
    __ctype                                  0x08007f19   Data           0  lc_ctype_c.o(locale$$data)
    uwTickFreq                               0x24000000   Data           1  stm32h7xx_hal.o(.data)
    uwTickPrio                               0x24000004   Data           4  stm32h7xx_hal.o(.data)
    uwTick                                   0x24000008   Data           4  stm32h7xx_hal.o(.data)
    SystemCoreClock                          0x2400000c   Data           4  system_stm32h7xx.o(.data)
    SystemD2Clock                            0x24000010   Data           4  system_stm32h7xx.o(.data)
    _syscall_table_begin                     0x24000014   Data           4  shell.o(.data)
    _syscall_table_end                       0x24000018   Data           4  shell.o(.data)
    _sysvar_table_begin                      0x2400001c   Data           4  shell.o(.data)
    _sysvar_table_end                        0x24000020   Data           4  shell.o(.data)
    shell                                    0x24000028   Data           4  shell.o(.data)
    rt_interrupt_nest                        0x24000030   Data           1  irq.o(.data)
    rt_current_priority                      0x24000064   Data           1  scheduler.o(.data)
    rt_current_thread                        0x24000068   Data           4  scheduler.o(.data)
    rt_thread_ready_priority_group           0x2400006c   Data           4  scheduler.o(.data)
    rt_thread_defunct                        0x24000070   Data           8  scheduler.o(.data)
    rt_interrupt_from_thread                 0x24000088   Data           4  cpuport.o(.data)
    rt_interrupt_to_thread                   0x2400008c   Data           4  cpuport.o(.data)
    rt_thread_switch_interrupt_flag          0x24000090   Data           4  cpuport.o(.data)
    hi2c1                                    0x24000094   Data          76  i2c.o(.bss)
    htim2                                    0x240000e0   Data          76  tim.o(.bss)
    htim16                                   0x2400012c   Data          76  tim.o(.bss)
    htim17                                   0x24000178   Data          76  tim.o(.bss)
    huart1                                   0x240001c4   Data         140  usart.o(.bss)
    huart3                                   0x24000250   Data         140  usart.o(.bss)
    hdma_usart1_rx                           0x240002dc   Data         120  usart.o(.bss)
    hdma_usart1_tx                           0x24000354   Data         120  usart.o(.bss)
    uart_rx_buf                              0x240003cc   Data          16  uartfinshchario.o(.bss)
    uart_rxcb                                0x240003dc   Data          12  uartfinshchario.o(.bss)
    _shell                                   0x24000704   Data         120  shell.o(.bss)
    main_thread                              0x24000b80   Data         120  components.o(.bss)
    rt_thread_priority_table                 0x24000d70   Data         256  scheduler.o(.bss)
    __libspace_start                         0x24000e70   Data          96  libspace.o(.bss)
    __temporary_stack_top$libspace           0x24000ed0   Data           0  libspace.o(.bss)



==============================================================================

Memory Map of the image

  Image Entry point : 0x08000299

  Load Region LR_IROM1 (Base: 0x08000000, Size: 0x000080b0, Max: 0x00020000, ABSOLUTE)

    Execution Region ER_IROM1 (Exec base: 0x08000000, Load base: 0x08000000, Size: 0x0000801c, Max: 0x00020000, ABSOLUTE)

    Exec Addr    Load Addr    Size         Type   Attr      Idx    E Section Name        Object

    0x08000000   0x08000000   0x00000298   Data   RO            3    RESET               startup_stm32h750xx.o
    0x08000298   0x08000298   0x00000008   Code   RO         5677  * !!!main             c_w.l(__main.o)
    0x080002a0   0x080002a0   0x00000034   Code   RO         5866    !!!scatter          c_w.l(__scatter.o)
    0x080002d4   0x080002d4   0x0000001a   Code   RO         5868    !!handler_copy      c_w.l(__scatter_copy.o)
    0x080002ee   0x080002ee   0x00000002   PAD
    0x080002f0   0x080002f0   0x0000001c   Code   RO         5870    !!handler_zi        c_w.l(__scatter_zi.o)
    0x0800030c   0x0800030c   0x00000002   Code   RO         5726    .ARM.Collect$$libinit$$00000000  c_w.l(libinit.o)
    0x0800030e   0x0800030e   0x00000004   Code   RO         5746    .ARM.Collect$$libinit$$00000001  c_w.l(libinit2.o)
    0x08000312   0x08000312   0x00000000   Code   RO         5749    .ARM.Collect$$libinit$$00000004  c_w.l(libinit2.o)
    0x08000312   0x08000312   0x00000000   Code   RO         5752    .ARM.Collect$$libinit$$0000000A  c_w.l(libinit2.o)
    0x08000312   0x08000312   0x00000000   Code   RO         5754    .ARM.Collect$$libinit$$0000000C  c_w.l(libinit2.o)
    0x08000312   0x08000312   0x00000000   Code   RO         5756    .ARM.Collect$$libinit$$0000000E  c_w.l(libinit2.o)
    0x08000312   0x08000312   0x00000006   Code   RO         5757    .ARM.Collect$$libinit$$0000000F  c_w.l(libinit2.o)
    0x08000318   0x08000318   0x00000000   Code   RO         5759    .ARM.Collect$$libinit$$00000011  c_w.l(libinit2.o)
    0x08000318   0x08000318   0x0000000c   Code   RO         5760    .ARM.Collect$$libinit$$00000012  c_w.l(libinit2.o)
    0x08000324   0x08000324   0x00000000   Code   RO         5761    .ARM.Collect$$libinit$$00000013  c_w.l(libinit2.o)
    0x08000324   0x08000324   0x00000000   Code   RO         5763    .ARM.Collect$$libinit$$00000015  c_w.l(libinit2.o)
    0x08000324   0x08000324   0x00000000   Code   RO         5765    .ARM.Collect$$libinit$$00000017  c_w.l(libinit2.o)
    0x08000324   0x08000324   0x00000000   Code   RO         5767    .ARM.Collect$$libinit$$00000019  c_w.l(libinit2.o)
    0x08000324   0x08000324   0x00000000   Code   RO         5769    .ARM.Collect$$libinit$$0000001B  c_w.l(libinit2.o)
    0x08000324   0x08000324   0x00000000   Code   RO         5771    .ARM.Collect$$libinit$$0000001D  c_w.l(libinit2.o)
    0x08000324   0x08000324   0x00000000   Code   RO         5773    .ARM.Collect$$libinit$$0000001F  c_w.l(libinit2.o)
    0x08000324   0x08000324   0x00000000   Code   RO         5775    .ARM.Collect$$libinit$$00000021  c_w.l(libinit2.o)
    0x08000324   0x08000324   0x00000000   Code   RO         5777    .ARM.Collect$$libinit$$00000023  c_w.l(libinit2.o)
    0x08000324   0x08000324   0x00000000   Code   RO         5779    .ARM.Collect$$libinit$$00000025  c_w.l(libinit2.o)
    0x08000324   0x08000324   0x00000000   Code   RO         5783    .ARM.Collect$$libinit$$0000002C  c_w.l(libinit2.o)
    0x08000324   0x08000324   0x00000000   Code   RO         5785    .ARM.Collect$$libinit$$0000002E  c_w.l(libinit2.o)
    0x08000324   0x08000324   0x00000000   Code   RO         5787    .ARM.Collect$$libinit$$00000030  c_w.l(libinit2.o)
    0x08000324   0x08000324   0x00000000   Code   RO         5789    .ARM.Collect$$libinit$$00000032  c_w.l(libinit2.o)
    0x08000324   0x08000324   0x00000002   Code   RO         5790    .ARM.Collect$$libinit$$00000033  c_w.l(libinit2.o)
    0x08000326   0x08000326   0x00000002   Code   RO         5823    .ARM.Collect$$libshutdown$$00000000  c_w.l(libshutdown.o)
    0x08000328   0x08000328   0x00000000   Code   RO         5849    .ARM.Collect$$libshutdown$$00000002  c_w.l(libshutdown2.o)
    0x08000328   0x08000328   0x00000000   Code   RO         5851    .ARM.Collect$$libshutdown$$00000004  c_w.l(libshutdown2.o)
    0x08000328   0x08000328   0x00000000   Code   RO         5854    .ARM.Collect$$libshutdown$$00000007  c_w.l(libshutdown2.o)
    0x08000328   0x08000328   0x00000000   Code   RO         5857    .ARM.Collect$$libshutdown$$0000000A  c_w.l(libshutdown2.o)
    0x08000328   0x08000328   0x00000000   Code   RO         5859    .ARM.Collect$$libshutdown$$0000000C  c_w.l(libshutdown2.o)
    0x08000328   0x08000328   0x00000000   Code   RO         5862    .ARM.Collect$$libshutdown$$0000000F  c_w.l(libshutdown2.o)
    0x08000328   0x08000328   0x00000002   Code   RO         5863    .ARM.Collect$$libshutdown$$00000010  c_w.l(libshutdown2.o)
    0x0800032a   0x0800032a   0x00000000   Code   RO         5679    .ARM.Collect$$rtentry$$00000000  c_w.l(__rtentry.o)
    0x0800032a   0x0800032a   0x00000000   Code   RO         5691    .ARM.Collect$$rtentry$$00000002  c_w.l(__rtentry2.o)
    0x0800032a   0x0800032a   0x00000006   Code   RO         5703    .ARM.Collect$$rtentry$$00000004  c_w.l(__rtentry4.o)
    0x08000330   0x08000330   0x00000000   Code   RO         5693    .ARM.Collect$$rtentry$$00000009  c_w.l(__rtentry2.o)
    0x08000330   0x08000330   0x00000004   Code   RO         5694    .ARM.Collect$$rtentry$$0000000A  c_w.l(__rtentry2.o)
    0x08000334   0x08000334   0x00000000   Code   RO         5696    .ARM.Collect$$rtentry$$0000000C  c_w.l(__rtentry2.o)
    0x08000334   0x08000334   0x00000008   Code   RO         5697    .ARM.Collect$$rtentry$$0000000D  c_w.l(__rtentry2.o)
    0x0800033c   0x0800033c   0x00000002   Code   RO         5730    .ARM.Collect$$rtexit$$00000000  c_w.l(rtexit.o)
    0x0800033e   0x0800033e   0x00000000   Code   RO         5794    .ARM.Collect$$rtexit$$00000002  c_w.l(rtexit2.o)
    0x0800033e   0x0800033e   0x00000004   Code   RO         5795    .ARM.Collect$$rtexit$$00000003  c_w.l(rtexit2.o)
    0x08000342   0x08000342   0x00000006   Code   RO         5796    .ARM.Collect$$rtexit$$00000004  c_w.l(rtexit2.o)
    0x08000348   0x08000348   0x00000040   Code   RO            4    .text               startup_stm32h750xx.o
    0x08000388   0x08000388   0x00000134   Code   RO         4842    .text               context_rvds.o
    0x080004bc   0x080004bc   0x000000ee   Code   RO         5653    .text               c_w.l(lludivv7m.o)
    0x080005aa   0x080005aa   0x00000002   PAD
    0x080005ac   0x080005ac   0x0000003c   Code   RO         5655    .text               c_w.l(__0sscanf.o)
    0x080005e8   0x080005e8   0x0000014c   Code   RO         5657    .text               c_w.l(_scanf_int.o)
    0x08000734   0x08000734   0x00000048   Code   RO         5659    .text               c_w.l(strcpy.o)
    0x0800077c   0x0800077c   0x0000003e   Code   RO         5661    .text               c_w.l(strlen.o)
    0x080007ba   0x080007ba   0x00000096   Code   RO         5663    .text               c_w.l(strncmp.o)
    0x08000850   0x08000850   0x00000018   Code   RO         5665    .text               c_w.l(strcat.o)
    0x08000868   0x08000868   0x00000064   Code   RO         5667    .text               c_w.l(rt_memcpy_w.o)
    0x080008cc   0x080008cc   0x00000044   Code   RO         5669    .text               c_w.l(rt_memclr.o)
    0x08000910   0x08000910   0x0000004e   Code   RO         5671    .text               c_w.l(rt_memclr_w.o)
    0x0800095e   0x0800095e   0x00000056   Code   RO         5673    .text               c_w.l(strncpy.o)
    0x080009b4   0x080009b4   0x00000006   Code   RO         5675    .text               c_w.l(heapauxi.o)
    0x080009ba   0x080009ba   0x0000001c   Code   RO         5684    .text               c_w.l(_chval.o)
    0x080009d6   0x080009d6   0x00000002   PAD
    0x080009d8   0x080009d8   0x0000002c   Code   RO         5686    .text               c_w.l(scanf_char.o)
    0x08000a04   0x08000a04   0x00000040   Code   RO         5688    .text               c_w.l(_sgetc.o)
    0x08000a44   0x08000a44   0x00000012   Code   RO         5707    .text               c_w.l(isspace.o)
    0x08000a56   0x08000a56   0x00000002   PAD
    0x08000a58   0x08000a58   0x00000374   Code   RO         5709    .text               c_w.l(_scanf.o)
    0x08000dcc   0x08000dcc   0x0000004a   Code   RO         5711    .text               c_w.l(sys_stackheap_outer.o)
    0x08000e16   0x08000e16   0x00000002   PAD
    0x08000e18   0x08000e18   0x00000010   Code   RO         5713    .text               c_w.l(rt_ctype_table.o)
    0x08000e28   0x08000e28   0x00000012   Code   RO         5715    .text               c_w.l(exit.o)
    0x08000e3a   0x08000e3a   0x00000002   PAD
    0x08000e3c   0x08000e3c   0x00000008   Code   RO         5727    .text               c_w.l(libspace.o)
    0x08000e44   0x08000e44   0x00000008   Code   RO         5737    .text               c_w.l(rt_locale_intlibspace.o)
    0x08000e4c   0x08000e4c   0x0000000c   Code   RO         5791    .text               c_w.l(sys_exit.o)
    0x08000e58   0x08000e58   0x00000068   Code   RO         5804    .text               c_w.l(strcmpv7m_pel.o)
    0x08000ec0   0x08000ec0   0x00000002   Code   RO         5812    .text               c_w.l(use_no_semi.o)
    0x08000ec2   0x08000ec2   0x00000000   Code   RO         5814    .text               c_w.l(indicate_semi.o)
    0x08000ec2   0x08000ec2   0x0000000a   Code   RO         4903    i.$Sub$$main        components.o
    0x08000ecc   0x08000ecc   0x00000002   Code   RO          421    i.BusFault_Handler  stm32h7xx_it.o
    0x08000ece   0x08000ece   0x00000002   PAD
    0x08000ed0   0x08000ed0   0x0000000c   Code   RO          422    i.DMA1_Stream0_IRQHandler  stm32h7xx_it.o
    0x08000edc   0x08000edc   0x0000000c   Code   RO          423    i.DMA2_Stream0_IRQHandler  stm32h7xx_it.o
    0x08000ee8   0x08000ee8   0x000000b4   Code   RO         1270    i.DMA_CalcBaseAndBitshift  stm32h7xx_hal_dma.o
    0x08000f9c   0x08000f9c   0x0000009c   Code   RO         1271    i.DMA_CalcDMAMUXChannelBaseAndMask  stm32h7xx_hal_dma.o
    0x08001038   0x08001038   0x00000074   Code   RO         1272    i.DMA_CalcDMAMUXRequestGenBaseAndMask  stm32h7xx_hal_dma.o
    0x080010ac   0x080010ac   0x00000054   Code   RO         1273    i.DMA_CheckFifoParam  stm32h7xx_hal_dma.o
    0x08001100   0x08001100   0x00000002   Code   RO          424    i.DebugMon_Handler  stm32h7xx_it.o
    0x08001102   0x08001102   0x00000002   Code   RO           13    i.Error_Handler     main.o
    0x08001104   0x08001104   0x00000040   Code   RO         4552    i.FinshIoInit       uartfinshchario.o
    0x08001144   0x08001144   0x00000284   Code   RO         1276    i.HAL_DMA_Abort_IT  stm32h7xx_hal_dma.o
    0x080013c8   0x080013c8   0x000006f0   Code   RO         1280    i.HAL_DMA_IRQHandler  stm32h7xx_hal_dma.o
    0x08001ab8   0x08001ab8   0x000003c4   Code   RO         1281    i.HAL_DMA_Init      stm32h7xx_hal_dma.o
    0x08001e7c   0x08001e7c   0x00000230   Code   RO         1123    i.HAL_GPIO_Init     stm32h7xx_hal_gpio.o
    0x080020ac   0x080020ac   0x0000000e   Code   RO         1126    i.HAL_GPIO_TogglePin  stm32h7xx_hal_gpio.o
    0x080020ba   0x080020ba   0x0000000a   Code   RO         1127    i.HAL_GPIO_WritePin  stm32h7xx_hal_gpio.o
    0x080020c4   0x080020c4   0x0000000c   Code   RO         1999    i.HAL_GetREVID      stm32h7xx_hal.o
    0x080020d0   0x080020d0   0x0000000c   Code   RO         2000    i.HAL_GetTick       stm32h7xx_hal.o
    0x080020dc   0x080020dc   0x00000058   Code   RO         2775    i.HAL_I2CEx_ConfigAnalogFilter  stm32h7xx_hal_i2c_ex.o
    0x08002134   0x08002134   0x00000054   Code   RO         2776    i.HAL_I2CEx_ConfigDigitalFilter  stm32h7xx_hal_i2c_ex.o
    0x08002188   0x08002188   0x000000b8   Code   RO         2324    i.HAL_I2C_Init      stm32h7xx_hal_i2c.o
    0x08002240   0x08002240   0x00000068   Code   RO          272    i.HAL_I2C_MspInit   i2c.o
    0x080022a8   0x080022a8   0x0000005c   Code   RO         2007    i.HAL_Init          stm32h7xx_hal.o
    0x08002304   0x08002304   0x00000040   Code   RO         2008    i.HAL_InitTick      stm32h7xx_hal.o
    0x08002344   0x08002344   0x00000020   Code   RO          485    i.HAL_MspInit       stm32h7xx_hal_msp.o
    0x08002364   0x08002364   0x0000001a   Code   RO          515    i.HAL_NVIC_EnableIRQ  stm32h7xx_hal_cortex.o
    0x0800237e   0x0800237e   0x00000002   PAD
    0x08002380   0x08002380   0x00000040   Code   RO          521    i.HAL_NVIC_SetPriority  stm32h7xx_hal_cortex.o
    0x080023c0   0x080023c0   0x00000024   Code   RO          522    i.HAL_NVIC_SetPriorityGrouping  stm32h7xx_hal_cortex.o
    0x080023e4   0x080023e4   0x00000054   Code   RO         1724    i.HAL_PWREx_ConfigSupply  stm32h7xx_hal_pwr_ex.o
    0x08002438   0x08002438   0x00000024   Code   RO          766    i.HAL_RCCEx_GetD3PCLK1Freq  stm32h7xx_hal_rcc_ex.o
    0x0800245c   0x0800245c   0x00000144   Code   RO          768    i.HAL_RCCEx_GetPLL2ClockFreq  stm32h7xx_hal_rcc_ex.o
    0x080025a0   0x080025a0   0x00000144   Code   RO          769    i.HAL_RCCEx_GetPLL3ClockFreq  stm32h7xx_hal_rcc_ex.o
    0x080026e4   0x080026e4   0x000008ba   Code   RO          775    i.HAL_RCCEx_PeriphCLKConfig  stm32h7xx_hal_rcc_ex.o
    0x08002f9e   0x08002f9e   0x00000002   PAD
    0x08002fa0   0x08002fa0   0x0000025c   Code   RO          651    i.HAL_RCC_ClockConfig  stm32h7xx_hal_rcc.o
    0x080031fc   0x080031fc   0x00000044   Code   RO          656    i.HAL_RCC_GetHCLKFreq  stm32h7xx_hal_rcc.o
    0x08003240   0x08003240   0x00000024   Code   RO          658    i.HAL_RCC_GetPCLK1Freq  stm32h7xx_hal_rcc.o
    0x08003264   0x08003264   0x00000024   Code   RO          659    i.HAL_RCC_GetPCLK2Freq  stm32h7xx_hal_rcc.o
    0x08003288   0x08003288   0x00000138   Code   RO          660    i.HAL_RCC_GetSysClockFreq  stm32h7xx_hal_rcc.o
    0x080033c0   0x080033c0   0x00000508   Code   RO          663    i.HAL_RCC_OscConfig  stm32h7xx_hal_rcc.o
    0x080038c8   0x080038c8   0x00000026   Code   RO          526    i.HAL_SYSTICK_Config  stm32h7xx_hal_cortex.o
    0x080038ee   0x080038ee   0x00000002   PAD
    0x080038f0   0x080038f0   0x000000a0   Code   RO         3621    i.HAL_TIMEx_ConfigBreakDeadTime  stm32h7xx_hal_tim_ex.o
    0x08003990   0x08003990   0x00000098   Code   RO         3639    i.HAL_TIMEx_MasterConfigSynchronization  stm32h7xx_hal_tim_ex.o
    0x08003a28   0x08003a28   0x00000062   Code   RO         2903    i.HAL_TIM_Base_Init  stm32h7xx_hal_tim.o
    0x08003a8a   0x08003a8a   0x00000002   PAD
    0x08003a8c   0x08003a8c   0x0000005c   Code   RO          314    i.HAL_TIM_Base_MspInit  tim.o
    0x08003ae8   0x08003ae8   0x000000f8   Code   RO         2912    i.HAL_TIM_ConfigClockSource  stm32h7xx_hal_tim.o
    0x08003be0   0x08003be0   0x0000008c   Code   RO          315    i.HAL_TIM_MspPostInit  tim.o
    0x08003c6c   0x08003c6c   0x0000011e   Code   RO         2975    i.HAL_TIM_PWM_ConfigChannel  stm32h7xx_hal_tim.o
    0x08003d8a   0x08003d8a   0x00000062   Code   RO         2978    i.HAL_TIM_PWM_Init  stm32h7xx_hal_tim.o
    0x08003dec   0x08003dec   0x00000002   Code   RO         2980    i.HAL_TIM_PWM_MspInit  stm32h7xx_hal_tim.o
    0x08003dee   0x08003dee   0x00000002   PAD
    0x08003df0   0x08003df0   0x000000d8   Code   RO         2983    i.HAL_TIM_PWM_Start  stm32h7xx_hal_tim.o
    0x08003ec8   0x08003ec8   0x00000040   Code   RO         4310    i.HAL_UARTEx_DisableFifoMode  stm32h7xx_hal_uart_ex.o
    0x08003f08   0x08003f08   0x00000002   Code   RO         4314    i.HAL_UARTEx_RxFifoFullCallback  stm32h7xx_hal_uart_ex.o
    0x08003f0a   0x08003f0a   0x0000004c   Code   RO         4315    i.HAL_UARTEx_SetRxFifoThreshold  stm32h7xx_hal_uart_ex.o
    0x08003f56   0x08003f56   0x0000004c   Code   RO         4316    i.HAL_UARTEx_SetTxFifoThreshold  stm32h7xx_hal_uart_ex.o
    0x08003fa2   0x08003fa2   0x00000002   Code   RO         4318    i.HAL_UARTEx_TxFifoEmptyCallback  stm32h7xx_hal_uart_ex.o
    0x08003fa4   0x08003fa4   0x00000002   Code   RO         4319    i.HAL_UARTEx_WakeupCallback  stm32h7xx_hal_uart_ex.o
    0x08003fa6   0x08003fa6   0x00000002   Code   RO         3932    i.HAL_UART_ErrorCallback  stm32h7xx_hal_uart.o
    0x08003fa8   0x08003fa8   0x000001c0   Code   RO         3935    i.HAL_UART_IRQHandler  stm32h7xx_hal_uart.o
    0x08004168   0x08004168   0x0000006a   Code   RO         3936    i.HAL_UART_Init     stm32h7xx_hal_uart.o
    0x080041d2   0x080041d2   0x00000002   PAD
    0x080041d4   0x080041d4   0x00000134   Code   RO          374    i.HAL_UART_MspInit  usart.o
    0x08004308   0x08004308   0x000000be   Code   RO         3945    i.HAL_UART_Transmit  stm32h7xx_hal_uart.o
    0x080043c6   0x080043c6   0x00000002   Code   RO         3948    i.HAL_UART_TxCpltCallback  stm32h7xx_hal_uart.o
    0x080043c8   0x080043c8   0x0000004c   Code   RO          247    i.MX_DMA_Init       dma.o
    0x08004414   0x08004414   0x000000c4   Code   RO          223    i.MX_GPIO_Init      gpio.o
    0x080044d8   0x080044d8   0x00000058   Code   RO          273    i.MX_I2C1_Init      i2c.o
    0x08004530   0x08004530   0x0000009c   Code   RO          316    i.MX_TIM16_Init     tim.o
    0x080045cc   0x080045cc   0x0000009c   Code   RO          317    i.MX_TIM17_Init     tim.o
    0x08004668   0x08004668   0x000000a0   Code   RO          318    i.MX_TIM2_Init      tim.o
    0x08004708   0x08004708   0x00000068   Code   RO          375    i.MX_USART1_UART_Init  usart.o
    0x08004770   0x08004770   0x00000068   Code   RO          376    i.MX_USART3_UART_Init  usart.o
    0x080047d8   0x080047d8   0x00000002   Code   RO          425    i.NMI_Handler       stm32h7xx_it.o
    0x080047da   0x080047da   0x00000002   PAD
    0x080047dc   0x080047dc   0x00000120   Code   RO          778    i.RCCEx_PLL2_Config  stm32h7xx_hal_rcc_ex.o
    0x080048fc   0x080048fc   0x00000120   Code   RO          779    i.RCCEx_PLL3_Config  stm32h7xx_hal_rcc_ex.o
    0x08004a1c   0x08004a1c   0x00000012   Code   RO         4846    i.SysTick_Handler   board.o
    0x08004a2e   0x08004a2e   0x00000002   PAD
    0x08004a30   0x08004a30   0x000000ac   Code   RO           14    i.SystemClock_Config  main.o
    0x08004adc   0x08004adc   0x00000148   Code   RO         4403    i.SystemCoreClockUpdate  system_stm32h7xx.o
    0x08004c24   0x08004c24   0x000000e4   Code   RO         4404    i.SystemInit        system_stm32h7xx.o
    0x08004d08   0x08004d08   0x000000c4   Code   RO         2996    i.TIM_Base_SetConfig  stm32h7xx_hal_tim.o
    0x08004dcc   0x08004dcc   0x0000001a   Code   RO         2997    i.TIM_CCxChannelCmd  stm32h7xx_hal_tim.o
    0x08004de6   0x08004de6   0x00000012   Code   RO         3007    i.TIM_ETR_SetConfig  stm32h7xx_hal_tim.o
    0x08004df8   0x08004df8   0x00000014   Code   RO         3008    i.TIM_ITRx_SetConfig  stm32h7xx_hal_tim.o
    0x08004e0c   0x08004e0c   0x000000a8   Code   RO         3009    i.TIM_OC1_SetConfig  stm32h7xx_hal_tim.o
    0x08004eb4   0x08004eb4   0x00000098   Code   RO         3010    i.TIM_OC2_SetConfig  stm32h7xx_hal_tim.o
    0x08004f4c   0x08004f4c   0x0000008c   Code   RO         3011    i.TIM_OC3_SetConfig  stm32h7xx_hal_tim.o
    0x08004fd8   0x08004fd8   0x0000006c   Code   RO         3012    i.TIM_OC4_SetConfig  stm32h7xx_hal_tim.o
    0x08005044   0x08005044   0x0000006c   Code   RO         3013    i.TIM_OC5_SetConfig  stm32h7xx_hal_tim.o
    0x080050b0   0x080050b0   0x0000006c   Code   RO         3014    i.TIM_OC6_SetConfig  stm32h7xx_hal_tim.o
    0x0800511c   0x0800511c   0x00000022   Code   RO         3016    i.TIM_TI1_ConfigInputStage  stm32h7xx_hal_tim.o
    0x0800513e   0x0800513e   0x00000024   Code   RO         3018    i.TIM_TI2_ConfigInputStage  stm32h7xx_hal_tim.o
    0x08005162   0x08005162   0x00000002   PAD
    0x08005164   0x08005164   0x00000064   Code   RO         4320    i.UARTEx_SetNbDataToProcess  stm32h7xx_hal_uart_ex.o
    0x080051c8   0x080051c8   0x000000c8   Code   RO         3950    i.UART_AdvFeatureConfig  stm32h7xx_hal_uart.o
    0x08005290   0x08005290   0x0000005e   Code   RO         3951    i.UART_CheckIdleState  stm32h7xx_hal_uart.o
    0x080052ee   0x080052ee   0x00000014   Code   RO         3952    i.UART_DMAAbortOnError  stm32h7xx_hal_uart.o
    0x08005302   0x08005302   0x00000002   PAD
    0x08005304   0x08005304   0x00000028   Code   RO         3962    i.UART_EndRxTransfer  stm32h7xx_hal_uart.o
    0x0800532c   0x0800532c   0x000003b0   Code   RO         3968    i.UART_SetConfig    stm32h7xx_hal_uart.o
    0x080056dc   0x080056dc   0x000000a4   Code   RO         3973    i.UART_WaitOnFlagUntilTimeout  stm32h7xx_hal_uart.o
    0x08005780   0x08005780   0x0000000c   Code   RO          426    i.USART1_IRQHandler  stm32h7xx_it.o
    0x0800578c   0x0800578c   0x0000004c   Code   RO         4553    i.USART3_IRQHandler  uartfinshchario.o
    0x080057d8   0x080057d8   0x00000002   Code   RO          427    i.UsageFault_Handler  stm32h7xx_it.o
    0x080057da   0x080057da   0x00000022   Code   RO          528    i.__NVIC_SetPriority  stm32h7xx_hal_cortex.o
    0x080057fc   0x080057fc   0x00000044   Code   RO         5094    i.__rt_ffs          kservice.o
    0x08005840   0x08005840   0x00000014   Code   RO         4972    i._has_defunct_thread  idle.o
    0x08005854   0x08005854   0x0000009c   Code   RO         4791    i._msh_exec_cmd     msh.o
    0x080058f0   0x080058f0   0x00000074   Code   RO         5371    i._rt_thread_init   thread.o
    0x08005964   0x08005964   0x00000012   Code   RO         5479    i._rt_timer_remove  timer.o
    0x08005976   0x08005976   0x00000002   PAD
    0x08005978   0x08005978   0x00000034   Code   RO         5619    i.beginPWM          ui.o
    0x080059ac   0x080059ac   0x000000e8   Code   RO         5554    i.bus_fault_track   cpuport.o
    0x08005a94   0x08005a94   0x0000000a   Code   RO         4792    i.cmd_ps            msh.o
    0x08005a9e   0x08005a9e   0x00000002   PAD
    0x08005aa0   0x08005aa0   0x00000060   Code   RO         4619    i.finsh_get_prompt  shell.o
    0x08005b00   0x08005b00   0x00000018   Code   RO         4622    i.finsh_set_prompt_mode  shell.o
    0x08005b18   0x08005b18   0x0000000c   Code   RO         4623    i.finsh_system_function_init  shell.o
    0x08005b24   0x08005b24   0x00000078   Code   RO         4624    i.finsh_system_init  shell.o
    0x08005b9c   0x08005b9c   0x00000298   Code   RO         4626    i.finsh_thread_entry  shell.o
    0x08005e34   0x08005e34   0x00000078   Code   RO         5555    i.hard_fault_track  cpuport.o
    0x08005eac   0x08005eac   0x00000020   Code   RO         4708    i.hello             cmd.o
    0x08005ecc   0x08005ecc   0x00000054   Code   RO         4709    i.list              cmd.o
    0x08005f20   0x08005f20   0x00000024   Code   RO         4710    i.list_find_init    cmd.o
    0x08005f44   0x08005f44   0x00000066   Code   RO         4711    i.list_get_next     cmd.o
    0x08005faa   0x08005faa   0x00000002   PAD
    0x08005fac   0x08005fac   0x00000140   Code   RO         4712    i.list_sem          cmd.o
    0x080060ec   0x080060ec   0x000001bc   Code   RO         4713    i.list_thread       cmd.o
    0x080062a8   0x080062a8   0x00000140   Code   RO         4714    i.list_timer        cmd.o
    0x080063e8   0x080063e8   0x0000001c   Code   RO           15    i.main              main.o
    0x08006404   0x08006404   0x0000000e   Code   RO         4904    i.main_thread_entry  components.o
    0x08006412   0x08006412   0x00000002   PAD
    0x08006414   0x08006414   0x000000d8   Code   RO         5556    i.mem_manage_fault_track  cpuport.o
    0x080064ec   0x080064ec   0x000000ac   Code   RO         4793    i.msh_auto_complete  msh.o
    0x08006598   0x08006598   0x00000064   Code   RO         4794    i.msh_exec          msh.o
    0x080065fc   0x080065fc   0x0000006c   Code   RO         4795    i.msh_help          msh.o
    0x08006668   0x08006668   0x00000004   Code   RO         4796    i.msh_is_used       msh.o
    0x0800666c   0x0800666c   0x000000d0   Code   RO         4797    i.msh_split         msh.o
    0x0800673c   0x0800673c   0x00000032   Code   RO         4440    i.myBSPInit         bspinit.o
    0x0800676e   0x0800676e   0x00000002   PAD
    0x08006770   0x08006770   0x00000018   Code   RO         4715    i.object_split      cmd.o
    0x08006788   0x08006788   0x00000134   Code   RO         5096    i.print_number      kservice.o
    0x080068bc   0x080068bc   0x0000003c   Code   RO         4905    i.rt_application_init  components.o
    0x080068f8   0x080068f8   0x0000001c   Code   RO         4906    i.rt_components_board_init  components.o
    0x08006914   0x08006914   0x0000001c   Code   RO         4907    i.rt_components_init  components.o
    0x08006930   0x08006930   0x0000001c   Code   RO         5310    i.rt_enter_critical  scheduler.o
    0x0800694c   0x0800694c   0x00000038   Code   RO         5311    i.rt_exit_critical  scheduler.o
    0x08006984   0x08006984   0x00000040   Code   RO         4847    i.rt_hw_board_init  board.o
    0x080069c4   0x080069c4   0x0000002c   Code   RO         4554    i.rt_hw_console_getchar  uartfinshchario.o
    0x080069f0   0x080069f0   0x0000001c   Code   RO         4555    i.rt_hw_console_output  uartfinshchario.o
    0x08006a0c   0x08006a0c   0x00000218   Code   RO         5560    i.rt_hw_hard_fault_exception  cpuport.o
    0x08006c24   0x08006c24   0x00000038   Code   RO         5561    i.rt_hw_stack_init  cpuport.o
    0x08006c5c   0x08006c5c   0x0000001c   Code   RO         5067    i.rt_interrupt_enter  irq.o
    0x08006c78   0x08006c78   0x0000001c   Code   RO         5069    i.rt_interrupt_leave  irq.o
    0x08006c94   0x08006c94   0x00000020   Code   RO         5099    i.rt_kprintf        kservice.o
    0x08006cb4   0x08006cb4   0x0000000e   Code   RO         5372    i.rt_list_insert_after  thread.o
    0x08006cc2   0x08006cc2   0x0000000e   Code   RO         5480    i.rt_list_insert_after  timer.o
    0x08006cd0   0x08006cd0   0x0000000e   Code   RO         5013    i.rt_list_insert_before  ipc.o
    0x08006cde   0x08006cde   0x00000012   Code   RO         4716    i.rt_list_len       cmd.o
    0x08006cf0   0x08006cf0   0x00000012   Code   RO         5373    i.rt_list_remove    thread.o
    0x08006d02   0x08006d02   0x00000002   PAD
    0x08006d04   0x08006d04   0x00000032   Code   RO         5103    i.rt_memmove        kservice.o
    0x08006d36   0x08006d36   0x00000042   Code   RO         5104    i.rt_memset         kservice.o
    0x08006d78   0x08006d78   0x00000024   Code   RO         5256    i.rt_object_detach  object.o
    0x08006d9c   0x08006d9c   0x00000024   Code   RO         5258    i.rt_object_get_information  object.o
    0x08006dc0   0x08006dc0   0x00000052   Code   RO         5260    i.rt_object_init    object.o
    0x08006e12   0x08006e12   0x0000000e   Code   RO         5261    i.rt_object_is_systemobject  object.o
    0x08006e20   0x08006e20   0x0000003a   Code   RO         4556    i.rt_ringbuffer_data_len  uartfinshchario.o
    0x08006e5a   0x08006e5a   0x00000046   Code   RO         4557    i.rt_ringbuffer_getchar  uartfinshchario.o
    0x08006ea0   0x08006ea0   0x00000026   Code   RO         4558    i.rt_ringbuffer_init  uartfinshchario.o
    0x08006ec6   0x08006ec6   0x0000004a   Code   RO         4559    i.rt_ringbuffer_putchar  uartfinshchario.o
    0x08006f10   0x08006f10   0x00000058   Code   RO         5312    i.rt_schedule       scheduler.o
    0x08006f68   0x08006f68   0x00000050   Code   RO         5313    i.rt_schedule_insert_thread  scheduler.o
    0x08006fb8   0x08006fb8   0x00000048   Code   RO         5314    i.rt_schedule_remove_thread  scheduler.o
    0x08007000   0x08007000   0x00000024   Code   RO         5016    i.rt_sem_init       ipc.o
    0x08007024   0x08007024   0x00000036   Code   RO         5017    i.rt_sem_release    ipc.o
    0x0800705a   0x0800705a   0x00000002   PAD
    0x0800705c   0x0800705c   0x000000ae   Code   RO         5018    i.rt_sem_take       ipc.o
    0x0800710a   0x0800710a   0x00000002   PAD
    0x0800710c   0x0800710c   0x000000b0   Code   RO         5106    i.rt_show_version   kservice.o
    0x080071bc   0x080071bc   0x00000010   Code   RO         5111    i.rt_strlen         kservice.o
    0x080071cc   0x080071cc   0x00000026   Code   RO         5113    i.rt_strncpy        kservice.o
    0x080071f2   0x080071f2   0x00000002   PAD
    0x080071f4   0x080071f4   0x00000034   Code   RO         5315    i.rt_system_scheduler_init  scheduler.o
    0x08007228   0x08007228   0x00000028   Code   RO         5316    i.rt_system_scheduler_start  scheduler.o
    0x08007250   0x08007250   0x0000000c   Code   RO         5481    i.rt_system_timer_init  timer.o
    0x0800725c   0x0800725c   0x00000002   Code   RO         5482    i.rt_system_timer_thread_init  timer.o
    0x0800725e   0x0800725e   0x00000002   PAD
    0x08007260   0x08007260   0x00000058   Code   RO         5377    i.rt_thread_exit    thread.o
    0x080072b8   0x080072b8   0x00000006   Code   RO         4973    i.rt_thread_idle_entry  idle.o
    0x080072be   0x080072be   0x00000002   PAD
    0x080072c0   0x080072c0   0x0000006c   Code   RO         4974    i.rt_thread_idle_excute  idle.o
    0x0800732c   0x0800732c   0x00000038   Code   RO         4976    i.rt_thread_idle_init  idle.o
    0x08007364   0x08007364   0x00000030   Code   RO         5379    i.rt_thread_init    thread.o
    0x08007394   0x08007394   0x0000000e   Code   RO         5380    i.rt_thread_mdelay  thread.o
    0x080073a2   0x080073a2   0x0000003c   Code   RO         5381    i.rt_thread_resume  thread.o
    0x080073de   0x080073de   0x00000002   PAD
    0x080073e0   0x080073e0   0x0000000c   Code   RO         5382    i.rt_thread_self    thread.o
    0x080073ec   0x080073ec   0x00000040   Code   RO         5383    i.rt_thread_sleep   thread.o
    0x0800742c   0x0800742c   0x0000002c   Code   RO         5384    i.rt_thread_startup  thread.o
    0x08007458   0x08007458   0x00000042   Code   RO         5385    i.rt_thread_suspend  thread.o
    0x0800749a   0x0800749a   0x0000001e   Code   RO         5386    i.rt_thread_timeout  thread.o
    0x080074b8   0x080074b8   0x00000060   Code   RO         5387    i.rt_thread_yield   thread.o
    0x08007518   0x08007518   0x00000034   Code   RO         4866    i.rt_tick_from_millisecond  clock.o
    0x0800754c   0x0800754c   0x0000000c   Code   RO         4867    i.rt_tick_get       clock.o
    0x08007558   0x08007558   0x0000002c   Code   RO         4868    i.rt_tick_increase  clock.o
    0x08007584   0x08007584   0x00000068   Code   RO         5483    i.rt_timer_check    timer.o
    0x080075ec   0x080075ec   0x00000030   Code   RO         5484    i.rt_timer_control  timer.o
    0x0800761c   0x0800761c   0x00000020   Code   RO         5485    i.rt_timer_detach   timer.o
    0x0800763c   0x0800763c   0x00000030   Code   RO         5486    i.rt_timer_init     timer.o
    0x0800766c   0x0800766c   0x0000008c   Code   RO         5488    i.rt_timer_start    timer.o
    0x080076f8   0x080076f8   0x0000002e   Code   RO         5489    i.rt_timer_stop     timer.o
    0x08007726   0x08007726   0x00000002   PAD
    0x08007728   0x08007728   0x0000027c   Code   RO         5116    i.rt_vsnprintf      kservice.o
    0x080079a4   0x080079a4   0x00000004   Code   RO         4908    i.rti_board_end     components.o
    0x080079a8   0x080079a8   0x00000004   Code   RO         4909    i.rti_board_start   components.o
    0x080079ac   0x080079ac   0x00000004   Code   RO         4910    i.rti_end           components.o
    0x080079b0   0x080079b0   0x00000004   Code   RO         4911    i.rti_start         components.o
    0x080079b4   0x080079b4   0x0000002a   Code   RO         4912    i.rtthread_startup  components.o
    0x080079de   0x080079de   0x00000002   PAD
    0x080079e0   0x080079e0   0x0000006c   Code   RO         5620    i.setEngine         ui.o
    0x08007a4c   0x08007a4c   0x00000028   Code   RO         5118    i.skip_atoi         kservice.o
    0x08007a74   0x08007a74   0x0000002c   Code   RO         4470    i.steerEngine_Init  pwmdevice.o
    0x08007aa0   0x08007aa0   0x00000054   Code   RO         4472    i.steerEngine_SetSpeed  pwmdevice.o
    0x08007af4   0x08007af4   0x000000d0   Code   RO         5562    i.usage_fault_track  cpuport.o
    0x08007bc4   0x08007bc4   0x0000000a   Code   RO         4717    i.version           cmd.o
    0x08007bce   0x08007bce   0x00000002   PAD
    0x08007bd0   0x08007bd0   0x0000002c   Code   RO         5740    locale$$code        c_w.l(lc_ctype_c.o)
    0x08007bfc   0x08007bfc   0x0000000a   Code   RO         5808    x$fpl$fpinit        fz_wv.l(fpinit.o)
    0x08007c06   0x08007c06   0x00000008   Data   RO         1287    .constdata          stm32h7xx_hal_dma.o
    0x08007c0e   0x08007c0e   0x00000018   Data   RO         3974    .constdata          stm32h7xx_hal_uart.o
    0x08007c26   0x08007c26   0x00000010   Data   RO         4405    .constdata          system_stm32h7xx.o
    0x08007c36   0x08007c36   0x00000002   PAD
    0x08007c38   0x08007c38   0x00000020   Data   RO         4474    .constdata          pwmdevice.o
    0x08007c58   0x08007c58   0x00000006   Data   RO         4718    .constdata          cmd.o
    0x08007c5e   0x08007c5e   0x00000008   Data   RO         4719    .constdata          cmd.o
    0x08007c66   0x08007c66   0x0000000e   Data   RO         4720    .constdata          cmd.o
    0x08007c74   0x08007c74   0x0000000c   Data   RO         4721    .constdata          cmd.o
    0x08007c80   0x08007c80   0x00000012   Data   RO         4722    .constdata          cmd.o
    0x08007c92   0x08007c92   0x00000009   Data   RO         4723    .constdata          cmd.o
    0x08007c9b   0x08007c9b   0x0000000f   Data   RO         4724    .constdata          cmd.o
    0x08007caa   0x08007caa   0x0000000b   Data   RO         4725    .constdata          cmd.o
    0x08007cb5   0x08007cb5   0x00000011   Data   RO         4726    .constdata          cmd.o
    0x08007cc6   0x08007cc6   0x00000005   Data   RO         4727    .constdata          cmd.o
    0x08007ccb   0x08007ccb   0x0000000b   Data   RO         4798    .constdata          msh.o
    0x08007cd6   0x08007cd6   0x00000009   Data   RO         4799    .constdata          msh.o
    0x08007cdf   0x08007cdf   0x00000122   Data   RO         5120    .constdata          kservice.o
    0x08007e01   0x08007e01   0x0000000f   Data   RO         5621    .constdata          ui.o
    0x08007e10   0x08007e10   0x00000010   Data   RO         5622    .constdata          ui.o
    0x08007e20   0x08007e20   0x00000044   Data   RO         4728    .conststring        cmd.o
    0x08007e64   0x08007e64   0x00000004   Data   RO         4914    .rti_fn.0           components.o
    0x08007e68   0x08007e68   0x00000004   Data   RO         4915    .rti_fn.0.end       components.o
    0x08007e6c   0x08007e6c   0x00000004   Data   RO         4441    .rti_fn.1           bspinit.o
    0x08007e70   0x08007e70   0x00000004   Data   RO         4916    .rti_fn.1.end       components.o
    0x08007e74   0x08007e74   0x00000004   Data   RO         4629    .rti_fn.6           shell.o
    0x08007e78   0x08007e78   0x00000004   Data   RO         4917    .rti_fn.6.end       components.o
    0x08007e7c   0x08007e7c   0x00000050   Data   RO         4729    FSymTab             cmd.o
    0x08007ecc   0x08007ecc   0x00000010   Data   RO         4800    FSymTab             msh.o
    0x08007edc   0x08007edc   0x00000010   Data   RO         5623    FSymTab             ui.o
    0x08007eec   0x08007eec   0x00000020   Data   RO         5864    Region$$Table       anon$$obj.o
    0x08007f0c   0x08007f0c   0x00000110   Data   RO         5739    locale$$data        c_w.l(lc_ctype_c.o)


    Execution Region RW_IRAM1 (Exec base: 0x20000000, Load base: 0x0800801c, Size: 0x00000000, Max: 0x00020000, ABSOLUTE)

    **** No section assigned to this execution region ****


    Execution Region RW_IRAM2 (Exec base: 0x24000000, Load base: 0x0800801c, Size: 0x000014d0, Max: 0x00080000, ABSOLUTE)

    Exec Addr    Load Addr    Size         Type   Attr      Idx    E Section Name        Object

    0x24000000   0x0800801c   0x0000000c   Data   RW         2029    .data               stm32h7xx_hal.o
    0x2400000c   0x08008028   0x00000008   Data   RW         4406    .data               system_stm32h7xx.o
    0x24000014   0x08008030   0x00000018   Data   RW         4628    .data               shell.o
    0x2400002c   0x08008048   0x00000004   Data   RW         4870    .data               clock.o
    0x24000030   0x0800804c   0x00000001   Data   RW         5070    .data               irq.o
    0x24000031   0x0800804d   0x00000003   PAD
    0x24000034   0x08008050   0x00000030   Data   RW         5263    .data               object.o
    0x24000064   0x08008080   0x00000014   Data   RW         5318    .data               scheduler.o
    0x24000078   0x08008094   0x0000000c   Data   RW         5490    .data               timer.o
    0x24000084   0x080080a0   0x00000004   Data   RW         5563    .data               cpuport.o
    0x24000088   0x080080a4   0x00000004   Data   RW         5564    .data               cpuport.o
    0x2400008c   0x080080a8   0x00000004   Data   RW         5565    .data               cpuport.o
    0x24000090   0x080080ac   0x00000004   Data   RW         5566    .data               cpuport.o
    0x24000094        -       0x0000004c   Zero   RW          274    .bss                i2c.o
    0x240000e0        -       0x000000e4   Zero   RW          319    .bss                tim.o
    0x240001c4        -       0x00000208   Zero   RW          377    .bss                usart.o
    0x240003cc        -       0x0000003c   Zero   RW         4560    .bss                uartfinshchario.o
    0x24000408        -       0x00000374   Zero   RW         4627    .bss                shell.o
    0x2400077c   0x080080b0   0x00000004   PAD
    0x24000780        -       0x00000478   Zero   RW         4913    .bss                components.o
    0x24000bf8        -       0x000000f8   Zero   RW         4977    .bss                idle.o
    0x24000cf0        -       0x00000080   Zero   RW         5119    .bss                kservice.o
    0x24000d70        -       0x00000100   Zero   RW         5317    .bss                scheduler.o
    0x24000e70        -       0x00000060   Zero   RW         5728    .bss                c_w.l(libspace.o)
    0x24000ed0        -       0x00000200   Zero   RW            2    HEAP                startup_stm32h750xx.o
    0x240010d0        -       0x00000400   Zero   RW            1    STACK               startup_stm32h750xx.o


==============================================================================

Image component sizes


      Code (inc. data)   RO Data    RW Data    ZI Data      Debug   Object Name

        82         10          0          0          0       2279   board.o
        50          0          4          0          0       1186   bspinit.o
       108         12          0          4          0       2260   clock.o
      1390        516        263          0          0      13917   cmd.o
       198         32         16          0       1144       7376   components.o
       308         26          0          0          0        936   context_rvds.o
      1368        732          0         16          0       7482   cpuport.o
        76          4          0          0          0        994   dma.o
       196         12          0          0          0       1175   gpio.o
       192         26          0          0         76       1929   i2c.o
       190         26          0          0        248       6374   idle.o
       278          0          0          0          0       7057   ipc.o
        56         12          0          1          0       2082   irq.o
      1430        156        290          0        128      12409   kservice.o
       202         14          0          0          0    1296150   main.o
       758        152         36          0          0       7965   msh.o
       168          6          0         48          0       7052   object.o
       128         30         32          0          0       1979   pwmdevice.o
       416         56          0         20        256       9382   scheduler.o
       916        120          4         24        884      11115   shell.o
        64         26        664          0       1536        872   startup_stm32h750xx.o
       180         36          0         12          0      22482   stm32h7xx_hal.o
       198         12          0          0          0      39143   stm32h7xx_hal_cortex.o
      3920        150          8          0          0       8907   stm32h7xx_hal_dma.o
       584         50          0          0          0       3441   stm32h7xx_hal_gpio.o
       184          4          0          0          0       3035   stm32h7xx_hal_i2c.o
       172          0          0          0          0       2175   stm32h7xx_hal_i2c_ex.o
        32          4          0          0          0        998   stm32h7xx_hal_msp.o
        84          6          0          0          0        817   stm32h7xx_hal_pwr_ex.o
      2344        108          0          0          0       7312   stm32h7xx_hal_rcc.o
      3494        114          0          0          0       8113   stm32h7xx_hal_rcc_ex.o
      2062        212          0          0          0      15188   stm32h7xx_hal_tim.o
       312         34          0          0          0       2540   stm32h7xx_hal_tim_ex.o
      2210        126         24          0          0      29923   stm32h7xx_hal_uart.o
       322         18          0          0          0       5726   stm32h7xx_hal_uart_ex.o
        44         18          0          0          0       3469   stm32h7xx_it.o
       556         78         16          8          0       2662   system_stm32h7xx.o
       670         44          0          0          0      12854   thread.o
       704         62          0          0        228       4346   tim.o
       464         14          0         12          0      11204   timer.o
       452         40          0          0         60       6283   uartfinshchario.o
       160         60         47          0          0       2125   ui.o
       516         54          0          0        520       2957   usart.o

    ----------------------------------------------------------------------
     28290       3212       1438        148       5084    1597671   Object Totals
         0          0         32          0          0          0   (incl. Generated)
        52          0          2          3          4          0   (incl. Padding)

    ----------------------------------------------------------------------

      Code (inc. data)   RO Data    RW Data    ZI Data      Debug   Library Member Name

        60          8          0          0          0         84   __0sscanf.o
         8          0          0          0          0         68   __main.o
         0          0          0          0          0          0   __rtentry.o
        12          0          0          0          0          0   __rtentry2.o
         6          0          0          0          0          0   __rtentry4.o
        52          8          0          0          0          0   __scatter.o
        26          0          0          0          0          0   __scatter_copy.o
        28          0          0          0          0          0   __scatter_zi.o
        28          0          0          0          0         68   _chval.o
       884          6          0          0          0        100   _scanf.o
       332          0          0          0          0         96   _scanf_int.o
        64          0          0          0          0         84   _sgetc.o
        18          0          0          0          0         80   exit.o
         6          0          0          0          0        152   heapauxi.o
         0          0          0          0          0          0   indicate_semi.o
        18          0          0          0          0         76   isspace.o
        44         10        272          0          0         76   lc_ctype_c.o
         2          0          0          0          0          0   libinit.o
        24          0          0          0          0          0   libinit2.o
         2          0          0          0          0          0   libshutdown.o
         2          0          0          0          0          0   libshutdown2.o
         8          4          0          0         96         68   libspace.o
       238          0          0          0          0        100   lludivv7m.o
        16          4          0          0          0         76   rt_ctype_table.o
         8          4          0          0          0         68   rt_locale_intlibspace.o
        68          0          0          0          0         68   rt_memclr.o
        78          0          0          0          0         80   rt_memclr_w.o
       100          0          0          0          0         80   rt_memcpy_w.o
         2          0          0          0          0          0   rtexit.o
        10          0          0          0          0          0   rtexit2.o
        44          8          0          0          0         84   scanf_char.o
        24          0          0          0          0         68   strcat.o
       104          0          0          0          0         68   strcmpv7m_pel.o
        72          0          0          0          0         80   strcpy.o
        62          0          0          0          0         76   strlen.o
       150          0          0          0          0         80   strncmp.o
        86          0          0          0          0         76   strncpy.o
        12          4          0          0          0         68   sys_exit.o
        74          0          0          0          0         80   sys_stackheap_outer.o
         2          0          0          0          0         68   use_no_semi.o
        10          0          0          0          0        116   fpinit.o

    ----------------------------------------------------------------------
      2796         56        272          0         96       2288   Library Totals
        12          0          0          0          0          0   (incl. Padding)

    ----------------------------------------------------------------------

      Code (inc. data)   RO Data    RW Data    ZI Data      Debug   Library Name

      2774         56        272          0         96       2172   c_w.l
        10          0          0          0          0        116   fz_wv.l

    ----------------------------------------------------------------------
      2796         56        272          0         96       2288   Library Totals

    ----------------------------------------------------------------------

==============================================================================


      Code (inc. data)   RO Data    RW Data    ZI Data      Debug   

     31086       3268       1710        148       5180    1578763   Grand Totals
     31086       3268       1710        148       5180    1578763   ELF Image Totals
     31086       3268       1710        148          0          0   ROM Totals

==============================================================================

    Total RO  Size (Code + RO Data)                32796 (  32.03kB)
    Total RW  Size (RW Data + ZI Data)              5328 (   5.20kB)
    Total ROM Size (Code + RO Data + RW Data)      32944 (  32.17kB)

==============================================================================

