Component: ARM Compiler 5.06 update 6 (build 750) Tool: armlink [4d35ed]

==============================================================================

Section Cross References

    startup_stm32h750xx.o(STACK) refers (Special) to heapauxi.o(.text) for __use_two_region_memory
    startup_stm32h750xx.o(HEAP) refers (Special) to heapauxi.o(.text) for __use_two_region_memory
    startup_stm32h750xx.o(RESET) refers (Special) to heapauxi.o(.text) for __use_two_region_memory
    startup_stm32h750xx.o(RESET) refers to startup_stm32h750xx.o(STACK) for __initial_sp
    startup_stm32h750xx.o(RESET) refers to startup_stm32h750xx.o(.text) for Reset_Handler
    startup_stm32h750xx.o(RESET) refers to stm32h7xx_it.o(i.NMI_Handler) for NMI_Handler
    startup_stm32h750xx.o(RESET) refers to context_rvds.o(.text) for HardFault_Handler
    startup_stm32h750xx.o(RESET) refers to stm32h7xx_it.o(i.BusFault_Handler) for BusFault_Handler
    startup_stm32h750xx.o(RESET) refers to stm32h7xx_it.o(i.UsageFault_Handler) for UsageFault_Handler
    startup_stm32h750xx.o(RESET) refers to stm32h7xx_it.o(i.DebugMon_Handler) for DebugMon_Handler
    startup_stm32h750xx.o(RESET) refers to board.o(i.SysTick_Handler) for SysTick_Handler
    startup_stm32h750xx.o(RESET) refers to stm32h7xx_it.o(i.EXTI2_IRQHandler) for EXTI2_IRQHandler
    startup_stm32h750xx.o(RESET) refers to stm32h7xx_it.o(i.EXTI3_IRQHandler) for EXTI3_IRQHandler
    startup_stm32h750xx.o(RESET) refers to stm32h7xx_it.o(i.EXTI4_IRQHandler) for EXTI4_IRQHandler
    startup_stm32h750xx.o(RESET) refers to stm32h7xx_it.o(i.DMA1_Stream0_IRQHandler) for DMA1_Stream0_IRQHandler
    startup_stm32h750xx.o(RESET) refers to stm32h7xx_it.o(i.EXTI9_5_IRQHandler) for EXTI9_5_IRQHandler
    startup_stm32h750xx.o(RESET) refers to stm32h7xx_it.o(i.USART1_IRQHandler) for USART1_IRQHandler
    startup_stm32h750xx.o(RESET) refers to uartfinshchario.o(i.USART3_IRQHandler) for USART3_IRQHandler
    startup_stm32h750xx.o(RESET) refers to stm32h7xx_it.o(i.EXTI15_10_IRQHandler) for EXTI15_10_IRQHandler
    startup_stm32h750xx.o(RESET) refers to stm32h7xx_it.o(i.DMA2_Stream0_IRQHandler) for DMA2_Stream0_IRQHandler
    startup_stm32h750xx.o(.text) refers (Special) to heapauxi.o(.text) for __use_two_region_memory
    startup_stm32h750xx.o(.text) refers to system_stm32h7xx.o(i.SystemInit) for SystemInit
    startup_stm32h750xx.o(.text) refers to __main.o(!!!main) for __main
    startup_stm32h750xx.o(.text) refers to startup_stm32h750xx.o(HEAP) for Heap_Mem
    startup_stm32h750xx.o(.text) refers to startup_stm32h750xx.o(STACK) for Stack_Mem
    main.o(i.SystemClock_Config) refers to rt_memclr_w.o(.text) for __aeabi_memclr4
    main.o(i.SystemClock_Config) refers to stm32h7xx_hal_pwr_ex.o(i.HAL_PWREx_ConfigSupply) for HAL_PWREx_ConfigSupply
    main.o(i.SystemClock_Config) refers to stm32h7xx_hal_rcc.o(i.HAL_RCC_OscConfig) for HAL_RCC_OscConfig
    main.o(i.SystemClock_Config) refers to stm32h7xx_hal_rcc.o(i.HAL_RCC_ClockConfig) for HAL_RCC_ClockConfig
    main.o(i.SystemClock_Config) refers to stm32h7xx_hal_rcc_ex.o(i.HAL_RCCEx_PeriphCLKConfig) for HAL_RCCEx_PeriphCLKConfig
    main.o(i.main) refers to thread.o(i.rt_thread_mdelay) for rt_thread_mdelay
    main.o(i.main) refers to stm32h7xx_hal_gpio.o(i.HAL_GPIO_TogglePin) for HAL_GPIO_TogglePin
    gpio.o(i.MX_GPIO_Init) refers to rt_memclr_w.o(.text) for __aeabi_memclr4
    gpio.o(i.MX_GPIO_Init) refers to stm32h7xx_hal_gpio.o(i.HAL_GPIO_WritePin) for HAL_GPIO_WritePin
    gpio.o(i.MX_GPIO_Init) refers to stm32h7xx_hal_gpio.o(i.HAL_GPIO_Init) for HAL_GPIO_Init
    dma.o(i.MX_DMA_Init) refers to stm32h7xx_hal_cortex.o(i.HAL_NVIC_SetPriority) for HAL_NVIC_SetPriority
    dma.o(i.MX_DMA_Init) refers to stm32h7xx_hal_cortex.o(i.HAL_NVIC_EnableIRQ) for HAL_NVIC_EnableIRQ
    i2c.o(i.HAL_I2C_MspDeInit) refers to stm32h7xx_hal_gpio.o(i.HAL_GPIO_DeInit) for HAL_GPIO_DeInit
    i2c.o(i.HAL_I2C_MspInit) refers to rt_memclr_w.o(.text) for __aeabi_memclr4
    i2c.o(i.HAL_I2C_MspInit) refers to stm32h7xx_hal_gpio.o(i.HAL_GPIO_Init) for HAL_GPIO_Init
    i2c.o(i.MX_I2C1_Init) refers to stm32h7xx_hal_i2c.o(i.HAL_I2C_Init) for HAL_I2C_Init
    i2c.o(i.MX_I2C1_Init) refers to main.o(i.Error_Handler) for Error_Handler
    i2c.o(i.MX_I2C1_Init) refers to stm32h7xx_hal_i2c_ex.o(i.HAL_I2CEx_ConfigAnalogFilter) for HAL_I2CEx_ConfigAnalogFilter
    i2c.o(i.MX_I2C1_Init) refers to stm32h7xx_hal_i2c_ex.o(i.HAL_I2CEx_ConfigDigitalFilter) for HAL_I2CEx_ConfigDigitalFilter
    i2c.o(i.MX_I2C1_Init) refers to i2c.o(.bss) for .bss
    tim.o(i.HAL_TIM_MspPostInit) refers to rt_memclr_w.o(.text) for __aeabi_memclr4
    tim.o(i.HAL_TIM_MspPostInit) refers to stm32h7xx_hal_gpio.o(i.HAL_GPIO_Init) for HAL_GPIO_Init
    tim.o(i.MX_TIM16_Init) refers to rt_memclr_w.o(.text) for __aeabi_memclr4
    tim.o(i.MX_TIM16_Init) refers to stm32h7xx_hal_tim.o(i.HAL_TIM_Base_Init) for HAL_TIM_Base_Init
    tim.o(i.MX_TIM16_Init) refers to main.o(i.Error_Handler) for Error_Handler
[...]
    SAI2_IRQHandler                          0x08000363   Thumb Code     0  startup_stm32h750xx.o(.text)
    SAI3_IRQHandler                          0x08000363   Thumb Code     0  startup_stm32h750xx.o(.text)
    SAI4_IRQHandler                          0x08000363   Thumb Code     0  startup_stm32h750xx.o(.text)
    SDMMC1_IRQHandler                        0x08000363   Thumb Code     0  startup_stm32h750xx.o(.text)
    SDMMC2_IRQHandler                        0x08000363   Thumb Code     0  startup_stm32h750xx.o(.text)
    SPDIF_RX_IRQHandler                      0x08000363   Thumb Code     0  startup_stm32h750xx.o(.text)
    SPI1_IRQHandler                          0x08000363   Thumb Code     0  startup_stm32h750xx.o(.text)
    SPI2_IRQHandler                          0x08000363   Thumb Code     0  startup_stm32h750xx.o(.text)
    SPI3_IRQHandler                          0x08000363   Thumb Code     0  startup_stm32h750xx.o(.text)
    SPI4_IRQHandler                          0x08000363   Thumb Code     0  startup_stm32h750xx.o(.text)
    SPI5_IRQHandler                          0x08000363   Thumb Code     0  startup_stm32h750xx.o(.text)
    SPI6_IRQHandler                          0x08000363   Thumb Code     0  startup_stm32h750xx.o(.text)
    SWPMI1_IRQHandler                        0x08000363   Thumb Code     0  startup_stm32h750xx.o(.text)
    TAMP_STAMP_IRQHandler                    0x08000363   Thumb Code     0  startup_stm32h750xx.o(.text)
    TIM15_IRQHandler                         0x08000363   Thumb Code     0  startup_stm32h750xx.o(.text)
    TIM16_IRQHandler                         0x08000363   Thumb Code     0  startup_stm32h750xx.o(.text)
    TIM17_IRQHandler                         0x08000363   Thumb Code     0  startup_stm32h750xx.o(.text)
    TIM1_BRK_IRQHandler                      0x08000363   Thumb Code     0  startup_stm32h750xx.o(.text)
    TIM1_CC_IRQHandler                       0x08000363   Thumb Code     0  startup_stm32h750xx.o(.text)
    TIM1_TRG_COM_IRQHandler                  0x08000363   Thumb Code     0  startup_stm32h750xx.o(.text)
    TIM1_UP_IRQHandler                       0x08000363   Thumb Code     0  startup_stm32h750xx.o(.text)
    TIM2_IRQHandler                          0x08000363   Thumb Code     0  startup_stm32h750xx.o(.text)
    TIM3_IRQHandler                          0x08000363   Thumb Code     0  startup_stm32h750xx.o(.text)
    TIM4_IRQHandler                          0x08000363   Thumb Code     0  startup_stm32h750xx.o(.text)
    TIM5_IRQHandler                          0x08000363   Thumb Code     0  startup_stm32h750xx.o(.text)
    TIM6_DAC_IRQHandler                      0x08000363   Thumb Code     0  startup_stm32h750xx.o(.text)
    TIM7_IRQHandler                          0x08000363   Thumb Code     0  startup_stm32h750xx.o(.text)
    TIM8_BRK_TIM12_IRQHandler                0x08000363   Thumb Code     0  startup_stm32h750xx.o(.text)
    TIM8_CC_IRQHandler                       0x08000363   Thumb Code     0  startup_stm32h750xx.o(.text)
    TIM8_TRG_COM_TIM14_IRQHandler            0x08000363   Thumb Code     0  startup_stm32h750xx.o(.text)
    TIM8_UP_TIM13_IRQHandler                 0x08000363   Thumb Code     0  startup_stm32h750xx.o(.text)
    UART4_IRQHandler                         0x08000363   Thumb Code     0  startup_stm32h750xx.o(.text)
    UART5_IRQHandler                         0x08000363   Thumb Code     0  startup_stm32h750xx.o(.text)
    UART7_IRQHandler                         0x08000363   Thumb Code     0  startup_stm32h750xx.o(.text)
    UART8_IRQHandler                         0x08000363   Thumb Code     0  startup_stm32h750xx.o(.text)
    USART2_IRQHandler                        0x08000363   Thumb Code     0  startup_stm32h750xx.o(.text)
    USART6_IRQHandler                        0x08000363   Thumb Code     0  startup_stm32h750xx.o(.text)
    WAKEUP_PIN_IRQHandler                    0x08000363   Thumb Code     0  startup_stm32h750xx.o(.text)
    WWDG_IRQHandler                          0x08000363   Thumb Code     0  startup_stm32h750xx.o(.text)
    __user_initial_stackheap                 0x08000365   Thumb Code     0  startup_stm32h750xx.o(.text)
    rt_hw_interrupt_disable                  0x08000389   Thumb Code     8  context_rvds.o(.text)
    rt_hw_interrupt_enable                   0x08000391   Thumb Code     6  context_rvds.o(.text)
    rt_hw_context_switch                     0x08000397   Thumb Code    32  context_rvds.o(.text)
    rt_hw_context_switch_interrupt           0x08000397   Thumb Code     0  context_rvds.o(.text)
    PendSV_Handler                           0x080003b7   Thumb Code   108  context_rvds.o(.text)
    rt_hw_context_switch_to                  0x08000423   Thumb Code    70  context_rvds.o(.text)
    rt_hw_interrupt_thread_switch            0x08000469   Thumb Code     2  context_rvds.o(.text)
    HardFault_Handler                        0x0800046b   Thumb Code    56  context_rvds.o(.text)
    MemManage_Handler                        0x0800046b   Thumb Code     0  context_rvds.o(.text)
    __aeabi_uldivmod                         0x080004bd   Thumb Code     0  lludivv7m.o(.text)
    _ll_udiv                                 0x080004bd   Thumb Code   238  lludivv7m.o(.text)
    __0sscanf                                0x080005ad   Thumb Code    52  __0sscanf.o(.text)
    _scanf_int                               0x080005e9   Thumb Code   332  _scanf_int.o(.text)
    strcpy                                   0x08000735   Thumb Code    72  strcpy.o(.text)
    strlen                                   0x0800077d   Thumb Code    62  strlen.o(.text)
    strncmp                                  0x080007bb   Thumb Code   150  strncmp.o(.text)
    strcat                                   0x08000851   Thumb Code    24  strcat.o(.text)
    __aeabi_memcpy4                          0x08000869   Thumb Code     0  rt_memcpy_w.o(.text)
    __aeabi_memcpy8                          0x08000869   Thumb Code     0  rt_memcpy_w.o(.text)
    __rt_memcpy_w                            0x08000869   Thumb Code   100  rt_memcpy_w.o(.text)
    _memcpy_lastbytes_aligned                0x080008b1   Thumb Code     0  rt_memcpy_w.o(.text)
    __aeabi_memclr                           0x080008cd   Thumb Code     0  rt_memclr.o(.text)
    __rt_memclr                              0x080008cd   Thumb Code    68  rt_memclr.o(.text)
    _memset                                  0x080008d1   Thumb Code     0  rt_memclr.o(.text)
    __aeabi_memclr4                          0x08000911   Thumb Code     0  rt_memclr_w.o(.text)
    __aeabi_memclr8                          0x08000911   Thumb Code     0  rt_memclr_w.o(.text)
    __rt_memclr_w                            0x08000911   Thumb Code    78  rt_memclr_w.o(.text)
    _memset_w                                0x08000915   Thumb Code     0  rt_memclr_w.o(.text)
    strncpy                                  0x0800095f   Thumb Code    86  strncpy.o(.text)
    __use_two_region_memory                  0x080009b5   Thumb Code     2  heapauxi.o(.text)
    __rt_heap_escrow$2region                 0x080009b7   Thumb Code     2  heapauxi.o(.text)
    __rt_heap_expand$2region                 0x080009b9   Thumb Code     2  heapauxi.o(.text)
    _chval                                   0x080009bb   Thumb Code    28  _chval.o(.text)
    __vfscanf_char                           0x080009e5   Thumb Code    24  scanf_char.o(.text)
    _sgetc                                   0x08000a05   Thumb Code    30  _sgetc.o(.text)
    _sbackspace                              0x08000a23   Thumb Code    34  _sgetc.o(.text)
    isspace                                  0x08000a45   Thumb Code    18  isspace.o(.text)
    __vfscanf                                0x08000a59   Thumb Code   878  _scanf.o(.text)
    __user_setup_stackheap                   0x08000dcd   Thumb Code    74  sys_stackheap_outer.o(.text)
    __rt_ctype_table                         0x08000e19   Thumb Code    16  rt_ctype_table.o(.text)
    exit                                     0x08000e29   Thumb Code    18  exit.o(.text)
    __user_libspace                          0x08000e3d   Thumb Code     8  libspace.o(.text)
    __user_perproc_libspace                  0x08000e3d   Thumb Code     0  libspace.o(.text)
    __user_perthread_libspace                0x08000e3d   Thumb Code     0  libspace.o(.text)
    __rt_locale                              0x08000e45   Thumb Code     8  rt_locale_intlibspace.o(.text)
    _sys_exit                                0x08000e4d   Thumb Code     8  sys_exit.o(.text)
    strcmp                                   0x08000e59   Thumb Code   104  strcmpv7m_pel.o(.text)
    __I$use$semihosting                      0x08000ec1   Thumb Code     0  use_no_semi.o(.text)
    __use_no_semihosting_swi                 0x08000ec1   Thumb Code     2  use_no_semi.o(.text)
    __semihosting_library_function           0x08000ec3   Thumb Code     0  indicate_semi.o(.text)
    main                                     0x08000ec3   Thumb Code    10  components.o(i.$Sub$$main)
    BusFault_Handler                         0x08000ecd   Thumb Code     2  stm32h7xx_it.o(i.BusFault_Handler)
    DMA1_Stream0_IRQHandler                  0x08000ed1   Thumb Code     6  stm32h7xx_it.o(i.DMA1_Stream0_IRQHandler)
    DMA2_Stream0_IRQHandler                  0x08000edd   Thumb Code     6  stm32h7xx_it.o(i.DMA2_Stream0_IRQHandler)
    DebugMon_Handler                         0x08001321   Thumb Code     2  stm32h7xx_it.o(i.DebugMon_Handler)
    EXTI15_10_IRQHandler                     0x08001323   Thumb Code     8  stm32h7xx_it.o(i.EXTI15_10_IRQHandler)
    EXTI2_IRQHandler                         0x0800132b   Thumb Code     6  stm32h7xx_it.o(i.EXTI2_IRQHandler)
    EXTI3_IRQHandler                         0x08001331   Thumb Code     6  stm32h7xx_it.o(i.EXTI3_IRQHandler)
    EXTI4_IRQHandler                         0x08001337   Thumb Code     6  stm32h7xx_it.o(i.EXTI4_IRQHandler)
    EXTI9_5_IRQHandler                       0x0800133d   Thumb Code     6  stm32h7xx_it.o(i.EXTI9_5_IRQHandler)
    Error_Handler                            0x08001343   Thumb Code     2  main.o(i.Error_Handler)
    FinshIoInit                              0x08001345   Thumb Code    42  uartfinshchario.o(i.FinshIoInit)
    HAL_DMA_Abort_IT                         0x08001385   Thumb Code   602  stm32h7xx_hal_dma.o(i.HAL_DMA_Abort_IT)
    HAL_DMA_IRQHandler                       0x08001609   Thumb Code  1762  stm32h7xx_hal_dma.o(i.HAL_DMA_IRQHandler)
    HAL_DMA_Init                             0x08001cf9   Thumb Code   926  stm32h7xx_hal_dma.o(i.HAL_DMA_Init)
    HAL_DMA_Start_IT                         0x080020bd   Thumb Code   626  stm32h7xx_hal_dma.o(i.HAL_DMA_Start_IT)
    HAL_GPIO_EXTI_Callback                   0x08002359   Thumb Code    60  extidevice.o(i.HAL_GPIO_EXTI_Callback)
    HAL_GPIO_EXTI_IRQHandler                 0x08002399   Thumb Code    24  stm32h7xx_hal_gpio.o(i.HAL_GPIO_EXTI_IRQHandler)
    HAL_GPIO_Init                            0x080023b1   Thumb Code   510  stm32h7xx_hal_gpio.o(i.HAL_GPIO_Init)
    HAL_GPIO_ReadPin                         0x080025e1   Thumb Code    10  stm32h7xx_hal_gpio.o(i.HAL_GPIO_ReadPin)
    HAL_GPIO_TogglePin                       0x080025eb   Thumb Code    14  stm32h7xx_hal_gpio.o(i.HAL_GPIO_TogglePin)
    HAL_GPIO_WritePin                        0x080025f9   Thumb Code    10  stm32h7xx_hal_gpio.o(i.HAL_GPIO_WritePin)
    HAL_GetREVID                             0x08002605   Thumb Code     8  stm32h7xx_hal.o(i.HAL_GetREVID)
    HAL_GetTick                              0x08002611   Thumb Code     6  stm32h7xx_hal.o(i.HAL_GetTick)
    HAL_I2CEx_ConfigAnalogFilter             0x0800261d   Thumb Code    88  stm32h7xx_hal_i2c_ex.o(i.HAL_I2CEx_ConfigAnalogFilter)
    HAL_I2CEx_ConfigDigitalFilter            0x08002675   Thumb Code    84  stm32h7xx_hal_i2c_ex.o(i.HAL_I2CEx_ConfigDigitalFilter)
    HAL_I2C_Init                             0x080026c9   Thumb Code   180  stm32h7xx_hal_i2c.o(i.HAL_I2C_Init)
    HAL_I2C_MspInit                          0x08002781   Thumb Code    90  i2c.o(i.HAL_I2C_MspInit)
    HAL_Init                                 0x080027e9   Thumb Code    74  stm32h7xx_hal.o(i.HAL_Init)
    HAL_InitTick                             0x08002845   Thumb Code    56  stm32h7xx_hal.o(i.HAL_InitTick)
    HAL_MspInit                              0x08002885   Thumb Code    28  stm32h7xx_hal_msp.o(i.HAL_MspInit)
    HAL_NVIC_DisableIRQ                      0x080028a5   Thumb Code    34  stm32h7xx_hal_cortex.o(i.HAL_NVIC_DisableIRQ)
    HAL_NVIC_EnableIRQ                       0x080028c7   Thumb Code    26  stm32h7xx_hal_cortex.o(i.HAL_NVIC_EnableIRQ)
    HAL_NVIC_SetPriority                     0x080028e1   Thumb Code    60  stm32h7xx_hal_cortex.o(i.HAL_NVIC_SetPriority)
    HAL_NVIC_SetPriorityGrouping             0x08002921   Thumb Code    28  stm32h7xx_hal_cortex.o(i.HAL_NVIC_SetPriorityGrouping)
    HAL_PWREx_ConfigSupply                   0x08002945   Thumb Code    78  stm32h7xx_hal_pwr_ex.o(i.HAL_PWREx_ConfigSupply)
    HAL_RCCEx_GetD3PCLK1Freq                 0x08002999   Thumb Code    26  stm32h7xx_hal_rcc_ex.o(i.HAL_RCCEx_GetD3PCLK1Freq)
    HAL_RCCEx_GetPLL2ClockFreq               0x080029bd   Thumb Code   296  stm32h7xx_hal_rcc_ex.o(i.HAL_RCCEx_GetPLL2ClockFreq)
    HAL_RCCEx_GetPLL3ClockFreq               0x08002b01   Thumb Code   296  stm32h7xx_hal_rcc_ex.o(i.HAL_RCCEx_GetPLL3ClockFreq)
    HAL_RCCEx_PeriphCLKConfig                0x08002c45   Thumb Code  2234  stm32h7xx_hal_rcc_ex.o(i.HAL_RCCEx_PeriphCLKConfig)
    HAL_RCC_ClockConfig                      0x08003501   Thumb Code   580  stm32h7xx_hal_rcc.o(i.HAL_RCC_ClockConfig)
    HAL_RCC_GetHCLKFreq                      0x0800375d   Thumb Code    52  stm32h7xx_hal_rcc.o(i.HAL_RCC_GetHCLKFreq)
    HAL_RCC_GetPCLK1Freq                     0x080037a1   Thumb Code    26  stm32h7xx_hal_rcc.o(i.HAL_RCC_GetPCLK1Freq)
    HAL_RCC_GetPCLK2Freq                     0x080037c5   Thumb Code    26  stm32h7xx_hal_rcc.o(i.HAL_RCC_GetPCLK2Freq)
    HAL_RCC_GetSysClockFreq                  0x080037e9   Thumb Code   278  stm32h7xx_hal_rcc.o(i.HAL_RCC_GetSysClockFreq)
    HAL_RCC_OscConfig                        0x08003921   Thumb Code  1282  stm32h7xx_hal_rcc.o(i.HAL_RCC_OscConfig)
    HAL_SYSTICK_Config                       0x08003e29   Thumb Code    38  stm32h7xx_hal_cortex.o(i.HAL_SYSTICK_Config)
    HAL_TIMEx_ConfigBreakDeadTime            0x08003e51   Thumb Code   150  stm32h7xx_hal_tim_ex.o(i.HAL_TIMEx_ConfigBreakDeadTime)
    HAL_TIMEx_MasterConfigSynchronization    0x08003ef1   Thumb Code   128  stm32h7xx_hal_tim_ex.o(i.HAL_TIMEx_MasterConfigSynchronization)
    HAL_TIM_Base_Init                        0x08003f89   Thumb Code    98  stm32h7xx_hal_tim.o(i.HAL_TIM_Base_Init)
    HAL_TIM_Base_MspInit                     0x08003fed   Thumb Code    78  tim.o(i.HAL_TIM_Base_MspInit)
    HAL_TIM_ConfigClockSource                0x08004049   Thumb Code   242  stm32h7xx_hal_tim.o(i.HAL_TIM_ConfigClockSource)
    HAL_TIM_MspPostInit                      0x08004141   Thumb Code   122  tim.o(i.HAL_TIM_MspPostInit)
    HAL_TIM_PWM_ConfigChannel                0x080041cd   Thumb Code   286  stm32h7xx_hal_tim.o(i.HAL_TIM_PWM_ConfigChannel)
    HAL_TIM_PWM_Init                         0x080042eb   Thumb Code    98  stm32h7xx_hal_tim.o(i.HAL_TIM_PWM_Init)
    HAL_TIM_PWM_MspInit                      0x0800434d   Thumb Code     2  stm32h7xx_hal_tim.o(i.HAL_TIM_PWM_MspInit)
    HAL_TIM_PWM_Start                        0x08004351   Thumb Code   190  stm32h7xx_hal_tim.o(i.HAL_TIM_PWM_Start)
    HAL_UARTEx_DisableFifoMode               0x08004429   Thumb Code    64  stm32h7xx_hal_uart_ex.o(i.HAL_UARTEx_DisableFifoMode)
    HAL_UARTEx_RxFifoFullCallback            0x08004469   Thumb Code     2  stm32h7xx_hal_uart_ex.o(i.HAL_UARTEx_RxFifoFullCallback)
    HAL_UARTEx_SetRxFifoThreshold            0x0800446b   Thumb Code    76  stm32h7xx_hal_uart_ex.o(i.HAL_UARTEx_SetRxFifoThreshold)
    HAL_UARTEx_SetTxFifoThreshold            0x080044b7   Thumb Code    76  stm32h7xx_hal_uart_ex.o(i.HAL_UARTEx_SetTxFifoThreshold)
    HAL_UARTEx_TxFifoEmptyCallback           0x08004503   Thumb Code     2  stm32h7xx_hal_uart_ex.o(i.HAL_UARTEx_TxFifoEmptyCallback)
    HAL_UARTEx_WakeupCallback                0x08004505   Thumb Code     2  stm32h7xx_hal_uart_ex.o(i.HAL_UARTEx_WakeupCallback)
    HAL_UART_ErrorCallback                   0x08004507   Thumb Code     2  stm32h7xx_hal_uart.o(i.HAL_UART_ErrorCallback)
    HAL_UART_IRQHandler                      0x08004509   Thumb Code   436  stm32h7xx_hal_uart.o(i.HAL_UART_IRQHandler)
    HAL_UART_Init                            0x080046c9   Thumb Code   106  stm32h7xx_hal_uart.o(i.HAL_UART_Init)
    HAL_UART_MspInit                         0x08004735   Thumb Code   278  usart.o(i.HAL_UART_MspInit)
    HAL_UART_Receive_DMA                     0x0800486d   Thumb Code   152  stm32h7xx_hal_uart.o(i.HAL_UART_Receive_DMA)
    HAL_UART_RxCpltCallback                  0x08004911   Thumb Code    14  uart4host.o(i.HAL_UART_RxCpltCallback)
    HAL_UART_RxHalfCpltCallback              0x08004929   Thumb Code     2  stm32h7xx_hal_uart.o(i.HAL_UART_RxHalfCpltCallback)
    HAL_UART_Transmit                        0x0800492b   Thumb Code   190  stm32h7xx_hal_uart.o(i.HAL_UART_Transmit)
    HAL_UART_Transmit_DMA                    0x080049e9   Thumb Code   144  stm32h7xx_hal_uart.o(i.HAL_UART_Transmit_DMA)
    HAL_UART_TxCpltCallback                  0x08004a85   Thumb Code     2  stm32h7xx_hal_uart.o(i.HAL_UART_TxCpltCallback)
    HAL_UART_TxHalfCpltCallback              0x08004a87   Thumb Code     2  stm32h7xx_hal_uart.o(i.HAL_UART_TxHalfCpltCallback)
    MX_DMA_Init                              0x08004a89   Thumb Code    72  dma.o(i.MX_DMA_Init)
    MX_GPIO_Init                             0x08004ad5   Thumb Code   254  gpio.o(i.MX_GPIO_Init)
    MX_I2C1_Init                             0x08004bed   Thumb Code    76  i2c.o(i.MX_I2C1_Init)
    MX_TIM16_Init                            0x08004c45   Thumb Code   146  tim.o(i.MX_TIM16_Init)
    MX_TIM17_Init                            0x08004ce1   Thumb Code   146  tim.o(i.MX_TIM17_Init)
    MX_TIM2_Init                             0x08004d7d   Thumb Code   150  tim.o(i.MX_TIM2_Init)
    MX_USART1_UART_Init                      0x08004e1d   Thumb Code    94  usart.o(i.MX_USART1_UART_Init)
    MX_USART3_UART_Init                      0x08004e85   Thumb Code    94  usart.o(i.MX_USART3_UART_Init)
    NMI_Handler                              0x08004eed   Thumb Code     2  stm32h7xx_it.o(i.NMI_Handler)
    PosDtctDevice_Init                       0x08004ef1   Thumb Code    48  extidevice.o(i.PosDtctDevice_Init)
    SysTick_Handler                          0x08005199   Thumb Code    18  board.o(i.SysTick_Handler)
    SystemClock_Config                       0x080051ad   Thumb Code   164  main.o(i.SystemClock_Config)
    SystemCoreClockUpdate                    0x08005259   Thumb Code   290  system_stm32h7xx.o(i.SystemCoreClockUpdate)
    SystemInit                               0x080053a1   Thumb Code   188  system_stm32h7xx.o(i.SystemInit)
    TIM_Base_SetConfig                       0x08005485   Thumb Code   162  stm32h7xx_hal_tim.o(i.TIM_Base_SetConfig)
    TIM_CCxChannelCmd                        0x08005549   Thumb Code    26  stm32h7xx_hal_tim.o(i.TIM_CCxChannelCmd)
    TIM_ETR_SetConfig                        0x08005563   Thumb Code    18  stm32h7xx_hal_tim.o(i.TIM_ETR_SetConfig)
    TIM_OC2_SetConfig                        0x08005631   Thumb Code   126  stm32h7xx_hal_tim.o(i.TIM_OC2_SetConfig)
    UART_AdvFeatureConfig                    0x08005945   Thumb Code   200  stm32h7xx_hal_uart.o(i.UART_AdvFeatureConfig)
    UART_CheckIdleState                      0x08005a0d   Thumb Code    94  stm32h7xx_hal_uart.o(i.UART_CheckIdleState)
    UART_SetConfig                           0x08005b91   Thumb Code   878  stm32h7xx_hal_uart.o(i.UART_SetConfig)
    UART_WaitOnFlagUntilTimeout              0x08005f41   Thumb Code   164  stm32h7xx_hal_uart.o(i.UART_WaitOnFlagUntilTimeout)
    USART1_IRQHandler                        0x08005fe5   Thumb Code     6  stm32h7xx_it.o(i.USART1_IRQHandler)
    USART3_IRQHandler                        0x08005ff1   Thumb Code    66  uartfinshchario.o(i.USART3_IRQHandler)
    UsageFault_Handler                       0x0800603d   Thumb Code     2  stm32h7xx_it.o(i.UsageFault_Handler)
    __rt_ffs                                 0x08006061   Thumb Code    64  kservice.o(i.__rt_ffs)
    beginPWM                                 0x080061dd   Thumb Code    32  ui.o(i.beginPWM)
    brushScan                                0x08006211   Thumb Code     4  ui.o(i.brushScan)
    brushScanOnce                            0x08006215   Thumb Code    46  garbagethrow.o(i.brushScanOnce)
    cmd_ps                                   0x0800632d   Thumb Code    10  msh.o(i.cmd_ps)
    finsh_get_prompt                         0x08006339   Thumb Code    66  shell.o(i.finsh_get_prompt)
    finsh_set_prompt_mode                    0x08006399   Thumb Code    18  shell.o(i.finsh_set_prompt_mode)
    finsh_system_function_init               0x080063b1   Thumb Code     8  shell.o(i.finsh_system_function_init)
    finsh_system_init                        0x080063bd   Thumb Code    82  shell.o(i.finsh_system_init)
    finsh_thread_entry                       0x08006435   Thumb Code   622  shell.o(i.finsh_thread_entry)
    fixDetector                              0x080066cd   Thumb Code   100  ui.o(i.fixDetector)
    heightDetect                             0x080067e9   Thumb Code     6  loaddetect.o(i.heightDetect)
    hello                                    0x080067f5   Thumb Code    12  cmd.o(i.hello)
    list                                     0x08006815   Thumb Code    48  cmd.o(i.list)
    list_mailbox                             0x080068f5   Thumb Code   196  cmd.o(i.list_mailbox)
    list_sem                                 0x08006a35   Thumb Code   188  cmd.o(i.list_sem)
    list_thread                              0x08006b51   Thumb Code   256  cmd.o(i.list_thread)
    list_timer                               0x08006d0d   Thumb Code   160  cmd.o(i.list_timer)
    $Super$$main                             0x08006e4d   Thumb Code    22  main.o(i.main)
    main_thread_entry                        0x08006e69   Thumb Code    14  components.o(i.main_thread_entry)
    msh_auto_complete                        0x08006f51   Thumb Code   150  msh.o(i.msh_auto_complete)
    msh_exec                                 0x08006ffd   Thumb Code    74  msh.o(i.msh_exec)
    msh_help                                 0x08007061   Thumb Code    56  msh.o(i.msh_help)
    msh_is_used                              0x080070cd   Thumb Code     4  msh.o(i.msh_is_used)
    rt_application_init                      0x08007321   Thumb Code    44  components.o(i.rt_application_init)
    rt_components_board_init                 0x0800735d   Thumb Code    20  components.o(i.rt_components_board_init)
    rt_components_init                       0x08007379   Thumb Code    20  components.o(i.rt_components_init)
    rt_enter_critical                        0x08007395   Thumb Code    22  scheduler.o(i.rt_enter_critical)
    rt_exit_critical                         0x080073b1   Thumb Code    52  scheduler.o(i.rt_exit_critical)
    rt_hw_board_init                         0x080073e9   Thumb Code    54  board.o(i.rt_hw_board_init)
    rt_hw_console_getchar                    0x08007429   Thumb Code    40  uartfinshchario.o(i.rt_hw_console_getchar)
    rt_hw_console_output                     0x08007455   Thumb Code    24  uartfinshchario.o(i.rt_hw_console_output)
    rt_hw_hard_fault_exception               0x08007471   Thumb Code   200  cpuport.o(i.rt_hw_hard_fault_exception)
    rt_hw_stack_init                         0x08007689   Thumb Code    52  cpuport.o(i.rt_hw_stack_init)
    rt_interrupt_enter                       0x080076c1   Thumb Code    22  irq.o(i.rt_interrupt_enter)
    rt_interrupt_leave                       0x080076dd   Thumb Code    22  irq.o(i.rt_interrupt_leave)
    rt_kprintf                               0x0800774d   Thumb Code    28  kservice.o(i.rt_kprintf)
    rt_mb_init                               0x080077bb   Thumb Code    52  ipc.o(i.rt_mb_init)
    rt_mb_recv                               0x080077ef   Thumb Code   242  ipc.o(i.rt_mb_recv)
    rt_mb_send                               0x080078e1   Thumb Code     6  ipc.o(i.rt_mb_send)
    rt_mb_send_wait                          0x080078e7   Thumb Code   236  ipc.o(i.rt_mb_send_wait)
    rt_memmove                               0x080079d5   Thumb Code    50  kservice.o(i.rt_memmove)
    rt_memset                                0x08007a07   Thumb Code    66  kservice.o(i.rt_memset)
    rt_object_detach                         0x08007a49   Thumb Code    36  object.o(i.rt_object_detach)
    rt_object_get_information                0x08007a6d   Thumb Code    30  object.o(i.rt_object_get_information)
    rt_object_init                           0x08007a91   Thumb Code    82  object.o(i.rt_object_init)
    rt_object_is_systemobject                0x08007ae3   Thumb Code    14  object.o(i.rt_object_is_systemobject)
    rt_ringbuffer_data_len                   0x08007af1   Thumb Code    58  uartfinshchario.o(i.rt_ringbuffer_data_len)
    rt_ringbuffer_getchar                    0x08007b2b   Thumb Code    70  uartfinshchario.o(i.rt_ringbuffer_getchar)
    rt_ringbuffer_init                       0x08007b71   Thumb Code    38  uartfinshchario.o(i.rt_ringbuffer_init)
    rt_ringbuffer_putchar                    0x08007b97   Thumb Code    74  uartfinshchario.o(i.rt_ringbuffer_putchar)
    rt_schedule                              0x08007be1   Thumb Code    76  scheduler.o(i.rt_schedule)
    rt_schedule_insert_thread                0x08007c39   Thumb Code    70  scheduler.o(i.rt_schedule_insert_thread)
    rt_schedule_remove_thread                0x08007c89   Thumb Code    64  scheduler.o(i.rt_schedule_remove_thread)
    rt_sem_init                              0x08007cd1   Thumb Code    36  ipc.o(i.rt_sem_init)
    rt_sem_release                           0x08007cf5   Thumb Code    54  ipc.o(i.rt_sem_release)
    rt_sem_take                              0x08007d2b   Thumb Code   110  ipc.o(i.rt_sem_take)
    rt_show_version                          0x08007d99   Thumb Code    40  kservice.o(i.rt_show_version)
    rt_strlen                                0x08007e49   Thumb Code    16  kservice.o(i.rt_strlen)
    rt_strncpy                               0x08007e59   Thumb Code    38  kservice.o(i.rt_strncpy)
    rt_system_scheduler_init                 0x08007e81   Thumb Code    44  scheduler.o(i.rt_system_scheduler_init)
    rt_system_scheduler_start                0x08007eb5   Thumb Code    32  scheduler.o(i.rt_system_scheduler_start)
    rt_system_timer_init                     0x08007edd   Thumb Code     8  timer.o(i.rt_system_timer_init)
    rt_system_timer_thread_init              0x08007ee9   Thumb Code     2  timer.o(i.rt_system_timer_thread_init)
    rt_thread_exit                           0x08007eed   Thumb Code    78  thread.o(i.rt_thread_exit)
    rt_thread_idle_excute                    0x08007f4d   Thumb Code   102  idle.o(i.rt_thread_idle_excute)
    rt_thread_idle_init                      0x08007fb9   Thumb Code    40  idle.o(i.rt_thread_idle_init)
    rt_thread_init                           0x08007ff1   Thumb Code    48  thread.o(i.rt_thread_init)
    rt_thread_mdelay                         0x08008021   Thumb Code    14  thread.o(i.rt_thread_mdelay)
    rt_thread_resume                         0x0800802f   Thumb Code    60  thread.o(i.rt_thread_resume)
    rt_thread_self                           0x0800806d   Thumb Code     6  thread.o(i.rt_thread_self)
    rt_thread_sleep                          0x08008079   Thumb Code    60  thread.o(i.rt_thread_sleep)
    rt_thread_startup                        0x080080b9   Thumb Code    40  thread.o(i.rt_thread_startup)
    rt_thread_suspend                        0x080080e5   Thumb Code    66  thread.o(i.rt_thread_suspend)
    rt_thread_timeout                        0x08008127   Thumb Code    30  thread.o(i.rt_thread_timeout)
    rt_thread_yield                          0x08008145   Thumb Code    86  thread.o(i.rt_thread_yield)
    rt_tick_from_millisecond                 0x080081a5   Thumb Code    52  clock.o(i.rt_tick_from_millisecond)
    rt_tick_get                              0x080081d9   Thumb Code     6  clock.o(i.rt_tick_get)
    rt_tick_increase                         0x080081e5   Thumb Code    38  clock.o(i.rt_tick_increase)
    rt_timer_check                           0x08008211   Thumb Code    98  timer.o(i.rt_timer_check)
    rt_timer_control                         0x08008279   Thumb Code    48  timer.o(i.rt_timer_control)
    rt_timer_detach                          0x080082a9   Thumb Code    32  timer.o(i.rt_timer_detach)
    rt_timer_init                            0x080082c9   Thumb Code    48  timer.o(i.rt_timer_init)
    rt_timer_start                           0x080082f9   Thumb Code   136  timer.o(i.rt_timer_start)
    rt_timer_stop                            0x08008385   Thumb Code    46  timer.o(i.rt_timer_stop)
    rt_vsnprintf                             0x080083b5   Thumb Code   628  kservice.o(i.rt_vsnprintf)
    rtthread_startup                         0x08008641   Thumb Code    42  components.o(i.rtthread_startup)
    setEnginePos                             0x0800866d   Thumb Code    72  ui.o(i.setEnginePos)
    setEngineSpeed                           0x080086d5   Thumb Code    74  ui.o(i.setEngineSpeed)
    steerEngine_Init                         0x08008799   Thumb Code    30  pwmdevice.o(i.steerEngine_Init)
    steerEngine_SetPos                       0x080087c5   Thumb Code    50  pwmdevice.o(i.steerEngine_SetPos)
    steerEngine_SetSpeed                     0x08008801   Thumb Code    60  pwmdevice.o(i.steerEngine_SetSpeed)
    systemInit                               0x08008849   Thumb Code    22  taskinit.o(i.systemInit)
    threadInit_CmdAnalysis                   0x08008a35   Thumb Code    76  hostservice.o(i.threadInit_CmdAnalysis)
    threadInit_GarbageThrow                  0x08008add   Thumb Code    98  garbagethrow.o(i.threadInit_GarbageThrow)
    threadInit_heightDetect                  0x08008be5   Thumb Code    58  loaddetect.o(i.threadInit_heightDetect)
    uart4HostInit                            0x08008c81   Thumb Code    30  uart4host.o(i.uart4HostInit)
    uart4Host_send                           0x08008cb5   Thumb Code    10  uart4host.o(i.uart4Host_send)
    version                                  0x08008d95   Thumb Code    10  cmd.o(i.version)
    _get_lc_ctype                            0x08008da1   Thumb Code    44  lc_ctype_c.o(locale$$code)
    _fp_init                                 0x08008dcd   Thumb Code    10  fpinit.o(x$fpl$fpinit)
    __fplib_config_fpu_vfp                   0x08008dd5   Thumb Code     0  fpinit.o(x$fpl$fpinit)
    __fplib_config_pureend_doubles           0x08008dd5   Thumb Code     0  fpinit.o(x$fpl$fpinit)
    UARTPrescTable                           0x08008dde   Data          24  stm32h7xx_hal_uart.o(.constdata)
    D1CorePrescTable                         0x08008df6   Data          16  system_stm32h7xx.o(.constdata)
    steerEngine_PWMCounter                   0x08008e08   Data          12  pwmdevice.o(.constdata)
    steerEngine_ModeDuty                     0x08008e14   Data          20  pwmdevice.o(.constdata)
    steerEngine_PosDuty                      0x08008e28   Data          28  pwmdevice.o(.constdata)
    __fsym___cmd_beginPWM_name               0x08008e44   Data          15  ui.o(.constdata)
    __fsym___cmd_setEngineSpeed_name         0x08008e53   Data          21  ui.o(.constdata)
    __fsym___cmd_setEnginePos_name           0x08008e68   Data          19  ui.o(.constdata)
    __fsym___cmd_brushScan_name              0x08008e7b   Data          16  ui.o(.constdata)
    __fsym___cmd_fixDetector_name            0x08008e8b   Data          18  ui.o(.constdata)
    __fsym_hello_name                        0x08008e9d   Data           6  cmd.o(.constdata)
    __fsym_version_name                      0x08008ea3   Data           8  cmd.o(.constdata)
    __fsym___cmd_version_name                0x08008eab   Data          14  cmd.o(.constdata)
    __fsym_list_thread_name                  0x08008eb9   Data          12  cmd.o(.constdata)
    __fsym___cmd_list_thread_name            0x08008ec5   Data          18  cmd.o(.constdata)
    __fsym_list_sem_name                     0x08008ed7   Data           9  cmd.o(.constdata)
    __fsym___cmd_list_sem_name               0x08008ee0   Data          15  cmd.o(.constdata)
    __fsym_list_mailbox_name                 0x08008eef   Data          13  cmd.o(.constdata)
    __fsym___cmd_list_mailbox_name           0x08008efc   Data          19  cmd.o(.constdata)
    __fsym_list_timer_name                   0x08008f0f   Data          11  cmd.o(.constdata)
    __fsym___cmd_list_timer_name             0x08008f1a   Data          17  cmd.o(.constdata)
    __fsym_list_name                         0x08008f2b   Data           5  cmd.o(.constdata)
    __fsym___cmd_help_name                   0x08008f30   Data          11  msh.o(.constdata)
    __fsym___cmd_ps_name                     0x08008f3b   Data           9  msh.o(.constdata)
    __lowest_bit_bitmap                      0x08008f44   Data         256  kservice.o(.constdata)
    __rt_init_rti_start                      0x080090ac   Data           4  components.o(.rti_fn.0)
    __rt_init_rti_board_start                0x080090b0   Data           4  components.o(.rti_fn.0.end)
    __rt_init_myBSPInit                      0x080090b4   Data           4  bspinit.o(.rti_fn.1)
    __rt_init_rti_board_end                  0x080090b8   Data           4  components.o(.rti_fn.1.end)
    __rt_init_systemInit                     0x080090bc   Data           4  taskinit.o(.rti_fn.6)
    __rt_init_finsh_system_init              0x080090c0   Data           4  shell.o(.rti_fn.6)
    __rt_init_rti_end                        0x080090c4   Data           4  components.o(.rti_fn.6.end)
    FSymTab$$Base                            0x080090c8   Number         0  ui.o(FSymTab)
    __fsym___cmd_beginPWM                    0x080090c8   Data           8  ui.o(FSymTab)
    __fsym___cmd_setEngineSpeed              0x080090d0   Data           8  ui.o(FSymTab)
    __fsym___cmd_setEnginePos                0x080090d8   Data           8  ui.o(FSymTab)
    __fsym___cmd_brushScan                   0x080090e0   Data           8  ui.o(FSymTab)
    __fsym___cmd_fixDetector                 0x080090e8   Data           8  ui.o(FSymTab)
    __fsym_hello                             0x080090f0   Data           8  cmd.o(FSymTab)
    __fsym_version                           0x080090f8   Data           8  cmd.o(FSymTab)
    __fsym___cmd_version                     0x08009100   Data           8  cmd.o(FSymTab)
    __fsym_list_thread                       0x08009108   Data           8  cmd.o(FSymTab)
    __fsym___cmd_list_thread                 0x08009110   Data           8  cmd.o(FSymTab)
    __fsym_list_sem                          0x08009118   Data           8  cmd.o(FSymTab)
    __fsym___cmd_list_sem                    0x08009120   Data           8  cmd.o(FSymTab)
    __fsym_list_mailbox                      0x08009128   Data           8  cmd.o(FSymTab)
    __fsym___cmd_list_mailbox                0x08009130   Data           8  cmd.o(FSymTab)
    __fsym_list_timer                        0x08009138   Data           8  cmd.o(FSymTab)
    __fsym___cmd_list_timer                  0x08009140   Data           8  cmd.o(FSymTab)
    __fsym_list                              0x08009148   Data           8  cmd.o(FSymTab)
    __fsym___cmd_help                        0x08009150   Data           8  msh.o(FSymTab)
    __fsym___cmd_ps                          0x08009158   Data           8  msh.o(FSymTab)
    FSymTab$$Limit                           0x08009160   Number         0  msh.o(FSymTab)
    Region$$Table$$Base                      0x08009160   Number         0  anon$$obj.o(Region$$Table)
    Region$$Table$$Limit                     0x08009180   Number         0  anon$$obj.o(Region$$Table)
    __ctype                                  0x0800918d   Data           0  lc_ctype_c.o(locale$$data)
    uwTickFreq                               0x24000000   Data           1  stm32h7xx_hal.o(.data)
    uwTickPrio                               0x24000004   Data           4  stm32h7xx_hal.o(.data)
    uwTick                                   0x24000008   Data           4  stm32h7xx_hal.o(.data)
    SystemCoreClock                          0x2400000c   Data           4  system_stm32h7xx.o(.data)
    SystemD2Clock                            0x24000010   Data           4  system_stm32h7xx.o(.data)
    pos_mb                                   0x24000014   Data           4  garbagethrow.o(.data)
    recvCmdSem                               0x24000018   Data           4  hostservice.o(.data)
    garbageThrowControlServer                0x2400001c   Data           4  hostservice.o(.data)
    recvCache                                0x24000020   Data           8  hostservice.o(.data)
    frameCache                               0x24000028   Data           8  loaddetect.o(.data)
    _syscall_table_begin                     0x24000030   Data           4  shell.o(.data)
    _syscall_table_end                       0x24000034   Data           4  shell.o(.data)
    _sysvar_table_begin                      0x24000038   Data           4  shell.o(.data)
    _sysvar_table_end                        0x2400003c   Data           4  shell.o(.data)
    shell                                    0x24000044   Data           4  shell.o(.data)
    rt_interrupt_nest                        0x2400004c   Data           1  irq.o(.data)
    rt_current_priority                      0x24000090   Data           1  scheduler.o(.data)
    rt_current_thread                        0x24000094   Data           4  scheduler.o(.data)
    rt_thread_ready_priority_group           0x24000098   Data           4  scheduler.o(.data)
    rt_thread_defunct                        0x2400009c   Data           8  scheduler.o(.data)
    rt_interrupt_from_thread                 0x240000b4   Data           4  cpuport.o(.data)
    rt_interrupt_to_thread                   0x240000b8   Data           4  cpuport.o(.data)
    rt_thread_switch_interrupt_flag          0x240000bc   Data           4  cpuport.o(.data)
    hi2c1                                    0x240000c0   Data          76  i2c.o(.bss)
    htim2                                    0x2400010c   Data          76  tim.o(.bss)
    htim16                                   0x24000158   Data          76  tim.o(.bss)
    htim17                                   0x240001a4   Data          76  tim.o(.bss)
    huart1                                   0x240001f0   Data         140  usart.o(.bss)
    huart3                                   0x2400027c   Data         140  usart.o(.bss)
    hdma_usart1_rx                           0x24000308   Data         120  usart.o(.bss)
    hdma_usart1_tx                           0x24000380   Data         120  usart.o(.bss)
    recv_sem                                 0x240003f8   Data          32  uart4host.o(.bss)
    uart_rx_buf                              0x24000418   Data          16  uartfinshchario.o(.bss)
    uart_rxcb                                0x24000428   Data          12  uartfinshchario.o(.bss)
    _shell                                   0x24001018   Data         120  shell.o(.bss)
    main_thread                              0x24001490   Data         120  components.o(.bss)
    rt_thread_priority_table                 0x24001680   Data         256  scheduler.o(.bss)
    __libspace_start                         0x24001780   Data          96  libspace.o(.bss)
    __temporary_stack_top$libspace           0x240017e0   Data           0  libspace.o(.bss)



==============================================================================

Memory Map of the image

  Image Entry point : 0x08000299

  Load Region LR_IROM1 (Base: 0x08000000, Size: 0x00009350, Max: 0x00020000, ABSOLUTE)

    Execution Region ER_IROM1 (Exec base: 0x08000000, Load base: 0x08000000, Size: 0x00009290, Max: 0x00020000, ABSOLUTE)

    Exec Addr    Load Addr    Size         Type   Attr      Idx    E Section Name        Object

    0x08000000   0x08000000   0x00000298   Data   RO            3    RESET               startup_stm32h750xx.o
    0x08000298   0x08000298   0x00000008   Code   RO         5960  * !!!main             c_w.l(__main.o)
    0x080002a0   0x080002a0   0x00000034   Code   RO         6149    !!!scatter          c_w.l(__scatter.o)
    0x080002d4   0x080002d4   0x0000001a   Code   RO         6151    !!handler_copy      c_w.l(__scatter_copy.o)
    0x080002ee   0x080002ee   0x00000002   PAD
    0x080002f0   0x080002f0   0x0000001c   Code   RO         6153    !!handler_zi        c_w.l(__scatter_zi.o)
    0x0800030c   0x0800030c   0x00000002   Code   RO         6009    .ARM.Collect$$libinit$$00000000  c_w.l(libinit.o)
    0x0800030e   0x0800030e   0x00000004   Code   RO         6029    .ARM.Collect$$libinit$$00000001  c_w.l(libinit2.o)
    0x08000312   0x08000312   0x00000000   Code   RO         6032    .ARM.Collect$$libinit$$00000004  c_w.l(libinit2.o)
    0x08000312   0x08000312   0x00000000   Code   RO         6035    .ARM.Collect$$libinit$$0000000A  c_w.l(libinit2.o)
    0x08000312   0x08000312   0x00000000   Code   RO         6037    .ARM.Collect$$libinit$$0000000C  c_w.l(libinit2.o)
    0x08000312   0x08000312   0x00000000   Code   RO         6039    .ARM.Collect$$libinit$$0000000E  c_w.l(libinit2.o)
    0x08000312   0x08000312   0x00000006   Code   RO         6040    .ARM.Collect$$libinit$$0000000F  c_w.l(libinit2.o)
    0x08000318   0x08000318   0x00000000   Code   RO         6042    .ARM.Collect$$libinit$$00000011  c_w.l(libinit2.o)
    0x08000318   0x08000318   0x0000000c   Code   RO         6043    .ARM.Collect$$libinit$$00000012  c_w.l(libinit2.o)
    0x08000324   0x08000324   0x00000000   Code   RO         6044    .ARM.Collect$$libinit$$00000013  c_w.l(libinit2.o)
    0x08000324   0x08000324   0x00000000   Code   RO         6046    .ARM.Collect$$libinit$$00000015  c_w.l(libinit2.o)
    0x08000324   0x08000324   0x00000000   Code   RO         6048    .ARM.Collect$$libinit$$00000017  c_w.l(libinit2.o)
    0x08000324   0x08000324   0x00000000   Code   RO         6050    .ARM.Collect$$libinit$$00000019  c_w.l(libinit2.o)
    0x08000324   0x08000324   0x00000000   Code   RO         6052    .ARM.Collect$$libinit$$0000001B  c_w.l(libinit2.o)
    0x08000324   0x08000324   0x00000000   Code   RO         6054    .ARM.Collect$$libinit$$0000001D  c_w.l(libinit2.o)
    0x08000324   0x08000324   0x00000000   Code   RO         6056    .ARM.Collect$$libinit$$0000001F  c_w.l(libinit2.o)
    0x08000324   0x08000324   0x00000000   Code   RO         6058    .ARM.Collect$$libinit$$00000021  c_w.l(libinit2.o)
    0x08000324   0x08000324   0x00000000   Code   RO         6060    .ARM.Collect$$libinit$$00000023  c_w.l(libinit2.o)
    0x08000324   0x08000324   0x00000000   Code   RO         6062    .ARM.Collect$$libinit$$00000025  c_w.l(libinit2.o)
    0x08000324   0x08000324   0x00000000   Code   RO         6066    .ARM.Collect$$libinit$$0000002C  c_w.l(libinit2.o)
    0x08000324   0x08000324   0x00000000   Code   RO         6068    .ARM.Collect$$libinit$$0000002E  c_w.l(libinit2.o)
    0x08000324   0x08000324   0x00000000   Code   RO         6070    .ARM.Collect$$libinit$$00000030  c_w.l(libinit2.o)
    0x08000324   0x08000324   0x00000000   Code   RO         6072    .ARM.Collect$$libinit$$00000032  c_w.l(libinit2.o)
    0x08000324   0x08000324   0x00000002   Code   RO         6073    .ARM.Collect$$libinit$$00000033  c_w.l(libinit2.o)
    0x08000326   0x08000326   0x00000002   Code   RO         6106    .ARM.Collect$$libshutdown$$00000000  c_w.l(libshutdown.o)
    0x08000328   0x08000328   0x00000000   Code   RO         6132    .ARM.Collect$$libshutdown$$00000002  c_w.l(libshutdown2.o)
    0x08000328   0x08000328   0x00000000   Code   RO         6134    .ARM.Collect$$libshutdown$$00000004  c_w.l(libshutdown2.o)
    0x08000328   0x08000328   0x00000000   Code   RO         6137    .ARM.Collect$$libshutdown$$00000007  c_w.l(libshutdown2.o)
    0x08000328   0x08000328   0x00000000   Code   RO         6140    .ARM.Collect$$libshutdown$$0000000A  c_w.l(libshutdown2.o)
    0x08000328   0x08000328   0x00000000   Code   RO         6142    .ARM.Collect$$libshutdown$$0000000C  c_w.l(libshutdown2.o)
    0x08000328   0x08000328   0x00000000   Code   RO         6145    .ARM.Collect$$libshutdown$$0000000F  c_w.l(libshutdown2.o)
    0x08000328   0x08000328   0x00000002   Code   RO         6146    .ARM.Collect$$libshutdown$$00000010  c_w.l(libshutdown2.o)
    0x0800032a   0x0800032a   0x00000000   Code   RO         5962    .ARM.Collect$$rtentry$$00000000  c_w.l(__rtentry.o)
    0x0800032a   0x0800032a   0x00000000   Code   RO         5974    .ARM.Collect$$rtentry$$00000002  c_w.l(__rtentry2.o)
    0x0800032a   0x0800032a   0x00000006   Code   RO         5986    .ARM.Collect$$rtentry$$00000004  c_w.l(__rtentry4.o)
    0x08000330   0x08000330   0x00000000   Code   RO         5976    .ARM.Collect$$rtentry$$00000009  c_w.l(__rtentry2.o)
    0x08000330   0x08000330   0x00000004   Code   RO         5977    .ARM.Collect$$rtentry$$0000000A  c_w.l(__rtentry2.o)
    0x08000334   0x08000334   0x00000000   Code   RO         5979    .ARM.Collect$$rtentry$$0000000C  c_w.l(__rtentry2.o)
    0x08000334   0x08000334   0x00000008   Code   RO         5980    .ARM.Collect$$rtentry$$0000000D  c_w.l(__rtentry2.o)
    0x0800033c   0x0800033c   0x00000002   Code   RO         6013    .ARM.Collect$$rtexit$$00000000  c_w.l(rtexit.o)
    0x0800033e   0x0800033e   0x00000000   Code   RO         6077    .ARM.Collect$$rtexit$$00000002  c_w.l(rtexit2.o)
    0x0800033e   0x0800033e   0x00000004   Code   RO         6078    .ARM.Collect$$rtexit$$00000003  c_w.l(rtexit2.o)
    0x08000342   0x08000342   0x00000006   Code   RO         6079    .ARM.Collect$$rtexit$$00000004  c_w.l(rtexit2.o)
    0x08000348   0x08000348   0x00000040   Code   RO            4    .text               startup_stm32h750xx.o
    0x08000388   0x08000388   0x00000134   Code   RO         5119    .text               context_rvds.o
    0x080004bc   0x080004bc   0x000000ee   Code   RO         5936    .text               c_w.l(lludivv7m.o)
    0x080005aa   0x080005aa   0x00000002   PAD
    0x080005ac   0x080005ac   0x0000003c   Code   RO         5938    .text               c_w.l(__0sscanf.o)
    0x080005e8   0x080005e8   0x0000014c   Code   RO         5940    .text               c_w.l(_scanf_int.o)
    0x08000734   0x08000734   0x00000048   Code   RO         5942    .text               c_w.l(strcpy.o)
    0x0800077c   0x0800077c   0x0000003e   Code   RO         5944    .text               c_w.l(strlen.o)
    0x080007ba   0x080007ba   0x00000096   Code   RO         5946    .text               c_w.l(strncmp.o)
    0x08000850   0x08000850   0x00000018   Code   RO         5948    .text               c_w.l(strcat.o)
    0x08000868   0x08000868   0x00000064   Code   RO         5950    .text               c_w.l(rt_memcpy_w.o)
    0x080008cc   0x080008cc   0x00000044   Code   RO         5952    .text               c_w.l(rt_memclr.o)
    0x08000910   0x08000910   0x0000004e   Code   RO         5954    .text               c_w.l(rt_memclr_w.o)
    0x0800095e   0x0800095e   0x00000056   Code   RO         5956    .text               c_w.l(strncpy.o)
    0x080009b4   0x080009b4   0x00000006   Code   RO         5958    .text               c_w.l(heapauxi.o)
    0x080009ba   0x080009ba   0x0000001c   Code   RO         5967    .text               c_w.l(_chval.o)
    0x080009d6   0x080009d6   0x00000002   PAD
    0x080009d8   0x080009d8   0x0000002c   Code   RO         5969    .text               c_w.l(scanf_char.o)
    0x08000a04   0x08000a04   0x00000040   Code   RO         5971    .text               c_w.l(_sgetc.o)
    0x08000a44   0x08000a44   0x00000012   Code   RO         5990    .text               c_w.l(isspace.o)
    0x08000a56   0x08000a56   0x00000002   PAD
    0x08000a58   0x08000a58   0x00000374   Code   RO         5992    .text               c_w.l(_scanf.o)
    0x08000dcc   0x08000dcc   0x0000004a   Code   RO         5994    .text               c_w.l(sys_stackheap_outer.o)
    0x08000e16   0x08000e16   0x00000002   PAD
    0x08000e18   0x08000e18   0x00000010   Code   RO         5996    .text               c_w.l(rt_ctype_table.o)
    0x08000e28   0x08000e28   0x00000012   Code   RO         5998    .text               c_w.l(exit.o)
    0x08000e3a   0x08000e3a   0x00000002   PAD
    0x08000e3c   0x08000e3c   0x00000008   Code   RO         6010    .text               c_w.l(libspace.o)
    0x08000e44   0x08000e44   0x00000008   Code   RO         6020    .text               c_w.l(rt_locale_intlibspace.o)
    0x08000e4c   0x08000e4c   0x0000000c   Code   RO         6074    .text               c_w.l(sys_exit.o)
    0x08000e58   0x08000e58   0x00000068   Code   RO         6087    .text               c_w.l(strcmpv7m_pel.o)
    0x08000ec0   0x08000ec0   0x00000002   Code   RO         6095    .text               c_w.l(use_no_semi.o)
    0x08000ec2   0x08000ec2   0x00000000   Code   RO         6097    .text               c_w.l(indicate_semi.o)
    0x08000ec2   0x08000ec2   0x0000000a   Code   RO         5180    i.$Sub$$main        components.o
    0x08000ecc   0x08000ecc   0x00000002   Code   RO          421    i.BusFault_Handler  stm32h7xx_it.o
    0x08000ece   0x08000ece   0x00000002   PAD
    0x08000ed0   0x08000ed0   0x0000000c   Code   RO          422    i.DMA1_Stream0_IRQHandler  stm32h7xx_it.o
    0x08000edc   0x08000edc   0x0000000c   Code   RO          423    i.DMA2_Stream0_IRQHandler  stm32h7xx_it.o
    0x08000ee8   0x08000ee8   0x000000b4   Code   RO         1300    i.DMA_CalcBaseAndBitshift  stm32h7xx_hal_dma.o
    0x08000f9c   0x08000f9c   0x0000009c   Code   RO         1301    i.DMA_CalcDMAMUXChannelBaseAndMask  stm32h7xx_hal_dma.o
    0x08001038   0x08001038   0x00000074   Code   RO         1302    i.DMA_CalcDMAMUXRequestGenBaseAndMask  stm32h7xx_hal_dma.o
    0x080010ac   0x080010ac   0x00000054   Code   RO         1303    i.DMA_CheckFifoParam  stm32h7xx_hal_dma.o
    0x08001100   0x08001100   0x00000220   Code   RO         1304    i.DMA_SetConfig     stm32h7xx_hal_dma.o
    0x08001320   0x08001320   0x00000002   Code   RO          424    i.DebugMon_Handler  stm32h7xx_it.o
    0x08001322   0x08001322   0x00000008   Code   RO          425    i.EXTI15_10_IRQHandler  stm32h7xx_it.o
    0x0800132a   0x0800132a   0x00000006   Code   RO          426    i.EXTI2_IRQHandler  stm32h7xx_it.o
    0x08001330   0x08001330   0x00000006   Code   RO          427    i.EXTI3_IRQHandler  stm32h7xx_it.o
    0x08001336   0x08001336   0x00000006   Code   RO          428    i.EXTI4_IRQHandler  stm32h7xx_it.o
    0x0800133c   0x0800133c   0x00000006   Code   RO          429    i.EXTI9_5_IRQHandler  stm32h7xx_it.o
    0x08001342   0x08001342   0x00000002   Code   RO           13    i.Error_Handler     main.o
    0x08001344   0x08001344   0x00000040   Code   RO         4587    i.FinshIoInit       uartfinshchario.o
    0x08001384   0x08001384   0x00000284   Code   RO         1306    i.HAL_DMA_Abort_IT  stm32h7xx_hal_dma.o
    0x08001608   0x08001608   0x000006f0   Code   RO         1310    i.HAL_DMA_IRQHandler  stm32h7xx_hal_dma.o
    0x08001cf8   0x08001cf8   0x000003c4   Code   RO         1311    i.HAL_DMA_Init      stm32h7xx_hal_dma.o
    0x080020bc   0x080020bc   0x0000029c   Code   RO         1315    i.HAL_DMA_Start_IT  stm32h7xx_hal_dma.o
    0x08002358   0x08002358   0x00000040   Code   RO         4656    i.HAL_GPIO_EXTI_Callback  extidevice.o
    0x08002398   0x08002398   0x00000018   Code   RO         1152    i.HAL_GPIO_EXTI_IRQHandler  stm32h7xx_hal_gpio.o
    0x080023b0   0x080023b0   0x00000230   Code   RO         1153    i.HAL_GPIO_Init     stm32h7xx_hal_gpio.o
    0x080025e0   0x080025e0   0x0000000a   Code   RO         1155    i.HAL_GPIO_ReadPin  stm32h7xx_hal_gpio.o
    0x080025ea   0x080025ea   0x0000000e   Code   RO         1156    i.HAL_GPIO_TogglePin  stm32h7xx_hal_gpio.o
    0x080025f8   0x080025f8   0x0000000a   Code   RO         1157    i.HAL_GPIO_WritePin  stm32h7xx_hal_gpio.o
    0x08002602   0x08002602   0x00000002   PAD
    0x08002604   0x08002604   0x0000000c   Code   RO         2029    i.HAL_GetREVID      stm32h7xx_hal.o
    0x08002610   0x08002610   0x0000000c   Code   RO         2030    i.HAL_GetTick       stm32h7xx_hal.o
    0x0800261c   0x0800261c   0x00000058   Code   RO         2805    i.HAL_I2CEx_ConfigAnalogFilter  stm32h7xx_hal_i2c_ex.o
    0x08002674   0x08002674   0x00000054   Code   RO         2806    i.HAL_I2CEx_ConfigDigitalFilter  stm32h7xx_hal_i2c_ex.o
    0x080026c8   0x080026c8   0x000000b8   Code   RO         2354    i.HAL_I2C_Init      stm32h7xx_hal_i2c.o
    0x08002780   0x08002780   0x00000068   Code   RO          272    i.HAL_I2C_MspInit   i2c.o
    0x080027e8   0x080027e8   0x0000005c   Code   RO         2037    i.HAL_Init          stm32h7xx_hal.o
    0x08002844   0x08002844   0x00000040   Code   RO         2038    i.HAL_InitTick      stm32h7xx_hal.o
    0x08002884   0x08002884   0x00000020   Code   RO          515    i.HAL_MspInit       stm32h7xx_hal_msp.o
    0x080028a4   0x080028a4   0x00000022   Code   RO          544    i.HAL_NVIC_DisableIRQ  stm32h7xx_hal_cortex.o
    0x080028c6   0x080028c6   0x0000001a   Code   RO          545    i.HAL_NVIC_EnableIRQ  stm32h7xx_hal_cortex.o
    0x080028e0   0x080028e0   0x00000040   Code   RO          551    i.HAL_NVIC_SetPriority  stm32h7xx_hal_cortex.o
    0x08002920   0x08002920   0x00000024   Code   RO          552    i.HAL_NVIC_SetPriorityGrouping  stm32h7xx_hal_cortex.o
    0x08002944   0x08002944   0x00000054   Code   RO         1754    i.HAL_PWREx_ConfigSupply  stm32h7xx_hal_pwr_ex.o
    0x08002998   0x08002998   0x00000024   Code   RO          796    i.HAL_RCCEx_GetD3PCLK1Freq  stm32h7xx_hal_rcc_ex.o
    0x080029bc   0x080029bc   0x00000144   Code   RO          798    i.HAL_RCCEx_GetPLL2ClockFreq  stm32h7xx_hal_rcc_ex.o
    0x08002b00   0x08002b00   0x00000144   Code   RO          799    i.HAL_RCCEx_GetPLL3ClockFreq  stm32h7xx_hal_rcc_ex.o
    0x08002c44   0x08002c44   0x000008ba   Code   RO          805    i.HAL_RCCEx_PeriphCLKConfig  stm32h7xx_hal_rcc_ex.o
    0x080034fe   0x080034fe   0x00000002   PAD
    0x08003500   0x08003500   0x0000025c   Code   RO          681    i.HAL_RCC_ClockConfig  stm32h7xx_hal_rcc.o
    0x0800375c   0x0800375c   0x00000044   Code   RO          686    i.HAL_RCC_GetHCLKFreq  stm32h7xx_hal_rcc.o
    0x080037a0   0x080037a0   0x00000024   Code   RO          688    i.HAL_RCC_GetPCLK1Freq  stm32h7xx_hal_rcc.o
    0x080037c4   0x080037c4   0x00000024   Code   RO          689    i.HAL_RCC_GetPCLK2Freq  stm32h7xx_hal_rcc.o
    0x080037e8   0x080037e8   0x00000138   Code   RO          690    i.HAL_RCC_GetSysClockFreq  stm32h7xx_hal_rcc.o
    0x08003920   0x08003920   0x00000508   Code   RO          693    i.HAL_RCC_OscConfig  stm32h7xx_hal_rcc.o
    0x08003e28   0x08003e28   0x00000026   Code   RO          556    i.HAL_SYSTICK_Config  stm32h7xx_hal_cortex.o
    0x08003e4e   0x08003e4e   0x00000002   PAD
    0x08003e50   0x08003e50   0x000000a0   Code   RO         3651    i.HAL_TIMEx_ConfigBreakDeadTime  stm32h7xx_hal_tim_ex.o
    0x08003ef0   0x08003ef0   0x00000098   Code   RO         3669    i.HAL_TIMEx_MasterConfigSynchronization  stm32h7xx_hal_tim_ex.o
    0x08003f88   0x08003f88   0x00000062   Code   RO         2933    i.HAL_TIM_Base_Init  stm32h7xx_hal_tim.o
    0x08003fea   0x08003fea   0x00000002   PAD
    0x08003fec   0x08003fec   0x0000005c   Code   RO          314    i.HAL_TIM_Base_MspInit  tim.o
    0x08004048   0x08004048   0x000000f8   Code   RO         2942    i.HAL_TIM_ConfigClockSource  stm32h7xx_hal_tim.o
    0x08004140   0x08004140   0x0000008c   Code   RO          315    i.HAL_TIM_MspPostInit  tim.o
    0x080041cc   0x080041cc   0x0000011e   Code   RO         3005    i.HAL_TIM_PWM_ConfigChannel  stm32h7xx_hal_tim.o
    0x080042ea   0x080042ea   0x00000062   Code   RO         3008    i.HAL_TIM_PWM_Init  stm32h7xx_hal_tim.o
    0x0800434c   0x0800434c   0x00000002   Code   RO         3010    i.HAL_TIM_PWM_MspInit  stm32h7xx_hal_tim.o
    0x0800434e   0x0800434e   0x00000002   PAD
    0x08004350   0x08004350   0x000000d8   Code   RO         3013    i.HAL_TIM_PWM_Start  stm32h7xx_hal_tim.o
    0x08004428   0x08004428   0x00000040   Code   RO         4340    i.HAL_UARTEx_DisableFifoMode  stm32h7xx_hal_uart_ex.o
    0x08004468   0x08004468   0x00000002   Code   RO         4344    i.HAL_UARTEx_RxFifoFullCallback  stm32h7xx_hal_uart_ex.o
    0x0800446a   0x0800446a   0x0000004c   Code   RO         4345    i.HAL_UARTEx_SetRxFifoThreshold  stm32h7xx_hal_uart_ex.o
    0x080044b6   0x080044b6   0x0000004c   Code   RO         4346    i.HAL_UARTEx_SetTxFifoThreshold  stm32h7xx_hal_uart_ex.o
    0x08004502   0x08004502   0x00000002   Code   RO         4348    i.HAL_UARTEx_TxFifoEmptyCallback  stm32h7xx_hal_uart_ex.o
    0x08004504   0x08004504   0x00000002   Code   RO         4349    i.HAL_UARTEx_WakeupCallback  stm32h7xx_hal_uart_ex.o
    0x08004506   0x08004506   0x00000002   Code   RO         3962    i.HAL_UART_ErrorCallback  stm32h7xx_hal_uart.o
    0x08004508   0x08004508   0x000001c0   Code   RO         3965    i.HAL_UART_IRQHandler  stm32h7xx_hal_uart.o
    0x080046c8   0x080046c8   0x0000006a   Code   RO         3966    i.HAL_UART_Init     stm32h7xx_hal_uart.o
    0x08004732   0x08004732   0x00000002   PAD
    0x08004734   0x08004734   0x00000138   Code   RO          374    i.HAL_UART_MspInit  usart.o
    0x0800486c   0x0800486c   0x000000a4   Code   RO         3970    i.HAL_UART_Receive_DMA  stm32h7xx_hal_uart.o
    0x08004910   0x08004910   0x00000018   Code   RO         4545    i.HAL_UART_RxCpltCallback  uart4host.o
    0x08004928   0x08004928   0x00000002   Code   RO         3974    i.HAL_UART_RxHalfCpltCallback  stm32h7xx_hal_uart.o
    0x0800492a   0x0800492a   0x000000be   Code   RO         3975    i.HAL_UART_Transmit  stm32h7xx_hal_uart.o
    0x080049e8   0x080049e8   0x0000009c   Code   RO         3976    i.HAL_UART_Transmit_DMA  stm32h7xx_hal_uart.o
    0x08004a84   0x08004a84   0x00000002   Code   RO         3978    i.HAL_UART_TxCpltCallback  stm32h7xx_hal_uart.o
    0x08004a86   0x08004a86   0x00000002   Code   RO         3979    i.HAL_UART_TxHalfCpltCallback  stm32h7xx_hal_uart.o
    0x08004a88   0x08004a88   0x0000004c   Code   RO          247    i.MX_DMA_Init       dma.o
    0x08004ad4   0x08004ad4   0x00000118   Code   RO          223    i.MX_GPIO_Init      gpio.o
    0x08004bec   0x08004bec   0x00000058   Code   RO          273    i.MX_I2C1_Init      i2c.o
    0x08004c44   0x08004c44   0x0000009c   Code   RO          316    i.MX_TIM16_Init     tim.o
    0x08004ce0   0x08004ce0   0x0000009c   Code   RO          317    i.MX_TIM17_Init     tim.o
    0x08004d7c   0x08004d7c   0x000000a0   Code   RO          318    i.MX_TIM2_Init      tim.o
    0x08004e1c   0x08004e1c   0x00000068   Code   RO          375    i.MX_USART1_UART_Init  usart.o
    0x08004e84   0x08004e84   0x00000068   Code   RO          376    i.MX_USART3_UART_Init  usart.o
    0x08004eec   0x08004eec   0x00000002   Code   RO          430    i.NMI_Handler       stm32h7xx_it.o
    0x08004eee   0x08004eee   0x00000002   PAD
    0x08004ef0   0x08004ef0   0x00000068   Code   RO         4657    i.PosDtctDevice_Init  extidevice.o
    0x08004f58   0x08004f58   0x00000120   Code   RO          808    i.RCCEx_PLL2_Config  stm32h7xx_hal_rcc_ex.o
    0x08005078   0x08005078   0x00000120   Code   RO          809    i.RCCEx_PLL3_Config  stm32h7xx_hal_rcc_ex.o
    0x08005198   0x08005198   0x00000012   Code   RO         5123    i.SysTick_Handler   board.o
    0x080051aa   0x080051aa   0x00000002   PAD
    0x080051ac   0x080051ac   0x000000ac   Code   RO           14    i.SystemClock_Config  main.o
    0x08005258   0x08005258   0x00000148   Code   RO         4433    i.SystemCoreClockUpdate  system_stm32h7xx.o
    0x080053a0   0x080053a0   0x000000e4   Code   RO         4434    i.SystemInit        system_stm32h7xx.o
    0x08005484   0x08005484   0x000000c4   Code   RO         3026    i.TIM_Base_SetConfig  stm32h7xx_hal_tim.o
    0x08005548   0x08005548   0x0000001a   Code   RO         3027    i.TIM_CCxChannelCmd  stm32h7xx_hal_tim.o
    0x08005562   0x08005562   0x00000012   Code   RO         3037    i.TIM_ETR_SetConfig  stm32h7xx_hal_tim.o
    0x08005574   0x08005574   0x00000014   Code   RO         3038    i.TIM_ITRx_SetConfig  stm32h7xx_hal_tim.o
    0x08005588   0x08005588   0x000000a8   Code   RO         3039    i.TIM_OC1_SetConfig  stm32h7xx_hal_tim.o
    0x08005630   0x08005630   0x00000098   Code   RO         3040    i.TIM_OC2_SetConfig  stm32h7xx_hal_tim.o
    0x080056c8   0x080056c8   0x0000008c   Code   RO         3041    i.TIM_OC3_SetConfig  stm32h7xx_hal_tim.o
    0x08005754   0x08005754   0x0000006c   Code   RO         3042    i.TIM_OC4_SetConfig  stm32h7xx_hal_tim.o
    0x080057c0   0x080057c0   0x0000006c   Code   RO         3043    i.TIM_OC5_SetConfig  stm32h7xx_hal_tim.o
    0x0800582c   0x0800582c   0x0000006c   Code   RO         3044    i.TIM_OC6_SetConfig  stm32h7xx_hal_tim.o
    0x08005898   0x08005898   0x00000022   Code   RO         3046    i.TIM_TI1_ConfigInputStage  stm32h7xx_hal_tim.o
    0x080058ba   0x080058ba   0x00000024   Code   RO         3048    i.TIM_TI2_ConfigInputStage  stm32h7xx_hal_tim.o
    0x080058de   0x080058de   0x00000002   PAD
    0x080058e0   0x080058e0   0x00000064   Code   RO         4350    i.UARTEx_SetNbDataToProcess  stm32h7xx_hal_uart_ex.o
    0x08005944   0x08005944   0x000000c8   Code   RO         3980    i.UART_AdvFeatureConfig  stm32h7xx_hal_uart.o
    0x08005a0c   0x08005a0c   0x0000005e   Code   RO         3981    i.UART_CheckIdleState  stm32h7xx_hal_uart.o
    0x08005a6a   0x08005a6a   0x00000014   Code   RO         3982    i.UART_DMAAbortOnError  stm32h7xx_hal_uart.o
    0x08005a7e   0x08005a7e   0x0000004e   Code   RO         3983    i.UART_DMAError     stm32h7xx_hal_uart.o
    0x08005acc   0x08005acc   0x0000003c   Code   RO         3984    i.UART_DMAReceiveCplt  stm32h7xx_hal_uart.o
    0x08005b08   0x08005b08   0x0000000a   Code   RO         3986    i.UART_DMARxHalfCplt  stm32h7xx_hal_uart.o
    0x08005b12   0x08005b12   0x0000002e   Code   RO         3988    i.UART_DMATransmitCplt  stm32h7xx_hal_uart.o
    0x08005b40   0x08005b40   0x0000000a   Code   RO         3990    i.UART_DMATxHalfCplt  stm32h7xx_hal_uart.o
    0x08005b4a   0x08005b4a   0x00000002   PAD
    0x08005b4c   0x08005b4c   0x00000028   Code   RO         3992    i.UART_EndRxTransfer  stm32h7xx_hal_uart.o
    0x08005b74   0x08005b74   0x0000001c   Code   RO         3993    i.UART_EndTxTransfer  stm32h7xx_hal_uart.o
    0x08005b90   0x08005b90   0x000003b0   Code   RO         3998    i.UART_SetConfig    stm32h7xx_hal_uart.o
    0x08005f40   0x08005f40   0x000000a4   Code   RO         4003    i.UART_WaitOnFlagUntilTimeout  stm32h7xx_hal_uart.o
    0x08005fe4   0x08005fe4   0x0000000c   Code   RO          431    i.USART1_IRQHandler  stm32h7xx_it.o
    0x08005ff0   0x08005ff0   0x0000004c   Code   RO         4588    i.USART3_IRQHandler  uartfinshchario.o
    0x0800603c   0x0800603c   0x00000002   Code   RO          432    i.UsageFault_Handler  stm32h7xx_it.o
    0x0800603e   0x0800603e   0x00000022   Code   RO          558    i.__NVIC_SetPriority  stm32h7xx_hal_cortex.o
    0x08006060   0x08006060   0x00000044   Code   RO         5412    i.__rt_ffs          kservice.o
    0x080060a4   0x080060a4   0x00000014   Code   RO         5249    i._has_defunct_thread  idle.o
    0x080060b8   0x080060b8   0x0000009c   Code   RO         5068    i._msh_exec_cmd     msh.o
    0x08006154   0x08006154   0x00000074   Code   RO         5689    i._rt_thread_init   thread.o
    0x080061c8   0x080061c8   0x00000012   Code   RO         5797    i._rt_timer_remove  timer.o
    0x080061da   0x080061da   0x00000002   PAD
    0x080061dc   0x080061dc   0x00000034   Code   RO         4688    i.beginPWM          ui.o
    0x08006210   0x08006210   0x00000004   Code   RO         4689    i.brushScan         ui.o
    0x08006214   0x08006214   0x0000002e   Code   RO         4747    i.brushScanOnce     garbagethrow.o
    0x08006242   0x08006242   0x00000002   PAD
    0x08006244   0x08006244   0x000000e8   Code   RO         5872    i.bus_fault_track   cpuport.o
    0x0800632c   0x0800632c   0x0000000a   Code   RO         5069    i.cmd_ps            msh.o
    0x08006336   0x08006336   0x00000002   PAD
    0x08006338   0x08006338   0x00000060   Code   RO         4883    i.finsh_get_prompt  shell.o
    0x08006398   0x08006398   0x00000018   Code   RO         4886    i.finsh_set_prompt_mode  shell.o
    0x080063b0   0x080063b0   0x0000000c   Code   RO         4887    i.finsh_system_function_init  shell.o
    0x080063bc   0x080063bc   0x00000078   Code   RO         4888    i.finsh_system_init  shell.o
    0x08006434   0x08006434   0x00000298   Code   RO         4890    i.finsh_thread_entry  shell.o
    0x080066cc   0x080066cc   0x000000a4   Code   RO         4690    i.fixDetector       ui.o
    0x08006770   0x08006770   0x00000078   Code   RO         5873    i.hard_fault_track  cpuport.o
    0x080067e8   0x080067e8   0x0000000c   Code   RO         4846    i.heightDetect      loaddetect.o
    0x080067f4   0x080067f4   0x00000020   Code   RO         4972    i.hello             cmd.o
    0x08006814   0x08006814   0x00000054   Code   RO         4973    i.list              cmd.o
    0x08006868   0x08006868   0x00000024   Code   RO         4974    i.list_find_init    cmd.o
    0x0800688c   0x0800688c   0x00000066   Code   RO         4975    i.list_get_next     cmd.o
    0x080068f2   0x080068f2   0x00000002   PAD
    0x080068f4   0x080068f4   0x00000140   Code   RO         4976    i.list_mailbox      cmd.o
    0x08006a34   0x08006a34   0x0000011c   Code   RO         4977    i.list_sem          cmd.o
    0x08006b50   0x08006b50   0x000001bc   Code   RO         4978    i.list_thread       cmd.o
    0x08006d0c   0x08006d0c   0x00000140   Code   RO         4979    i.list_timer        cmd.o
    0x08006e4c   0x08006e4c   0x0000001c   Code   RO           15    i.main              main.o
    0x08006e68   0x08006e68   0x0000000e   Code   RO         5181    i.main_thread_entry  components.o
    0x08006e76   0x08006e76   0x00000002   PAD
    0x08006e78   0x08006e78   0x000000d8   Code   RO         5874    i.mem_manage_fault_track  cpuport.o
    0x08006f50   0x08006f50   0x000000ac   Code   RO         5070    i.msh_auto_complete  msh.o
    0x08006ffc   0x08006ffc   0x00000064   Code   RO         5071    i.msh_exec          msh.o
    0x08007060   0x08007060   0x0000006c   Code   RO         5072    i.msh_help          msh.o
    0x080070cc   0x080070cc   0x00000004   Code   RO         5073    i.msh_is_used       msh.o
    0x080070d0   0x080070d0   0x000000d0   Code   RO         5074    i.msh_split         msh.o
    0x080071a0   0x080071a0   0x00000032   Code   RO         4470    i.myBSPInit         bspinit.o
    0x080071d2   0x080071d2   0x00000002   PAD
    0x080071d4   0x080071d4   0x00000018   Code   RO         4980    i.object_split      cmd.o
    0x080071ec   0x080071ec   0x00000134   Code   RO         5414    i.print_number      kservice.o
    0x08007320   0x08007320   0x0000003c   Code   RO         5182    i.rt_application_init  components.o
    0x0800735c   0x0800735c   0x0000001c   Code   RO         5183    i.rt_components_board_init  components.o
    0x08007378   0x08007378   0x0000001c   Code   RO         5184    i.rt_components_init  components.o
    0x08007394   0x08007394   0x0000001c   Code   RO         5628    i.rt_enter_critical  scheduler.o
    0x080073b0   0x080073b0   0x00000038   Code   RO         5629    i.rt_exit_critical  scheduler.o
    0x080073e8   0x080073e8   0x00000040   Code   RO         5124    i.rt_hw_board_init  board.o
    0x08007428   0x08007428   0x0000002c   Code   RO         4589    i.rt_hw_console_getchar  uartfinshchario.o
    0x08007454   0x08007454   0x0000001c   Code   RO         4590    i.rt_hw_console_output  uartfinshchario.o
    0x08007470   0x08007470   0x00000218   Code   RO         5878    i.rt_hw_hard_fault_exception  cpuport.o
    0x08007688   0x08007688   0x00000038   Code   RO         5879    i.rt_hw_stack_init  cpuport.o
    0x080076c0   0x080076c0   0x0000001c   Code   RO         5385    i.rt_interrupt_enter  irq.o
    0x080076dc   0x080076dc   0x0000001c   Code   RO         5387    i.rt_interrupt_leave  irq.o
    0x080076f8   0x080076f8   0x00000052   Code   RO         5290    i.rt_ipc_list_suspend  ipc.o
    0x0800774a   0x0800774a   0x00000002   PAD
    0x0800774c   0x0800774c   0x00000020   Code   RO         5417    i.rt_kprintf        kservice.o
    0x0800776c   0x0800776c   0x0000000e   Code   RO         5690    i.rt_list_insert_after  thread.o
    0x0800777a   0x0800777a   0x0000000e   Code   RO         5798    i.rt_list_insert_after  timer.o
    0x08007788   0x08007788   0x0000000e   Code   RO         5291    i.rt_list_insert_before  ipc.o
    0x08007796   0x08007796   0x00000012   Code   RO         4981    i.rt_list_len       cmd.o
    0x080077a8   0x080077a8   0x00000012   Code   RO         5691    i.rt_list_remove    thread.o
    0x080077ba   0x080077ba   0x00000034   Code   RO         5294    i.rt_mb_init        ipc.o
    0x080077ee   0x080077ee   0x000000f2   Code   RO         5295    i.rt_mb_recv        ipc.o
    0x080078e0   0x080078e0   0x00000006   Code   RO         5296    i.rt_mb_send        ipc.o
    0x080078e6   0x080078e6   0x000000ec   Code   RO         5297    i.rt_mb_send_wait   ipc.o
    0x080079d2   0x080079d2   0x00000002   PAD
    0x080079d4   0x080079d4   0x00000032   Code   RO         5421    i.rt_memmove        kservice.o
    0x08007a06   0x08007a06   0x00000042   Code   RO         5422    i.rt_memset         kservice.o
    0x08007a48   0x08007a48   0x00000024   Code   RO         5574    i.rt_object_detach  object.o
    0x08007a6c   0x08007a6c   0x00000024   Code   RO         5576    i.rt_object_get_information  object.o
    0x08007a90   0x08007a90   0x00000052   Code   RO         5578    i.rt_object_init    object.o
    0x08007ae2   0x08007ae2   0x0000000e   Code   RO         5579    i.rt_object_is_systemobject  object.o
    0x08007af0   0x08007af0   0x0000003a   Code   RO         4591    i.rt_ringbuffer_data_len  uartfinshchario.o
    0x08007b2a   0x08007b2a   0x00000046   Code   RO         4592    i.rt_ringbuffer_getchar  uartfinshchario.o
    0x08007b70   0x08007b70   0x00000026   Code   RO         4593    i.rt_ringbuffer_init  uartfinshchario.o
    0x08007b96   0x08007b96   0x0000004a   Code   RO         4594    i.rt_ringbuffer_putchar  uartfinshchario.o
    0x08007be0   0x08007be0   0x00000058   Code   RO         5630    i.rt_schedule       scheduler.o
    0x08007c38   0x08007c38   0x00000050   Code   RO         5631    i.rt_schedule_insert_thread  scheduler.o
    0x08007c88   0x08007c88   0x00000048   Code   RO         5632    i.rt_schedule_remove_thread  scheduler.o
    0x08007cd0   0x08007cd0   0x00000024   Code   RO         5300    i.rt_sem_init       ipc.o
    0x08007cf4   0x08007cf4   0x00000036   Code   RO         5301    i.rt_sem_release    ipc.o
    0x08007d2a   0x08007d2a   0x0000006e   Code   RO         5302    i.rt_sem_take       ipc.o
    0x08007d98   0x08007d98   0x000000b0   Code   RO         5424    i.rt_show_version   kservice.o
    0x08007e48   0x08007e48   0x00000010   Code   RO         5429    i.rt_strlen         kservice.o
    0x08007e58   0x08007e58   0x00000026   Code   RO         5431    i.rt_strncpy        kservice.o
    0x08007e7e   0x08007e7e   0x00000002   PAD
    0x08007e80   0x08007e80   0x00000034   Code   RO         5633    i.rt_system_scheduler_init  scheduler.o
    0x08007eb4   0x08007eb4   0x00000028   Code   RO         5634    i.rt_system_scheduler_start  scheduler.o
    0x08007edc   0x08007edc   0x0000000c   Code   RO         5799    i.rt_system_timer_init  timer.o
    0x08007ee8   0x08007ee8   0x00000002   Code   RO         5800    i.rt_system_timer_thread_init  timer.o
    0x08007eea   0x08007eea   0x00000002   PAD
    0x08007eec   0x08007eec   0x00000058   Code   RO         5695    i.rt_thread_exit    thread.o
    0x08007f44   0x08007f44   0x00000006   Code   RO         5250    i.rt_thread_idle_entry  idle.o
    0x08007f4a   0x08007f4a   0x00000002   PAD
    0x08007f4c   0x08007f4c   0x0000006c   Code   RO         5251    i.rt_thread_idle_excute  idle.o
    0x08007fb8   0x08007fb8   0x00000038   Code   RO         5253    i.rt_thread_idle_init  idle.o
    0x08007ff0   0x08007ff0   0x00000030   Code   RO         5697    i.rt_thread_init    thread.o
    0x08008020   0x08008020   0x0000000e   Code   RO         5698    i.rt_thread_mdelay  thread.o
    0x0800802e   0x0800802e   0x0000003c   Code   RO         5699    i.rt_thread_resume  thread.o
    0x0800806a   0x0800806a   0x00000002   PAD
    0x0800806c   0x0800806c   0x0000000c   Code   RO         5700    i.rt_thread_self    thread.o
    0x08008078   0x08008078   0x00000040   Code   RO         5701    i.rt_thread_sleep   thread.o
    0x080080b8   0x080080b8   0x0000002c   Code   RO         5702    i.rt_thread_startup  thread.o
    0x080080e4   0x080080e4   0x00000042   Code   RO         5703    i.rt_thread_suspend  thread.o
    0x08008126   0x08008126   0x0000001e   Code   RO         5704    i.rt_thread_timeout  thread.o
    0x08008144   0x08008144   0x00000060   Code   RO         5705    i.rt_thread_yield   thread.o
    0x080081a4   0x080081a4   0x00000034   Code   RO         5143    i.rt_tick_from_millisecond  clock.o
    0x080081d8   0x080081d8   0x0000000c   Code   RO         5144    i.rt_tick_get       clock.o
    0x080081e4   0x080081e4   0x0000002c   Code   RO         5145    i.rt_tick_increase  clock.o
    0x08008210   0x08008210   0x00000068   Code   RO         5801    i.rt_timer_check    timer.o
    0x08008278   0x08008278   0x00000030   Code   RO         5802    i.rt_timer_control  timer.o
    0x080082a8   0x080082a8   0x00000020   Code   RO         5803    i.rt_timer_detach   timer.o
    0x080082c8   0x080082c8   0x00000030   Code   RO         5804    i.rt_timer_init     timer.o
    0x080082f8   0x080082f8   0x0000008c   Code   RO         5806    i.rt_timer_start    timer.o
    0x08008384   0x08008384   0x0000002e   Code   RO         5807    i.rt_timer_stop     timer.o
    0x080083b2   0x080083b2   0x00000002   PAD
    0x080083b4   0x080083b4   0x0000027c   Code   RO         5434    i.rt_vsnprintf      kservice.o
    0x08008630   0x08008630   0x00000004   Code   RO         5185    i.rti_board_end     components.o
    0x08008634   0x08008634   0x00000004   Code   RO         5186    i.rti_board_start   components.o
    0x08008638   0x08008638   0x00000004   Code   RO         5187    i.rti_end           components.o
    0x0800863c   0x0800863c   0x00000004   Code   RO         5188    i.rti_start         components.o
    0x08008640   0x08008640   0x0000002a   Code   RO         5189    i.rtthread_startup  components.o
    0x0800866a   0x0800866a   0x00000002   PAD
    0x0800866c   0x0800866c   0x00000068   Code   RO         4691    i.setEnginePos      ui.o
    0x080086d4   0x080086d4   0x0000006c   Code   RO         4692    i.setEngineSpeed    ui.o
    0x08008740   0x08008740   0x00000030   Code   RO         4982    i.show_wait_queue   cmd.o
    0x08008770   0x08008770   0x00000028   Code   RO         5436    i.skip_atoi         kservice.o
    0x08008798   0x08008798   0x0000002c   Code   RO         4499    i.steerEngine_Init  pwmdevice.o
    0x080087c4   0x080087c4   0x0000003c   Code   RO         4500    i.steerEngine_SetPos  pwmdevice.o
    0x08008800   0x08008800   0x00000048   Code   RO         4501    i.steerEngine_SetSpeed  pwmdevice.o
    0x08008848   0x08008848   0x00000016   Code   RO         4819    i.systemInit        taskinit.o
    0x0800885e   0x0800885e   0x00000002   PAD
    0x08008860   0x08008860   0x000000b4   Code   RO         4786    i.threadEntry_CmdAnalysis  hostservice.o
    0x08008914   0x08008914   0x00000084   Code   RO         4748    i.threadEntry_GarbageThrow  garbagethrow.o
    0x08008998   0x08008998   0x0000009c   Code   RO         4847    i.threadEntry_heightDetect  loaddetect.o
    0x08008a34   0x08008a34   0x000000a8   Code   RO         4787    i.threadInit_CmdAnalysis  hostservice.o
    0x08008adc   0x08008adc   0x00000108   Code   RO         4749    i.threadInit_GarbageThrow  garbagethrow.o
    0x08008be4   0x08008be4   0x0000009c   Code   RO         4848    i.threadInit_heightDetect  loaddetect.o
    0x08008c80   0x08008c80   0x00000034   Code   RO         4546    i.uart4HostInit     uart4host.o
    0x08008cb4   0x08008cb4   0x00000010   Code   RO         4547    i.uart4Host_send    uart4host.o
    0x08008cc4   0x08008cc4   0x000000d0   Code   RO         5880    i.usage_fault_track  cpuport.o
    0x08008d94   0x08008d94   0x0000000a   Code   RO         4983    i.version           cmd.o
    0x08008d9e   0x08008d9e   0x00000002   PAD
    0x08008da0   0x08008da0   0x0000002c   Code   RO         6023    locale$$code        c_w.l(lc_ctype_c.o)
    0x08008dcc   0x08008dcc   0x0000000a   Code   RO         6091    x$fpl$fpinit        fz_wv.l(fpinit.o)
    0x08008dd6   0x08008dd6   0x00000008   Data   RO         1317    .constdata          stm32h7xx_hal_dma.o
    0x08008dde   0x08008dde   0x00000018   Data   RO         4004    .constdata          stm32h7xx_hal_uart.o
    0x08008df6   0x08008df6   0x00000010   Data   RO         4435    .constdata          system_stm32h7xx.o
    0x08008e06   0x08008e06   0x00000002   PAD
    0x08008e08   0x08008e08   0x0000003c   Data   RO         4503    .constdata          pwmdevice.o
    0x08008e44   0x08008e44   0x0000000f   Data   RO         4693    .constdata          ui.o
    0x08008e53   0x08008e53   0x00000015   Data   RO         4694    .constdata          ui.o
    0x08008e68   0x08008e68   0x00000013   Data   RO         4695    .constdata          ui.o
    0x08008e7b   0x08008e7b   0x00000010   Data   RO         4696    .constdata          ui.o
    0x08008e8b   0x08008e8b   0x00000012   Data   RO         4697    .constdata          ui.o
    0x08008e9d   0x08008e9d   0x00000006   Data   RO         4984    .constdata          cmd.o
    0x08008ea3   0x08008ea3   0x00000008   Data   RO         4985    .constdata          cmd.o
    0x08008eab   0x08008eab   0x0000000e   Data   RO         4986    .constdata          cmd.o
    0x08008eb9   0x08008eb9   0x0000000c   Data   RO         4987    .constdata          cmd.o
    0x08008ec5   0x08008ec5   0x00000012   Data   RO         4988    .constdata          cmd.o
    0x08008ed7   0x08008ed7   0x00000009   Data   RO         4989    .constdata          cmd.o
    0x08008ee0   0x08008ee0   0x0000000f   Data   RO         4990    .constdata          cmd.o
    0x08008eef   0x08008eef   0x0000000d   Data   RO         4991    .constdata          cmd.o
    0x08008efc   0x08008efc   0x00000013   Data   RO         4992    .constdata          cmd.o
    0x08008f0f   0x08008f0f   0x0000000b   Data   RO         4993    .constdata          cmd.o
    0x08008f1a   0x08008f1a   0x00000011   Data   RO         4994    .constdata          cmd.o
    0x08008f2b   0x08008f2b   0x00000005   Data   RO         4995    .constdata          cmd.o
    0x08008f30   0x08008f30   0x0000000b   Data   RO         5075    .constdata          msh.o
    0x08008f3b   0x08008f3b   0x00000009   Data   RO         5076    .constdata          msh.o
    0x08008f44   0x08008f44   0x00000122   Data   RO         5438    .constdata          kservice.o
    0x08009066   0x08009066   0x00000002   PAD
    0x08009068   0x08009068   0x00000044   Data   RO         4996    .conststring        cmd.o
    0x080090ac   0x080090ac   0x00000004   Data   RO         5191    .rti_fn.0           components.o
    0x080090b0   0x080090b0   0x00000004   Data   RO         5192    .rti_fn.0.end       components.o
    0x080090b4   0x080090b4   0x00000004   Data   RO         4471    .rti_fn.1           bspinit.o
    0x080090b8   0x080090b8   0x00000004   Data   RO         5193    .rti_fn.1.end       components.o
    0x080090bc   0x080090bc   0x00000004   Data   RO         4820    .rti_fn.6           taskinit.o
    0x080090c0   0x080090c0   0x00000004   Data   RO         4893    .rti_fn.6           shell.o
    0x080090c4   0x080090c4   0x00000004   Data   RO         5194    .rti_fn.6.end       components.o
    0x080090c8   0x080090c8   0x00000028   Data   RO         4698    FSymTab             ui.o
    0x080090f0   0x080090f0   0x00000060   Data   RO         4997    FSymTab             cmd.o
    0x08009150   0x08009150   0x00000010   Data   RO         5077    FSymTab             msh.o
    0x08009160   0x08009160   0x00000020   Data   RO         6147    Region$$Table       anon$$obj.o
    0x08009180   0x08009180   0x00000110   Data   RO         6022    locale$$data        c_w.l(lc_ctype_c.o)


    Execution Region RW_IRAM1 (Exec base: 0x20000000, Load base: 0x08009290, Size: 0x00000000, Max: 0x00020000, ABSOLUTE)

    **** No section assigned to this execution region ****


    Execution Region RW_IRAM2 (Exec base: 0x24000000, Load base: 0x08009290, Size: 0x00001de0, Max: 0x00080000, ABSOLUTE)

    Exec Addr    Load Addr    Size         Type   Attr      Idx    E Section Name        Object

    0x24000000   0x08009290   0x0000000c   Data   RW         2059    .data               stm32h7xx_hal.o
    0x2400000c   0x0800929c   0x00000008   Data   RW         4436    .data               system_stm32h7xx.o
    0x24000014   0x080092a4   0x00000004   Data   RW         4751    .data               garbagethrow.o
    0x24000018   0x080092a8   0x00000010   Data   RW         4789    .data               hostservice.o
    0x24000028   0x080092b8   0x00000008   Data   RW         4850    .data               loaddetect.o
    0x24000030   0x080092c0   0x00000018   Data   RW         4892    .data               shell.o
    0x24000048   0x080092d8   0x00000004   Data   RW         5147    .data               clock.o
    0x2400004c   0x080092dc   0x00000001   Data   RW         5388    .data               irq.o
    0x2400004d   0x080092dd   0x00000003   PAD
    0x24000050   0x080092e0   0x00000040   Data   RW         5581    .data               object.o
    0x24000090   0x08009320   0x00000014   Data   RW         5636    .data               scheduler.o
    0x240000a4   0x08009334   0x0000000c   Data   RW         5808    .data               timer.o
    0x240000b0   0x08009340   0x00000004   Data   RW         5881    .data               cpuport.o
    0x240000b4   0x08009344   0x00000004   Data   RW         5882    .data               cpuport.o
    0x240000b8   0x08009348   0x00000004   Data   RW         5883    .data               cpuport.o
    0x240000bc   0x0800934c   0x00000004   Data   RW         5884    .data               cpuport.o
    0x240000c0        -       0x0000004c   Zero   RW          274    .bss                i2c.o
    0x2400010c        -       0x000000e4   Zero   RW          319    .bss                tim.o
    0x240001f0        -       0x00000208   Zero   RW          377    .bss                usart.o
    0x240003f8        -       0x00000020   Zero   RW         4548    .bss                uart4host.o
    0x24000418        -       0x0000003c   Zero   RW         4595    .bss                uartfinshchario.o
    0x24000454        -       0x000000b0   Zero   RW         4658    .bss                extidevice.o
    0x24000504        -       0x00000328   Zero   RW         4750    .bss                garbagethrow.o
    0x2400082c        -       0x00000278   Zero   RW         4788    .bss                hostservice.o
    0x24000aa4        -       0x00000278   Zero   RW         4849    .bss                loaddetect.o
    0x24000d1c        -       0x00000374   Zero   RW         4891    .bss                shell.o
    0x24001090        -       0x00000478   Zero   RW         5190    .bss                components.o
    0x24001508        -       0x000000f8   Zero   RW         5254    .bss                idle.o
    0x24001600        -       0x00000080   Zero   RW         5437    .bss                kservice.o
    0x24001680        -       0x00000100   Zero   RW         5635    .bss                scheduler.o
    0x24001780        -       0x00000060   Zero   RW         6011    .bss                c_w.l(libspace.o)
    0x240017e0        -       0x00000200   Zero   RW            2    HEAP                startup_stm32h750xx.o
    0x240019e0        -       0x00000400   Zero   RW            1    STACK               startup_stm32h750xx.o


==============================================================================

Image component sizes


      Code (inc. data)   RO Data    RW Data    ZI Data      Debug   Object Name

        82         10          0          0          0       2279   board.o
        50          0          4          0          0       1178   bspinit.o
       108         12          0          4          0       2260   clock.o
      1722        640        311          0          0      15918   cmd.o
       198         32         16          0       1144       7376   components.o
       308         26          0          0          0        936   context_rvds.o
      1368        732          0         16          0       7482   cpuport.o
        76          4          0          0          0        994   dma.o
       168         60          0          0        176       1862   extidevice.o
       442        170          0          4        808       2679   garbagethrow.o
       280         26          0          0          0       1239   gpio.o
       348        188          0         16        632       2010   hostservice.o
       192         26          0          0         76       1929   i2c.o
       190         26          0          0        248       6374   idle.o
       832          0          0          0          0      11546   ipc.o
        56         12          0          1          0       2082   irq.o
      1430        156        290          0        128      12409   kservice.o
       324        114          0          8        632       2346   loaddetect.o
       202         14          0          0          0    1296422   main.o
       758        152         36          0          0       7965   msh.o
       168          6          0         64          0       7080   object.o
       176         36         60          0          0       2668   pwmdevice.o
       416         56          0         20        256       9382   scheduler.o
       916        120          4         24        884      11115   shell.o
        64         26        664          0       1536        872   startup_stm32h750xx.o
       180         36          0         12          0      22482   stm32h7xx_hal.o
       232         12          0          0          0      39869   stm32h7xx_hal_cortex.o
      5132        218          8          0          0      11082   stm32h7xx_hal_dma.o
       618         50          0          0          0       4791   stm32h7xx_hal_gpio.o
       184          4          0          0          0       3035   stm32h7xx_hal_i2c.o
       172          0          0          0          0       2175   stm32h7xx_hal_i2c_ex.o
        32          4          0          0          0        998   stm32h7xx_hal_msp.o
        84          6          0          0          0        817   stm32h7xx_hal_pwr_ex.o
      2344        108          0          0          0       7312   stm32h7xx_hal_rcc.o
      3494        114          0          0          0       8113   stm32h7xx_hal_rcc_ex.o
      2062        212          0          0          0      15188   stm32h7xx_hal_tim.o
       312         34          0          0          0       2540   stm32h7xx_hal_tim_ex.o
      2766        150         24          0          0      36730   stm32h7xx_hal_uart.o
       322         18          0          0          0       5726   stm32h7xx_hal_uart_ex.o
        76         18          0          0          0       5938   stm32h7xx_it.o
       556         78         16          8          0       2662   system_stm32h7xx.o
        22          0          4          0          0       1204   taskinit.o
       670         44          0          0          0      12854   thread.o
       704         62          0          0        228       4346   tim.o
       464         14          0         12          0      11204   timer.o
        92         38          0          0         32       2774   uart4host.o
       452         40          0          0         60       6283   uartfinshchario.o
       432        156        129          0          0       4444   ui.o
       520         54          0          0        520       2961   usart.o

    ----------------------------------------------------------------------
     32850       4114       1602        192       7360    1633931   Object Totals
         0          0         32          0          0          0   (incl. Generated)
        54          0          4          3          0          0   (incl. Padding)

    ----------------------------------------------------------------------

      Code (inc. data)   RO Data    RW Data    ZI Data      Debug   Library Member Name

        60          8          0          0          0         84   __0sscanf.o
         8          0          0          0          0         68   __main.o
         0          0          0          0          0          0   __rtentry.o
        12          0          0          0          0          0   __rtentry2.o
         6          0          0          0          0          0   __rtentry4.o
        52          8          0          0          0          0   __scatter.o
        26          0          0          0          0          0   __scatter_copy.o
        28          0          0          0          0          0   __scatter_zi.o
        28          0          0          0          0         68   _chval.o
       884          6          0          0          0        100   _scanf.o
       332          0          0          0          0         96   _scanf_int.o
        64          0          0          0          0         84   _sgetc.o
        18          0          0          0          0         80   exit.o
         6          0          0          0          0        152   heapauxi.o
         0          0          0          0          0          0   indicate_semi.o
        18          0          0          0          0         76   isspace.o
        44         10        272          0          0         76   lc_ctype_c.o
         2          0          0          0          0          0   libinit.o
        24          0          0          0          0          0   libinit2.o
         2          0          0          0          0          0   libshutdown.o
         2          0          0          0          0          0   libshutdown2.o
         8          4          0          0         96         68   libspace.o
       238          0          0          0          0        100   lludivv7m.o
        16          4          0          0          0         76   rt_ctype_table.o
         8          4          0          0          0         68   rt_locale_intlibspace.o
        68          0          0          0          0         68   rt_memclr.o
        78          0          0          0          0         80   rt_memclr_w.o
       100          0          0          0          0         80   rt_memcpy_w.o
         2          0          0          0          0          0   rtexit.o
        10          0          0          0          0          0   rtexit2.o
        44          8          0          0          0         84   scanf_char.o
        24          0          0          0          0         68   strcat.o
       104          0          0          0          0         68   strcmpv7m_pel.o
        72          0          0          0          0         80   strcpy.o
        62          0          0          0          0         76   strlen.o
       150          0          0          0          0         80   strncmp.o
        86          0          0          0          0         76   strncpy.o
        12          4          0          0          0         68   sys_exit.o
        74          0          0          0          0         80   sys_stackheap_outer.o
         2          0          0          0          0         68   use_no_semi.o
        10          0          0          0          0        116   fpinit.o

    ----------------------------------------------------------------------
      2796         56        272          0         96       2288   Library Totals
        12          0          0          0          0          0   (incl. Padding)

    ----------------------------------------------------------------------

      Code (inc. data)   RO Data    RW Data    ZI Data      Debug   Library Name

      2774         56        272          0         96       2172   c_w.l
        10          0          0          0          0        116   fz_wv.l

    ----------------------------------------------------------------------
      2796         56        272          0         96       2288   Library Totals

    ----------------------------------------------------------------------

==============================================================================


      Code (inc. data)   RO Data    RW Data    ZI Data      Debug   

     35646       4170       1874        192       7456    1610723   Grand Totals
     35646       4170       1874        192       7456    1610723   ELF Image Totals
     35646       4170       1874        192          0          0   ROM Totals

==============================================================================

    Total RO  Size (Code + RO Data)                37520 (  36.64kB)
    Total RW  Size (RW Data + ZI Data)              7648 (   7.47kB)
    Total ROM Size (Code + RO Data + RW Data)      37712 (  36.83kB)

==============================================================================

